Archive member included to satisfy reference by file (symbol)

C:/ST/STM32CubeIDE_1.19.0/STM32CubeIDE/plugins/com.st.stm32cube.ide.mcu.externaltools.gnu-tools-for-stm32.13.3.rel1.win32_1.0.0.202411081344/tools/bin/../lib/gcc/arm-none-eabi/13.3.1/../../../../arm-none-eabi/lib/thumb/v7e-m+fp/hard\libc_nano.a(libc_a-exit.o)
                              C:/ST/STM32CubeIDE_1.19.0/STM32CubeIDE/plugins/com.st.stm32cube.ide.mcu.externaltools.gnu-tools-for-stm32.13.3.rel1.win32_1.0.0.202411081344/tools/bin/../lib/gcc/arm-none-eabi/13.3.1/../../../../arm-none-eabi/lib/thumb/v7e-m+fp/hard/crt0.o (exit)
C:/ST/STM32CubeIDE_1.19.0/STM32CubeIDE/plugins/com.st.stm32cube.ide.mcu.externaltools.gnu-tools-for-stm32.13.3.rel1.win32_1.0.0.202411081344/tools/bin/../lib/gcc/arm-none-eabi/13.3.1/../../../../arm-none-eabi/lib/thumb/v7e-m+fp/hard\libc_nano.a(libc_a-findfp.o)
                              C:/ST/STM32CubeIDE_1.19.0/STM32CubeIDE/plugins/com.st.stm32cube.ide.mcu.externaltools.gnu-tools-for-stm32.13.3.rel1.win32_1.0.0.202411081344/tools/bin/../lib/gcc/arm-none-eabi/13.3.1/../../../../arm-none-eabi/lib/thumb/v7e-m+fp/hard\libc_nano.a(libc_a-exit.o) (__stdio_exit_handler)
C:/ST/STM32CubeIDE_1.19.0/STM32CubeIDE/plugins/com.st.stm32cube.ide.mcu.externaltools.gnu-tools-for-stm32.13.3.rel1.win32_1.0.0.202411081344/tools/bin/../lib/gcc/arm-none-eabi/13.3.1/../../../../arm-none-eabi/lib/thumb/v7e-m+fp/hard\libc_nano.a(libc_a-fwalk.o)
                              C:/ST/STM32CubeIDE_1.19.0/STM32CubeIDE/plugins/com.st.stm32cube.ide.mcu.externaltools.gnu-tools-for-stm32.13.3.rel1.win32_1.0.0.202411081344/tools/bin/../lib/gcc/arm-none-eabi/13.3.1/../../../../arm-none-eabi/lib/thumb/v7e-m+fp/hard\libc_nano.a(libc_a-findfp.o) (_fwalk_sglue)
C:/ST/STM32CubeIDE_1.19.0/STM32CubeIDE/plugins/com.st.stm32cube.ide.mcu.externaltools.gnu-tools-for-stm32.13.3.rel1.win32_1.0.0.202411081344/tools/bin/../lib/gcc/arm-none-eabi/13.3.1/../../../../arm-none-eabi/lib/thumb/v7e-m+fp/hard\libc_nano.a(libc_a-stdio.o)
                              C:/ST/STM32CubeIDE_1.19.0/STM32CubeIDE/plugins/com.st.stm32cube.ide.mcu.externaltools.gnu-tools-for-stm32.13.3.rel1.win32_1.0.0.202411081344/tools/bin/../lib/gcc/arm-none-eabi/13.3.1/../../../../arm-none-eabi/lib/thumb/v7e-m+fp/hard\libc_nano.a(libc_a-findfp.o) (__sread)
C:/ST/STM32CubeIDE_1.19.0/STM32CubeIDE/plugins/com.st.stm32cube.ide.mcu.externaltools.gnu-tools-for-stm32.13.3.rel1.win32_1.0.0.202411081344/tools/bin/../lib/gcc/arm-none-eabi/13.3.1/../../../../arm-none-eabi/lib/thumb/v7e-m+fp/hard\libc_nano.a(libc_a-memset.o)
                              C:/ST/STM32CubeIDE_1.19.0/STM32CubeIDE/plugins/com.st.stm32cube.ide.mcu.externaltools.gnu-tools-for-stm32.13.3.rel1.win32_1.0.0.202411081344/tools/bin/../lib/gcc/arm-none-eabi/13.3.1/../../../../arm-none-eabi/lib/thumb/v7e-m+fp/hard/crt0.o (memset)
C:/ST/STM32CubeIDE_1.19.0/STM32CubeIDE/plugins/com.st.stm32cube.ide.mcu.externaltools.gnu-tools-for-stm32.13.3.rel1.win32_1.0.0.202411081344/tools/bin/../lib/gcc/arm-none-eabi/13.3.1/../../../../arm-none-eabi/lib/thumb/v7e-m+fp/hard\libc_nano.a(libc_a-clock.o)
                              ./Core/Src/main.o (clock)
C:/ST/STM32CubeIDE_1.19.0/STM32CubeIDE/plugins/com.st.stm32cube.ide.mcu.externaltools.gnu-tools-for-stm32.13.3.rel1.win32_1.0.0.202411081344/tools/bin/../lib/gcc/arm-none-eabi/13.3.1/../../../../arm-none-eabi/lib/thumb/v7e-m+fp/hard\libc_nano.a(libc_a-closer.o)
                              C:/ST/STM32CubeIDE_1.19.0/STM32CubeIDE/plugins/com.st.stm32cube.ide.mcu.externaltools.gnu-tools-for-stm32.13.3.rel1.win32_1.0.0.202411081344/tools/bin/../lib/gcc/arm-none-eabi/13.3.1/../../../../arm-none-eabi/lib/thumb/v7e-m+fp/hard\libc_nano.a(libc_a-stdio.o) (_close_r)
C:/ST/STM32CubeIDE_1.19.0/STM32CubeIDE/plugins/com.st.stm32cube.ide.mcu.externaltools.gnu-tools-for-stm32.13.3.rel1.win32_1.0.0.202411081344/tools/bin/../lib/gcc/arm-none-eabi/13.3.1/../../../../arm-none-eabi/lib/thumb/v7e-m+fp/hard\libc_nano.a(libc_a-reent.o)
                              C:/ST/STM32CubeIDE_1.19.0/STM32CubeIDE/plugins/com.st.stm32cube.ide.mcu.externaltools.gnu-tools-for-stm32.13.3.rel1.win32_1.0.0.202411081344/tools/bin/../lib/gcc/arm-none-eabi/13.3.1/../../../../arm-none-eabi/lib/thumb/v7e-m+fp/hard\libc_nano.a(libc_a-closer.o) (errno)
C:/ST/STM32CubeIDE_1.19.0/STM32CubeIDE/plugins/com.st.stm32cube.ide.mcu.externaltools.gnu-tools-for-stm32.13.3.rel1.win32_1.0.0.202411081344/tools/bin/../lib/gcc/arm-none-eabi/13.3.1/../../../../arm-none-eabi/lib/thumb/v7e-m+fp/hard\libc_nano.a(libc_a-impure.o)
                              C:/ST/STM32CubeIDE_1.19.0/STM32CubeIDE/plugins/com.st.stm32cube.ide.mcu.externaltools.gnu-tools-for-stm32.13.3.rel1.win32_1.0.0.202411081344/tools/bin/../lib/gcc/arm-none-eabi/13.3.1/../../../../arm-none-eabi/lib/thumb/v7e-m+fp/hard\libc_nano.a(libc_a-clock.o) (_impure_ptr)
[...]
Memory Configuration

Name             Origin             Length             Attributes
CCMRAM           0x10000000         0x00010000         xr
RAM              0x20000000         0x00020000         xr
FLASH            0x08000000         0x00100000         xr
*default*        0x00000000         0xffffffff

Linker script and memory map

LOAD C:/ST/STM32CubeIDE_1.19.0/STM32CubeIDE/plugins/com.st.stm32cube.ide.mcu.externaltools.gnu-tools-for-stm32.13.3.rel1.win32_1.0.0.202411081344/tools/bin/../lib/gcc/arm-none-eabi/13.3.1/thumb/v7e-m+fp/hard/crti.o
LOAD C:/ST/STM32CubeIDE_1.19.0/STM32CubeIDE/plugins/com.st.stm32cube.ide.mcu.externaltools.gnu-tools-for-stm32.13.3.rel1.win32_1.0.0.202411081344/tools/bin/../lib/gcc/arm-none-eabi/13.3.1/thumb/v7e-m+fp/hard/crtbegin.o
LOAD C:/ST/STM32CubeIDE_1.19.0/STM32CubeIDE/plugins/com.st.stm32cube.ide.mcu.externaltools.gnu-tools-for-stm32.13.3.rel1.win32_1.0.0.202411081344/tools/bin/../lib/gcc/arm-none-eabi/13.3.1/../../../../arm-none-eabi/lib/thumb/v7e-m+fp/hard/crt0.o
LOAD ./Core/Src/Fusion/FusionAhrs.o
LOAD ./Core/Src/Fusion/FusionCompass.o
LOAD ./Core/Src/Fusion/FusionOffset.o
LOAD ./Core/Src/freertos.o
LOAD ./Core/Src/icm42688p.o
LOAD ./Core/Src/main.o
LOAD ./Core/Src/stm32f4xx_hal_msp.o
LOAD ./Core/Src/stm32f4xx_it.o
LOAD ./Core/Src/syscalls.o
LOAD ./Core/Src/sysmem.o
LOAD ./Core/Src/system_stm32f4xx.o
LOAD ./Core/Startup/startup_stm32f405rgtx.o
LOAD ./Drivers/STM32F4xx_HAL_Driver/Src/stm32f4xx_hal.o
LOAD ./Drivers/STM32F4xx_HAL_Driver/Src/stm32f4xx_hal_cortex.o
LOAD ./Drivers/STM32F4xx_HAL_Driver/Src/stm32f4xx_hal_crc.o
LOAD ./Drivers/STM32F4xx_HAL_Driver/Src/stm32f4xx_hal_dma.o
LOAD ./Drivers/STM32F4xx_HAL_Driver/Src/stm32f4xx_hal_dma_ex.o
LOAD ./Drivers/STM32F4xx_HAL_Driver/Src/stm32f4xx_hal_exti.o
LOAD ./Drivers/STM32F4xx_HAL_Driver/Src/stm32f4xx_hal_flash.o
LOAD ./Drivers/STM32F4xx_HAL_Driver/Src/stm32f4xx_hal_flash_ex.o
LOAD ./Drivers/STM32F4xx_HAL_Driver/Src/stm32f4xx_hal_flash_ramfunc.o
LOAD ./Drivers/STM32F4xx_HAL_Driver/Src/stm32f4xx_hal_gpio.o
LOAD ./Drivers/STM32F4xx_HAL_Driver/Src/stm32f4xx_hal_pwr.o
LOAD ./Drivers/STM32F4xx_HAL_Driver/Src/stm32f4xx_hal_pwr_ex.o
LOAD ./Drivers/STM32F4xx_HAL_Driver/Src/stm32f4xx_hal_rcc.o
LOAD ./Drivers/STM32F4xx_HAL_Driver/Src/stm32f4xx_hal_rcc_ex.o
LOAD ./Drivers/STM32F4xx_HAL_Driver/Src/stm32f4xx_hal_spi.o
LOAD ./Drivers/STM32F4xx_HAL_Driver/Src/stm32f4xx_hal_tim.o
LOAD ./Drivers/STM32F4xx_HAL_Driver/Src/stm32f4xx_hal_tim_ex.o
LOAD ./Drivers/STM32F4xx_HAL_Driver/Src/stm32f4xx_hal_uart.o
LOAD ./Middlewares/Third_Party/FreeRTOS/Source/CMSIS_RTOS_V2/cmsis_os2.o
LOAD ./Middlewares/Third_Party/FreeRTOS/Source/croutine.o
LOAD ./Middlewares/Third_Party/FreeRTOS/Source/event_groups.o
LOAD ./Middlewares/Third_Party/FreeRTOS/Source/list.o
LOAD ./Middlewares/Third_Party/FreeRTOS/Source/queue.o
LOAD ./Middlewares/Third_Party/FreeRTOS/Source/stream_buffer.o
LOAD ./Middlewares/Third_Party/FreeRTOS/Source/tasks.o
LOAD ./Middlewares/Third_Party/FreeRTOS/Source/timers.o
LOAD ./Middlewares/Third_Party/FreeRTOS/Source/portable/GCC/ARM_CM4F/port.o
LOAD ./Middlewares/Third_Party/FreeRTOS/Source/portable/MemMang/heap_4.o
START GROUP
LOAD C:/ST/STM32CubeIDE_1.19.0/STM32CubeIDE/plugins/com.st.stm32cube.ide.mcu.externaltools.gnu-tools-for-stm32.13.3.rel1.win32_1.0.0.202411081344/tools/bin/../lib/gcc/arm-none-eabi/13.3.1/../../../../arm-none-eabi/lib/thumb/v7e-m+fp/hard\libc_nano.a
LOAD C:/ST/STM32CubeIDE_1.19.0/STM32CubeIDE/plugins/com.st.stm32cube.ide.mcu.externaltools.gnu-tools-for-stm32.13.3.rel1.win32_1.0.0.202411081344/tools/bin/../lib/gcc/arm-none-eabi/13.3.1/../../../../arm-none-eabi/lib/thumb/v7e-m+fp/hard\libm.a
END GROUP
START GROUP
LOAD C:/ST/STM32CubeIDE_1.19.0/STM32CubeIDE/plugins/com.st.stm32cube.ide.mcu.externaltools.gnu-tools-for-stm32.13.3.rel1.win32_1.0.0.202411081344/tools/bin/../lib/gcc/arm-none-eabi/13.3.1/thumb/v7e-m+fp/hard\libgcc.a
LOAD C:/ST/STM32CubeIDE_1.19.0/STM32CubeIDE/plugins/com.st.stm32cube.ide.mcu.externaltools.gnu-tools-for-stm32.13.3.rel1.win32_1.0.0.202411081344/tools/bin/../lib/gcc/arm-none-eabi/13.3.1/../../../../arm-none-eabi/lib/thumb/v7e-m+fp/hard\libc_nano.a
END GROUP
START GROUP
LOAD C:/ST/STM32CubeIDE_1.19.0/STM32CubeIDE/plugins/com.st.stm32cube.ide.mcu.externaltools.gnu-tools-for-stm32.13.3.rel1.win32_1.0.0.202411081344/tools/bin/../lib/gcc/arm-none-eabi/13.3.1/thumb/v7e-m+fp/hard\libgcc.a
LOAD C:/ST/STM32CubeIDE_1.19.0/STM32CubeIDE/plugins/com.st.stm32cube.ide.mcu.externaltools.gnu-tools-for-stm32.13.3.rel1.win32_1.0.0.202411081344/tools/bin/../lib/gcc/arm-none-eabi/13.3.1/../../../../arm-none-eabi/lib/thumb/v7e-m+fp/hard\libc_nano.a
LOAD C:/ST/STM32CubeIDE_1.19.0/STM32CubeIDE/plugins/com.st.stm32cube.ide.mcu.externaltools.gnu-tools-for-stm32.13.3.rel1.win32_1.0.0.202411081344/tools/bin/../lib/gcc/arm-none-eabi/13.3.1/../../../../arm-none-eabi/lib/thumb/v7e-m+fp/hard\libnosys.a
END GROUP
START GROUP
LOAD C:/ST/STM32CubeIDE_1.19.0/STM32CubeIDE/plugins/com.st.stm32cube.ide.mcu.externaltools.gnu-tools-for-stm32.13.3.rel1.win32_1.0.0.202411081344/tools/bin/../lib/gcc/arm-none-eabi/13.3.1/thumb/v7e-m+fp/hard\libgcc.a
LOAD C:/ST/STM32CubeIDE_1.19.0/STM32CubeIDE/plugins/com.st.stm32cube.ide.mcu.externaltools.gnu-tools-for-stm32.13.3.rel1.win32_1.0.0.202411081344/tools/bin/../lib/gcc/arm-none-eabi/13.3.1/../../../../arm-none-eabi/lib/thumb/v7e-m+fp/hard\libc_nano.a
LOAD C:/ST/STM32CubeIDE_1.19.0/STM32CubeIDE/plugins/com.st.stm32cube.ide.mcu.externaltools.gnu-tools-for-stm32.13.3.rel1.win32_1.0.0.202411081344/tools/bin/../lib/gcc/arm-none-eabi/13.3.1/../../../../arm-none-eabi/lib/thumb/v7e-m+fp/hard\libnosys.a
END GROUP
LOAD C:/ST/STM32CubeIDE_1.19.0/STM32CubeIDE/plugins/com.st.stm32cube.ide.mcu.externaltools.gnu-tools-for-stm32.13.3.rel1.win32_1.0.0.202411081344/tools/bin/../lib/gcc/arm-none-eabi/13.3.1/thumb/v7e-m+fp/hard/crtend.o
LOAD C:/ST/STM32CubeIDE_1.19.0/STM32CubeIDE/plugins/com.st.stm32cube.ide.mcu.externaltools.gnu-tools-for-stm32.13.3.rel1.win32_1.0.0.202411081344/tools/bin/../lib/gcc/arm-none-eabi/13.3.1/thumb/v7e-m+fp/hard/crtn.o
                0x20020000                        _estack = (ORIGIN (RAM) + LENGTH (RAM))
                0x00000200                        _Min_Heap_Size = 0x200
                0x00000400                        _Min_Stack_Size = 0x400

.isr_vector     0x08000000      0x188
                0x08000000                        . = ALIGN (0x4)
 *(.isr_vector)
 .isr_vector    0x08000000      0x188 ./Core/Startup/startup_stm32f405rgtx.o
                0x08000000                g_pfnVectors
                0x08000188                        . = ALIGN (0x4)

.text           0x08000190     0xbb34
                0x08000190                        . = ALIGN (0x4)
 *(.text)
 .text          0x08000190       0x40 C:/ST/STM32CubeIDE_1.19.0/STM32CubeIDE/plugins/com.st.stm32cube.ide.mcu.externaltools.gnu-tools-for-stm32.13.3.rel1.win32_1.0.0.202411081344/tools/bin/../lib/gcc/arm-none-eabi/13.3.1/thumb/v7e-m+fp/hard/crtbegin.o
 .text          0x080001d0       0x30 C:/ST/STM32CubeIDE_1.19.0/STM32CubeIDE/plugins/com.st.stm32cube.ide.mcu.externaltools.gnu-tools-for-stm32.13.3.rel1.win32_1.0.0.202411081344/tools/bin/../lib/gcc/arm-none-eabi/13.3.1/thumb/v7e-m+fp/hard\libgcc.a(_aeabi_uldivmod.o)
                0x080001d0                __aeabi_uldivmod
 .text          0x08000200      0x2f8 C:/ST/STM32CubeIDE_1.19.0/STM32CubeIDE/plugins/com.st.stm32cube.ide.mcu.externaltools.gnu-tools-for-stm32.13.3.rel1.win32_1.0.0.202411081344/tools/bin/../lib/gcc/arm-none-eabi/13.3.1/thumb/v7e-m+fp/hard\libgcc.a(_udivmoddi4.o)
                0x08000200                __udivmoddi4
 .text          0x080004f8        0x4 C:/ST/STM32CubeIDE_1.19.0/STM32CubeIDE/plugins/com.st.stm32cube.ide.mcu.externaltools.gnu-tools-for-stm32.13.3.rel1.win32_1.0.0.202411081344/tools/bin/../lib/gcc/arm-none-eabi/13.3.1/thumb/v7e-m+fp/hard\libgcc.a(_dvmd_tls.o)
                0x080004f8                __aeabi_idiv0
                0x080004f8                __aeabi_ldiv0
 *(.text*)
 .text.FusionDegreesToRadians
                0x080004fc       0x28 ./Core/Src/Fusion/FusionAhrs.o
 .text.FusionFastInverseSqrt
                0x08000524       0x60 ./Core/Src/Fusion/FusionAhrs.o
 .text.FusionVectorIsZero
                0x08000584       0x60 ./Core/Src/Fusion/FusionAhrs.o
 .text.FusionVectorAdd
                0x080005e4       0x9c ./Core/Src/Fusion/FusionAhrs.o
 .text.FusionVectorSum
                0x08000680       0x40 ./Core/Src/Fusion/FusionAhrs.o
 .text.FusionVectorMultiplyScalar
                0x080006c0       0x88 ./Core/Src/Fusion/FusionAhrs.o
 .text.FusionVectorHadamardProduct
                0x08000748       0x9c ./Core/Src/Fusion/FusionAhrs.o
 .text.FusionVectorCrossProduct
                0x080007e4       0xcc ./Core/Src/Fusion/FusionAhrs.o
 .text.FusionVectorDotProduct
                0x080008b0       0xac ./Core/Src/Fusion/FusionAhrs.o
 .text.FusionVectorMagnitudeSquared
                0x0800095c       0x94 ./Core/Src/Fusion/FusionAhrs.o
 .text.FusionVectorNormalise
                0x080009f0       0xa6 ./Core/Src/Fusion/FusionAhrs.o
 .text.FusionQuaternionAdd
                0x08000a96       0xc4 ./Core/Src/Fusion/FusionAhrs.o
 .text.FusionQuaternionMultiply
                0x08000b5a      0x184 ./Core/Src/Fusion/FusionAhrs.o
 .text.FusionQuaternionMultiplyVector
                0x08000cde      0x140 ./Core/Src/Fusion/FusionAhrs.o
 .text.FusionQuaternionNormalise
                0x08000e1e       0xea ./Core/Src/Fusion/FusionAhrs.o
 .text.FusionAhrsInitialise
                0x08000f08       0x3c ./Core/Src/Fusion/FusionAhrs.o
                0x08000f08                FusionAhrsInitialise
 .text.FusionAhrsReset
                0x08000f44       0xc8 ./Core/Src/Fusion/FusionAhrs.o
                0x08000f44                FusionAhrsReset
 .text.FusionAhrsSetSettings
                0x0800100c      0x170 ./Core/Src/Fusion/FusionAhrs.o
                0x0800100c                FusionAhrsSetSettings
 .text.FusionAhrsUpdate
                0x0800117c      0x71e ./Core/Src/Fusion/FusionAhrs.o
                0x0800117c                FusionAhrsUpdate
 .text.HalfGravity
                0x0800189a      0x17a ./Core/Src/Fusion/FusionAhrs.o
 .text.HalfMagnetic
                0x08001a14      0x214 ./Core/Src/Fusion/FusionAhrs.o
 .text.Feedback
                0x08001c28      0x16a ./Core/Src/Fusion/FusionAhrs.o
 .text.Clamp    0x08001d92       0x32 ./Core/Src/Fusion/FusionAhrs.o
 .text.FusionAhrsUpdateNoMagnetometer
                0x08001dc4       0xb4 ./Core/Src/Fusion/FusionAhrs.o
                0x08001dc4                FusionAhrsUpdateNoMagnetometer
 .text.FusionAhrsGetQuaternion
                0x08001e78       0x46 ./Core/Src/Fusion/FusionAhrs.o
                0x08001e78                FusionAhrsGetQuaternion
 .text.FusionAhrsSetHeading
                0x08001ebe      0x12c ./Core/Src/Fusion/FusionAhrs.o
                0x08001ebe                FusionAhrsSetHeading
 .text.FusionVectorAdd
                0x08001fea       0x9c ./Core/Src/Fusion/FusionOffset.o
 .text.FusionVectorSubtract
                0x08002086       0x9c ./Core/Src/Fusion/FusionOffset.o
 .text.FusionVectorMultiplyScalar
                0x08002122       0x88 ./Core/Src/Fusion/FusionOffset.o
 *fill*         0x080021aa        0x2 
 .text.FusionOffsetInitialise
                0x080021ac       0x64 ./Core/Src/Fusion/FusionOffset.o
                0x080021ac                FusionOffsetInitialise
 .text.FusionOffsetUpdate
                0x08002210      0x1ac ./Core/Src/Fusion/FusionOffset.o
                0x08002210                FusionOffsetUpdate
 .text.vApplicationIdleHook
                0x080023bc        0xe ./Core/Src/freertos.o
                0x080023bc                vApplicationIdleHook
 .text.vApplicationTickHook
                0x080023ca        0xe ./Core/Src/freertos.o
                0x080023ca                vApplicationTickHook
 .text.hal_Spi1_ReadWriteByte
                0x080023d8       0x30 ./Core/Src/icm42688p.o
                0x080023d8                hal_Spi1_ReadWriteByte
 .text.Icm_Spi_ReadWriteNbytes
                0x08002408       0x46 ./Core/Src/icm42688p.o
                0x08002408                Icm_Spi_ReadWriteNbytes
 *fill*         0x0800244e        0x2 
 .text.ICM42688P_ReadReg
                0x08002450       0x50 ./Core/Src/icm42688p.o
                0x08002450                ICM42688P_ReadReg
 .text.ICM42688P_ReadRegs
                0x080024a0       0x50 ./Core/Src/icm42688p.o
                0x080024a0                ICM42688P_ReadRegs
 .text.ICM42688P_WriteReg
                0x080024f0       0x48 ./Core/Src/icm42688p.o
                0x080024f0                ICM42688P_WriteReg
 .text.ICM42688P_ConvertAccel
                0x08002538       0x2c ./Core/Src/icm42688p.o
                0x08002538                ICM42688P_ConvertAccel
 .text.ICM42688P_ConvertGyro
                0x08002564       0x2c ./Core/Src/icm42688p.o
                0x08002564                ICM42688P_ConvertGyro
 .text.ICM42688P_ConvertTemp
                0x08002590       0x38 ./Core/Src/icm42688p.o
                0x08002590                ICM42688P_ConvertTemp
 .text.ICM42688P_Init
                0x080025c8       0xb8 ./Core/Src/icm42688p.o
                0x080025c8                ICM42688P_Init
 .text.ICM42688P_Read_FIFO_DMA
                0x08002680       0x2c ./Core/Src/icm42688p.o
                0x08002680                ICM42688P_Read_FIFO_DMA
 .text.icm42688_read_all
                0x080026ac      0x144 ./Core/Src/icm42688p.o
                0x080026ac                icm42688_read_all
 .text.crc_accumulate
                0x080027f0       0x6a ./Core/Src/main.o
 .text.crc_init
                0x0800285a       0x1c ./Core/Src/main.o
 .text.crc_calculate
                0x08002876       0x40 ./Core/Src/main.o
 .text.crc_accumulate_buffer
                0x080028b6       0x38 ./Core/Src/main.o
 *fill*         0x080028ee        0x2 
 .text.mavlink_sha256_init
                0x080028f0       0x70 ./Core/Src/main.o
 .text.mavlink_sha256_calc
                0x08002960      0x3c0 ./Core/Src/main.o
 .text.mavlink_sha256_update
                0x08002d20      0x104 ./Core/Src/main.o
 .text.mavlink_sha256_final_48
                0x08002e24      0x12e ./Core/Src/main.o
 *fill*         0x08002f52        0x2 
 .text.mavlink_get_channel_status
                0x08002f54       0x28 ./Core/Src/main.o
 .text.mavlink_sign_packet
                0x08002f7c       0xcc ./Core/Src/main.o
 .text._mav_trim_payload
                0x08003048       0x36 ./Core/Src/main.o
 .text.mavlink_finalize_message_buffer
                0x0800307e      0x26e ./Core/Src/main.o
 .text.mavlink_finalize_message_chan
                0x080032ec       0x48 ./Core/Src/main.o
 .text.mavlink_finalize_message
                0x08003334       0x3c ./Core/Src/main.o
 .text.mavlink_msg_to_send_buffer
                0x08003370      0x1be ./Core/Src/main.o
 .text.mavlink_msg_attitude_pack
                0x0800352e       0x8e ./Core/Src/main.o
 .text.mavlink_msg_attitude_encode
                0x080035bc       0x68 ./Core/Src/main.o
 .text.mavlink_msg_heartbeat_pack
                0x08003624       0x70 ./Core/Src/main.o
 .text.mavlink_msg_heartbeat_encode
                0x08003694       0x48 ./Core/Src/main.o
 .text.FusionRadiansToDegrees
                0x080036dc       0x28 ./Core/Src/main.o
 .text.FusionAsin
                0x08003704       0x58 ./Core/Src/main.o
 .text.FusionVectorSubtract
                0x0800375c       0x9c ./Core/Src/main.o
 .text.FusionVectorHadamardProduct
                0x080037f8       0x9c ./Core/Src/main.o
 .text.FusionMatrixMultiplyVector
                0x08003894       0xf0 ./Core/Src/main.o
 .text.FusionQuaternionToEuler
                0x08003984      0x14c ./Core/Src/main.o
 .text.FusionCalibrationInertial
                0x08003ad0      0x15a ./Core/Src/main.o
 *fill*         0x08003c2a        0x2 
 .text.main     0x08003c2c       0xf8 ./Core/Src/main.o
                0x08003c2c                main
 .text.SystemClock_Config
                0x08003d24       0xd4 ./Core/Src/main.o
                0x08003d24                SystemClock_Config
 .text.MX_CRC_Init
                0x08003df8       0x28 ./Core/Src/main.o
 .text.MX_SPI1_Init
                0x08003e20       0x6c ./Core/Src/main.o
 .text.MX_TIM1_Init
                0x08003e8c       0xa0 ./Core/Src/main.o
 .text.MX_TIM2_Init
                0x08003f2c       0x98 ./Core/Src/main.o
 .text.MX_USART1_UART_Init
                0x08003fc4       0x54 ./Core/Src/main.o
 .text.MX_USART2_UART_Init
                0x08004018       0x54 ./Core/Src/main.o
 .text.MX_DMA_Init
                0x0800406c       0x7c ./Core/Src/main.o
 .text.MX_GPIO_Init
                0x080040e8      0x13c ./Core/Src/main.o
 .text.GetTimeUS_TIM
                0x08004224       0x18 ./Core/Src/main.o
                0x08004224                GetTimeUS_TIM
 .text.HAL_TIM_PeriodElapsedCallback
                0x0800423c       0x2c ./Core/Src/main.o
                0x0800423c                HAL_TIM_PeriodElapsedCallback
 .text.mavlink_send_heartbeat
                0x08004268       0x90 ./Core/Src/main.o
                0x08004268                mavlink_send_heartbeat
 .text.SendToPC
                0x080042f8       0x88 ./Core/Src/main.o
                0x080042f8                SendToPC
 .text.StartDefaultTask
                0x08004380       0x20 ./Core/Src/main.o
                0x08004380                StartDefaultTask
 .text.StartIMUTask
                0x080043a0       0x10 ./Core/Src/main.o
                0x080043a0                StartIMUTask
 .text.GetPose  0x080043b0      0x27c ./Core/Src/main.o
                0x080043b0                GetPose
 .text.StartPose
                0x0800462c       0x10 ./Core/Src/main.o
                0x0800462c                StartPose
 .text.StartSend
                0x0800463c       0x10 ./Core/Src/main.o
                0x0800463c                StartSend
 .text.Error_Handler
                0x0800464c        0xc ./Core/Src/main.o
                0x0800464c                Error_Handler
 .text.HAL_MspInit
                0x08004658       0x58 ./Core/Src/stm32f4xx_hal_msp.o
                0x08004658                HAL_MspInit
 .text.HAL_CRC_MspInit
                0x080046b0       0x44 ./Core/Src/stm32f4xx_hal_msp.o
                0x080046b0                HAL_CRC_MspInit
 .text.HAL_SPI_MspInit
                0x080046f4      0x104 ./Core/Src/stm32f4xx_hal_msp.o
                0x080046f4                HAL_SPI_MspInit
 .text.HAL_TIM_Base_MspInit
                0x080047f8       0x78 ./Core/Src/stm32f4xx_hal_msp.o
                0x080047f8                HAL_TIM_Base_MspInit
 .text.HAL_UART_MspInit
                0x08004870      0x1d8 ./Core/Src/stm32f4xx_hal_msp.o
                0x08004870                HAL_UART_MspInit
 .text.NMI_Handler
                0x08004a48        0x8 ./Core/Src/stm32f4xx_it.o
                0x08004a48                NMI_Handler
 .text.HardFault_Handler
                0x08004a50        0x8 ./Core/Src/stm32f4xx_it.o
                0x08004a50                HardFault_Handler
 .text.MemManage_Handler
                0x08004a58        0x8 ./Core/Src/stm32f4xx_it.o
                0x08004a58                MemManage_Handler
 .text.BusFault_Handler
                0x08004a60        0x8 ./Core/Src/stm32f4xx_it.o
                0x08004a60                BusFault_Handler
 .text.UsageFault_Handler
                0x08004a68        0x8 ./Core/Src/stm32f4xx_it.o
                0x08004a68                UsageFault_Handler
 .text.DebugMon_Handler
                0x08004a70        0xe ./Core/Src/stm32f4xx_it.o
                0x08004a70                DebugMon_Handler
 .text.SysTick_Handler
                0x08004a7e       0x1a ./Core/Src/stm32f4xx_it.o
                0x08004a7e                SysTick_Handler
 .text.EXTI0_IRQHandler
                0x08004a98        0xe ./Core/Src/stm32f4xx_it.o
                0x08004a98                EXTI0_IRQHandler
 *fill*         0x08004aa6        0x2 
 .text.DMA1_Stream5_IRQHandler
                0x08004aa8       0x14 ./Core/Src/stm32f4xx_it.o
                0x08004aa8                DMA1_Stream5_IRQHandler
 .text.TIM1_UP_TIM10_IRQHandler
                0x08004abc       0x14 ./Core/Src/stm32f4xx_it.o
                0x08004abc                TIM1_UP_TIM10_IRQHandler
 .text.DMA2_Stream0_IRQHandler
                0x08004ad0       0x14 ./Core/Src/stm32f4xx_it.o
                0x08004ad0                DMA2_Stream0_IRQHandler
 .text._times   0x08004ae4       0x18 ./Core/Src/syscalls.o
                0x08004ae4                _times
 .text.SystemInit
                0x08004afc       0x24 ./Core/Src/system_stm32f4xx.o
                0x08004afc                SystemInit
 .text.Reset_Handler
                0x08004b20       0x50 ./Core/Startup/startup_stm32f405rgtx.o
                0x08004b20                Reset_Handler
 .text.Default_Handler
                0x08004b70        0x2 ./Core/Startup/startup_stm32f405rgtx.o
                0x08004b70                RTC_Alarm_IRQHandler
                0x08004b70                HASH_RNG_IRQHandler
                0x08004b70                EXTI2_IRQHandler
                0x08004b70                TIM8_CC_IRQHandler
                0x08004b70                TIM1_CC_IRQHandler
                0x08004b70                DMA2_Stream5_IRQHandler
                0x08004b70                PVD_IRQHandler
                0x08004b70                SDIO_IRQHandler
                0x08004b70                TAMP_STAMP_IRQHandler
                0x08004b70                CAN2_RX1_IRQHandler
                0x08004b70                EXTI3_IRQHandler
                0x08004b70                TIM8_TRG_COM_TIM14_IRQHandler
                0x08004b70                TIM8_UP_TIM13_IRQHandler
                0x08004b70                I2C3_ER_IRQHandler
                0x08004b70                I2C2_EV_IRQHandler
                0x08004b70                DMA1_Stream2_IRQHandler
                0x08004b70                CAN1_RX0_IRQHandler
                0x08004b70                FPU_IRQHandler
                0x08004b70                OTG_HS_WKUP_IRQHandler
                0x08004b70                CAN2_SCE_IRQHandler
                0x08004b70                DMA2_Stream2_IRQHandler
                0x08004b70                SPI1_IRQHandler
                0x08004b70                TIM6_DAC_IRQHandler
                0x08004b70                TIM1_BRK_TIM9_IRQHandler
                0x08004b70                CAN2_RX0_IRQHandler
                0x08004b70                DMA2_Stream3_IRQHandler
                0x08004b70                USART6_IRQHandler
                0x08004b70                USART3_IRQHandler
                0x08004b70                CAN1_RX1_IRQHandler
                0x08004b70                UART5_IRQHandler
                0x08004b70                TIM4_IRQHandler
                0x08004b70                I2C1_EV_IRQHandler
                0x08004b70                DMA1_Stream6_IRQHandler
                0x08004b70                DMA1_Stream1_IRQHandler
                0x08004b70                UART4_IRQHandler
                0x08004b70                TIM3_IRQHandler
                0x08004b70                RCC_IRQHandler
                0x08004b70                TIM8_BRK_TIM12_IRQHandler
                0x08004b70                Default_Handler
                0x08004b70                EXTI15_10_IRQHandler
                0x08004b70                ADC_IRQHandler
                0x08004b70                DMA1_Stream7_IRQHandler
                0x08004b70                TIM7_IRQHandler
                0x08004b70                CAN2_TX_IRQHandler
                0x08004b70                TIM5_IRQHandler
                0x08004b70                DMA2_Stream7_IRQHandler
                0x08004b70                I2C3_EV_IRQHandler
                0x08004b70                EXTI9_5_IRQHandler
                0x08004b70                RTC_WKUP_IRQHandler
                0x08004b70                SPI2_IRQHandler
                0x08004b70                OTG_HS_EP1_IN_IRQHandler
                0x08004b70                DMA1_Stream0_IRQHandler
                0x08004b70                CAN1_TX_IRQHandler
                0x08004b70                EXTI4_IRQHandler
                0x08004b70                FSMC_IRQHandler
                0x08004b70                OTG_HS_EP1_OUT_IRQHandler
                0x08004b70                WWDG_IRQHandler
                0x08004b70                TIM2_IRQHandler
                0x08004b70                OTG_FS_WKUP_IRQHandler
                0x08004b70                TIM1_TRG_COM_TIM11_IRQHandler
                0x08004b70                OTG_HS_IRQHandler
                0x08004b70                EXTI1_IRQHandler
                0x08004b70                USART2_IRQHandler
                0x08004b70                I2C2_ER_IRQHandler
                0x08004b70                DMA2_Stream1_IRQHandler
                0x08004b70                CAN1_SCE_IRQHandler
                0x08004b70                FLASH_IRQHandler
                0x08004b70                DMA2_Stream4_IRQHandler
                0x08004b70                USART1_IRQHandler
                0x08004b70                OTG_FS_IRQHandler
                0x08004b70                SPI3_IRQHandler
                0x08004b70                DMA1_Stream4_IRQHandler
                0x08004b70                I2C1_ER_IRQHandler
                0x08004b70                DMA2_Stream6_IRQHandler
                0x08004b70                DMA1_Stream3_IRQHandler
 *fill*         0x08004b72        0x2 
 .text.HAL_Init
                0x08004b74       0x44 ./Drivers/STM32F4xx_HAL_Driver/Src/stm32f4xx_hal.o
                0x08004b74                HAL_Init
 .text.HAL_InitTick
                0x08004bb8       0x60 ./Drivers/STM32F4xx_HAL_Driver/Src/stm32f4xx_hal.o
                0x08004bb8                HAL_InitTick
 .text.HAL_IncTick
                0x08004c18       0x28 ./Drivers/STM32F4xx_HAL_Driver/Src/stm32f4xx_hal.o
                0x08004c18                HAL_IncTick
 .text.HAL_GetTick
                0x08004c40       0x18 ./Drivers/STM32F4xx_HAL_Driver/Src/stm32f4xx_hal.o
                0x08004c40                HAL_GetTick
 .text.HAL_Delay
                0x08004c58       0x48 ./Drivers/STM32F4xx_HAL_Driver/Src/stm32f4xx_hal.o
                0x08004c58                HAL_Delay
 .text.__NVIC_SetPriorityGrouping
                0x08004ca0       0x48 ./Drivers/STM32F4xx_HAL_Driver/Src/stm32f4xx_hal_cortex.o
 .text.__NVIC_GetPriorityGrouping
                0x08004ce8       0x1c ./Drivers/STM32F4xx_HAL_Driver/Src/stm32f4xx_hal_cortex.o
 .text.__NVIC_EnableIRQ
                0x08004d04       0x3c ./Drivers/STM32F4xx_HAL_Driver/Src/stm32f4xx_hal_cortex.o
 .text.__NVIC_SetPriority
                0x08004d40       0x54 ./Drivers/STM32F4xx_HAL_Driver/Src/stm32f4xx_hal_cortex.o
 .text.NVIC_EncodePriority
                0x08004d94       0x66 ./Drivers/STM32F4xx_HAL_Driver/Src/stm32f4xx_hal_cortex.o
 *fill*         0x08004dfa        0x2 
 .text.SysTick_Config
                0x08004dfc       0x44 ./Drivers/STM32F4xx_HAL_Driver/Src/stm32f4xx_hal_cortex.o
 .text.HAL_NVIC_SetPriorityGrouping
                0x08004e40       0x16 ./Drivers/STM32F4xx_HAL_Driver/Src/stm32f4xx_hal_cortex.o
                0x08004e40                HAL_NVIC_SetPriorityGrouping
 .text.HAL_NVIC_SetPriority
                0x08004e56       0x38 ./Drivers/STM32F4xx_HAL_Driver/Src/stm32f4xx_hal_cortex.o
                0x08004e56                HAL_NVIC_SetPriority
 .text.HAL_NVIC_EnableIRQ
                0x08004e8e       0x1c ./Drivers/STM32F4xx_HAL_Driver/Src/stm32f4xx_hal_cortex.o
                0x08004e8e                HAL_NVIC_EnableIRQ
 .text.HAL_SYSTICK_Config
                0x08004eaa       0x18 ./Drivers/STM32F4xx_HAL_Driver/Src/stm32f4xx_hal_cortex.o
                0x08004eaa                HAL_SYSTICK_Config
 .text.HAL_CRC_Init
                0x08004ec2       0x38 ./Drivers/STM32F4xx_HAL_Driver/Src/stm32f4xx_hal_crc.o
                0x08004ec2                HAL_CRC_Init
 *fill*         0x08004efa        0x2 
 .text.HAL_DMA_Init
                0x08004efc      0x15c ./Drivers/STM32F4xx_HAL_Driver/Src/stm32f4xx_hal_dma.o
                0x08004efc                HAL_DMA_Init
 .text.HAL_DMA_IRQHandler
                0x08005058      0x314 ./Drivers/STM32F4xx_HAL_Driver/Src/stm32f4xx_hal_dma.o
                0x08005058                HAL_DMA_IRQHandler
 .text.DMA_CalcBaseAndBitshift
                0x0800536c       0x6c ./Drivers/STM32F4xx_HAL_Driver/Src/stm32f4xx_hal_dma.o
 .text.DMA_CheckFifoParam
                0x080053d8       0xf8 ./Drivers/STM32F4xx_HAL_Driver/Src/stm32f4xx_hal_dma.o
 .text.HAL_GPIO_Init
                0x080054d0      0x338 ./Drivers/STM32F4xx_HAL_Driver/Src/stm32f4xx_hal_gpio.o
                0x080054d0                HAL_GPIO_Init
 .text.HAL_GPIO_WritePin
                0x08005808       0x32 ./Drivers/STM32F4xx_HAL_Driver/Src/stm32f4xx_hal_gpio.o
                0x08005808                HAL_GPIO_WritePin
 .text.HAL_GPIO_TogglePin
                0x0800583a       0x34 ./Drivers/STM32F4xx_HAL_Driver/Src/stm32f4xx_hal_gpio.o
                0x0800583a                HAL_GPIO_TogglePin
 *fill*         0x0800586e        0x2 
 .text.HAL_GPIO_EXTI_IRQHandler
                0x08005870       0x30 ./Drivers/STM32F4xx_HAL_Driver/Src/stm32f4xx_hal_gpio.o
                0x08005870                HAL_GPIO_EXTI_IRQHandler
 .text.HAL_GPIO_EXTI_Callback
                0x080058a0       0x16 ./Drivers/STM32F4xx_HAL_Driver/Src/stm32f4xx_hal_gpio.o
                0x080058a0                HAL_GPIO_EXTI_Callback
 *fill*         0x080058b6        0x2 
 .text.HAL_RCC_OscConfig
                0x080058b8      0x4f0 ./Drivers/STM32F4xx_HAL_Driver/Src/stm32f4xx_hal_rcc.o
                0x080058b8                HAL_RCC_OscConfig
 .text.HAL_RCC_ClockConfig
                0x08005da8      0x1cc ./Drivers/STM32F4xx_HAL_Driver/Src/stm32f4xx_hal_rcc.o
                0x08005da8                HAL_RCC_ClockConfig
 .text.HAL_RCC_GetSysClockFreq
                0x08005f74      0x208 ./Drivers/STM32F4xx_HAL_Driver/Src/stm32f4xx_hal_rcc.o
                0x08005f74                HAL_RCC_GetSysClockFreq
 .text.HAL_RCC_GetHCLKFreq
                0x0800617c       0x18 ./Drivers/STM32F4xx_HAL_Driver/Src/stm32f4xx_hal_rcc.o
                0x0800617c                HAL_RCC_GetHCLKFreq
 .text.HAL_RCC_GetPCLK1Freq
                0x08006194       0x28 ./Drivers/STM32F4xx_HAL_Driver/Src/stm32f4xx_hal_rcc.o
                0x08006194                HAL_RCC_GetPCLK1Freq
 .text.HAL_RCC_GetPCLK2Freq
                0x080061bc       0x28 ./Drivers/STM32F4xx_HAL_Driver/Src/stm32f4xx_hal_rcc.o
                0x080061bc                HAL_RCC_GetPCLK2Freq
 .text.HAL_SPI_Init
                0x080061e4      0x112 ./Drivers/STM32F4xx_HAL_Driver/Src/stm32f4xx_hal_spi.o
                0x080061e4                HAL_SPI_Init
 .text.HAL_SPI_TransmitReceive
                0x080062f6      0x352 ./Drivers/STM32F4xx_HAL_Driver/Src/stm32f4xx_hal_spi.o
                0x080062f6                HAL_SPI_TransmitReceive
 .text.SPI_WaitFlagStateUntilTimeout
                0x08006648      0x110 ./Drivers/STM32F4xx_HAL_Driver/Src/stm32f4xx_hal_spi.o
 .text.SPI_EndRxTxTransaction
                0x08006758       0xa8 ./Drivers/STM32F4xx_HAL_Driver/Src/stm32f4xx_hal_spi.o
 .text.HAL_TIM_Base_Init
                0x08006800       0x9e ./Drivers/STM32F4xx_HAL_Driver/Src/stm32f4xx_hal_tim.o
                0x08006800                HAL_TIM_Base_Init
 *fill*         0x0800689e        0x2 
 .text.HAL_TIM_Base_Start
                0x080068a0       0xd0 ./Drivers/STM32F4xx_HAL_Driver/Src/stm32f4xx_hal_tim.o
                0x080068a0                HAL_TIM_Base_Start
 .text.HAL_TIM_Base_Start_IT
                0x08006970       0xe0 ./Drivers/STM32F4xx_HAL_Driver/Src/stm32f4xx_hal_tim.o
                0x08006970                HAL_TIM_Base_Start_IT
 .text.HAL_TIM_IRQHandler
                0x08006a50      0x1e0 ./Drivers/STM32F4xx_HAL_Driver/Src/stm32f4xx_hal_tim.o
                0x08006a50                HAL_TIM_IRQHandler
 .text.HAL_TIM_ConfigClockSource
                0x08006c30      0x18e ./Drivers/STM32F4xx_HAL_Driver/Src/stm32f4xx_hal_tim.o
                0x08006c30                HAL_TIM_ConfigClockSource
 .text.HAL_TIM_OC_DelayElapsedCallback
                0x08006dbe       0x14 ./Drivers/STM32F4xx_HAL_Driver/Src/stm32f4xx_hal_tim.o
                0x08006dbe                HAL_TIM_OC_DelayElapsedCallback
 .text.HAL_TIM_IC_CaptureCallback
                0x08006dd2       0x14 ./Drivers/STM32F4xx_HAL_Driver/Src/stm32f4xx_hal_tim.o
                0x08006dd2                HAL_TIM_IC_CaptureCallback
 .text.HAL_TIM_PWM_PulseFinishedCallback
                0x08006de6       0x14 ./Drivers/STM32F4xx_HAL_Driver/Src/stm32f4xx_hal_tim.o
                0x08006de6                HAL_TIM_PWM_PulseFinishedCallback
 .text.HAL_TIM_TriggerCallback
                0x08006dfa       0x14 ./Drivers/STM32F4xx_HAL_Driver/Src/stm32f4xx_hal_tim.o
                0x08006dfa                HAL_TIM_TriggerCallback
 *fill*         0x08006e0e        0x2 
 .text.TIM_Base_SetConfig
                0x08006e10      0x14c ./Drivers/STM32F4xx_HAL_Driver/Src/stm32f4xx_hal_tim.o
                0x08006e10                TIM_Base_SetConfig
 .text.TIM_TI1_ConfigInputStage
                0x08006f5c       0x5e ./Drivers/STM32F4xx_HAL_Driver/Src/stm32f4xx_hal_tim.o
 .text.TIM_TI2_ConfigInputStage
                0x08006fba       0x60 ./Drivers/STM32F4xx_HAL_Driver/Src/stm32f4xx_hal_tim.o
 .text.TIM_ITRx_SetConfig
                0x0800701a       0x36 ./Drivers/STM32F4xx_HAL_Driver/Src/stm32f4xx_hal_tim.o
 .text.TIM_ETR_SetConfig
                0x08007050       0x40 ./Drivers/STM32F4xx_HAL_Driver/Src/stm32f4xx_hal_tim.o
                0x08007050                TIM_ETR_SetConfig
 .text.HAL_TIMEx_MasterConfigSynchronization
                0x08007090       0xf8 ./Drivers/STM32F4xx_HAL_Driver/Src/stm32f4xx_hal_tim_ex.o
                0x08007090                HAL_TIMEx_MasterConfigSynchronization
 .text.HAL_TIMEx_CommutCallback
                0x08007188       0x14 ./Drivers/STM32F4xx_HAL_Driver/Src/stm32f4xx_hal_tim_ex.o
                0x08007188                HAL_TIMEx_CommutCallback
 .text.HAL_TIMEx_BreakCallback
                0x0800719c       0x14 ./Drivers/STM32F4xx_HAL_Driver/Src/stm32f4xx_hal_tim_ex.o
                0x0800719c                HAL_TIMEx_BreakCallback
 .text.HAL_UART_Init
                0x080071b0       0xa0 ./Drivers/STM32F4xx_HAL_Driver/Src/stm32f4xx_hal_uart.o
                0x080071b0                HAL_UART_Init
 .text.HAL_UART_Transmit
                0x08007250      0x116 ./Drivers/STM32F4xx_HAL_Driver/Src/stm32f4xx_hal_uart.o
                0x08007250                HAL_UART_Transmit
 .text.UART_WaitOnFlagUntilTimeout
                0x08007366       0xb2 ./Drivers/STM32F4xx_HAL_Driver/Src/stm32f4xx_hal_uart.o
 .text.UART_EndRxTransfer
                0x08007418       0xc6 ./Drivers/STM32F4xx_HAL_Driver/Src/stm32f4xx_hal_uart.o
 *fill*         0x080074de        0x2 
 .text.UART_SetConfig
                0x080074e0      0x4e8 ./Drivers/STM32F4xx_HAL_Driver/Src/stm32f4xx_hal_uart.o
 .text.__NVIC_SetPriority
                0x080079c8       0x54 ./Middlewares/Third_Party/FreeRTOS/Source/CMSIS_RTOS_V2/cmsis_os2.o
 .text.SVC_Setup
                0x08007a1c       0x12 ./Middlewares/Third_Party/FreeRTOS/Source/CMSIS_RTOS_V2/cmsis_os2.o
 *fill*         0x08007a2e        0x2 
 .text.osKernelInitialize
                0x08007a30       0x48 ./Middlewares/Third_Party/FreeRTOS/Source/CMSIS_RTOS_V2/cmsis_os2.o
                0x08007a30                osKernelInitialize
 .text.osKernelStart
                0x08007a78       0x4c ./Middlewares/Third_Party/FreeRTOS/Source/CMSIS_RTOS_V2/cmsis_os2.o
                0x08007a78                osKernelStart
 .text.osThreadNew
                0x08007ac4      0x124 ./Middlewares/Third_Party/FreeRTOS/Source/CMSIS_RTOS_V2/cmsis_os2.o
                0x08007ac4                osThreadNew
 .text.osDelay  0x08007be8       0x36 ./Middlewares/Third_Party/FreeRTOS/Source/CMSIS_RTOS_V2/cmsis_os2.o
                0x08007be8                osDelay
 *fill*         0x08007c1e        0x2 
 .text.vApplicationGetIdleTaskMemory
                0x08007c20       0x34 ./Middlewares/Third_Party/FreeRTOS/Source/CMSIS_RTOS_V2/cmsis_os2.o
                0x08007c20                vApplicationGetIdleTaskMemory
 .text.vApplicationGetTimerTaskMemory
                0x08007c54       0x34 ./Middlewares/Third_Party/FreeRTOS/Source/CMSIS_RTOS_V2/cmsis_os2.o
                0x08007c54                vApplicationGetTimerTaskMemory
 .text.vListInitialise
                0x08007c88       0x40 ./Middlewares/Third_Party/FreeRTOS/Source/list.o
                0x08007c88                vListInitialise
 .text.vListInitialiseItem
                0x08007cc8       0x1a ./Middlewares/Third_Party/FreeRTOS/Source/list.o
                0x08007cc8                vListInitialiseItem
 .text.vListInsertEnd
                0x08007ce2       0x48 ./Middlewares/Third_Party/FreeRTOS/Source/list.o
                0x08007ce2                vListInsertEnd
 .text.vListInsert
                0x08007d2a       0x72 ./Middlewares/Third_Party/FreeRTOS/Source/list.o
                0x08007d2a                vListInsert
 .text.uxListRemove
                0x08007d9c       0x54 ./Middlewares/Third_Party/FreeRTOS/Source/list.o
                0x08007d9c                uxListRemove
 .text.xQueueGenericReset
                0x08007df0       0xd4 ./Middlewares/Third_Party/FreeRTOS/Source/queue.o
                0x08007df0                xQueueGenericReset
 .text.xQueueGenericCreateStatic
                0x08007ec4       0xfa ./Middlewares/Third_Party/FreeRTOS/Source/queue.o
                0x08007ec4                xQueueGenericCreateStatic
 .text.prvInitialiseNewQueue
                0x08007fbe       0x46 ./Middlewares/Third_Party/FreeRTOS/Source/queue.o
 .text.xQueueGenericSend
                0x08008004      0x204 ./Middlewares/Third_Party/FreeRTOS/Source/queue.o
                0x08008004                xQueueGenericSend
 .text.xQueueGenericSendFromISR
                0x08008208      0x13c ./Middlewares/Third_Party/FreeRTOS/Source/queue.o
                0x08008208                xQueueGenericSendFromISR
 .text.xQueueReceive
                0x08008344      0x1c4 ./Middlewares/Third_Party/FreeRTOS/Source/queue.o
                0x08008344                xQueueReceive
 .text.prvCopyDataToQueue
                0x08008508       0xd4 ./Middlewares/Third_Party/FreeRTOS/Source/queue.o
 .text.prvCopyDataFromQueue
                0x080085dc       0x4c ./Middlewares/Third_Party/FreeRTOS/Source/queue.o
 .text.prvUnlockQueue
                0x08008628       0xa4 ./Middlewares/Third_Party/FreeRTOS/Source/queue.o
 .text.prvIsQueueEmpty
                0x080086cc       0x2c ./Middlewares/Third_Party/FreeRTOS/Source/queue.o
 .text.prvIsQueueFull
                0x080086f8       0x30 ./Middlewares/Third_Party/FreeRTOS/Source/queue.o
 .text.vQueueAddToRegistry
                0x08008728       0x54 ./Middlewares/Third_Party/FreeRTOS/Source/queue.o
                0x08008728                vQueueAddToRegistry
 .text.vQueueWaitForMessageRestricted
                0x0800877c       0x68 ./Middlewares/Third_Party/FreeRTOS/Source/queue.o
                0x0800877c                vQueueWaitForMessageRestricted
 .text.xTaskCreateStatic
                0x080087e4       0xc0 ./Middlewares/Third_Party/FreeRTOS/Source/tasks.o
                0x080087e4                xTaskCreateStatic
 .text.xTaskCreate
                0x080088a4       0x8a ./Middlewares/Third_Party/FreeRTOS/Source/tasks.o
                0x080088a4                xTaskCreate
 .text.prvInitialiseNewTask
                0x0800892e      0x120 ./Middlewares/Third_Party/FreeRTOS/Source/tasks.o
 *fill*         0x08008a4e        0x2 
 .text.prvAddNewTaskToReadyList
                0x08008a50       0xe0 ./Middlewares/Third_Party/FreeRTOS/Source/tasks.o
 .text.vTaskDelay
                0x08008b30       0x6c ./Middlewares/Third_Party/FreeRTOS/Source/tasks.o
                0x08008b30                vTaskDelay
 .text.vTaskStartScheduler
                0x08008b9c       0xd0 ./Middlewares/Third_Party/FreeRTOS/Source/tasks.o
                0x08008b9c                vTaskStartScheduler
 .text.vTaskSuspendAll
                0x08008c6c       0x1c ./Middlewares/Third_Party/FreeRTOS/Source/tasks.o
                0x08008c6c                vTaskSuspendAll
 .text.xTaskResumeAll
                0x08008c88      0x13c ./Middlewares/Third_Party/FreeRTOS/Source/tasks.o
                0x08008c88                xTaskResumeAll
 .text.xTaskGetTickCount
                0x08008dc4       0x20 ./Middlewares/Third_Party/FreeRTOS/Source/tasks.o
                0x08008dc4                xTaskGetTickCount
 .text.xTaskIncrementTick
                0x08008de4      0x184 ./Middlewares/Third_Party/FreeRTOS/Source/tasks.o
                0x08008de4                xTaskIncrementTick
 .text.vTaskSwitchContext
                0x08008f68       0xbc ./Middlewares/Third_Party/FreeRTOS/Source/tasks.o
                0x08008f68                vTaskSwitchContext
 .text.vTaskPlaceOnEventList
                0x08009024       0x4c ./Middlewares/Third_Party/FreeRTOS/Source/tasks.o
                0x08009024                vTaskPlaceOnEventList
 .text.vTaskPlaceOnEventListRestricted
                0x08009070       0x58 ./Middlewares/Third_Party/FreeRTOS/Source/tasks.o
                0x08009070                vTaskPlaceOnEventListRestricted
 .text.xTaskRemoveFromEventList
                0x080090c8       0xc8 ./Middlewares/Third_Party/FreeRTOS/Source/tasks.o
                0x080090c8                xTaskRemoveFromEventList
 .text.vTaskInternalSetTimeOutState
                0x08009190       0x2c ./Middlewares/Third_Party/FreeRTOS/Source/tasks.o
                0x08009190                vTaskInternalSetTimeOutState
 .text.xTaskCheckForTimeOut
                0x080091bc       0xc8 ./Middlewares/Third_Party/FreeRTOS/Source/tasks.o
                0x080091bc                xTaskCheckForTimeOut
 .text.vTaskMissedYield
                0x08009284       0x18 ./Middlewares/Third_Party/FreeRTOS/Source/tasks.o
                0x08009284                vTaskMissedYield
 .text.prvIdleTask
                0x0800929c       0x34 ./Middlewares/Third_Party/FreeRTOS/Source/tasks.o
 .text.prvInitialiseTaskLists
                0x080092d0       0x80 ./Middlewares/Third_Party/FreeRTOS/Source/tasks.o
 .text.prvCheckTasksWaitingTermination
                0x08009350       0x5c ./Middlewares/Third_Party/FreeRTOS/Source/tasks.o
 .text.prvDeleteTCB
                0x080093ac       0x60 ./Middlewares/Third_Party/FreeRTOS/Source/tasks.o
 .text.prvResetNextTaskUnblockTime
                0x0800940c       0x40 ./Middlewares/Third_Party/FreeRTOS/Source/tasks.o
 .text.xTaskGetSchedulerState
                0x0800944c       0x3c ./Middlewares/Third_Party/FreeRTOS/Source/tasks.o
                0x0800944c                xTaskGetSchedulerState
 .text.xTaskPriorityDisinherit
                0x08009488       0xe0 ./Middlewares/Third_Party/FreeRTOS/Source/tasks.o
                0x08009488                xTaskPriorityDisinherit
 .text.prvAddCurrentTaskToDelayedList
                0x08009568       0xa8 ./Middlewares/Third_Party/FreeRTOS/Source/tasks.o
 .text.xTimerCreateTimerTask
                0x08009610       0x94 ./Middlewares/Third_Party/FreeRTOS/Source/timers.o
                0x08009610                xTimerCreateTimerTask
 .text.xTimerGenericCommand
                0x080096a4       0x9c ./Middlewares/Third_Party/FreeRTOS/Source/timers.o
                0x080096a4                xTimerGenericCommand
 .text.prvProcessExpiredTimer
                0x08009740       0x9c ./Middlewares/Third_Party/FreeRTOS/Source/timers.o
 .text.prvTimerTask
                0x080097dc       0x26 ./Middlewares/Third_Party/FreeRTOS/Source/timers.o
 *fill*         0x08009802        0x2 
 .text.prvProcessTimerOrBlockTask
                0x08009804       0x9c ./Middlewares/Third_Party/FreeRTOS/Source/timers.o
 .text.prvGetNextExpireTime
                0x080098a0       0x48 ./Middlewares/Third_Party/FreeRTOS/Source/timers.o
 .text.prvSampleTimeNow
                0x080098e8       0x40 ./Middlewares/Third_Party/FreeRTOS/Source/timers.o
 .text.prvInsertTimerInActiveList
                0x08009928       0x84 ./Middlewares/Third_Party/FreeRTOS/Source/timers.o
 .text.prvProcessReceivedCommands
                0x080099ac      0x1cc ./Middlewares/Third_Party/FreeRTOS/Source/timers.o
 .text.prvSwitchTimerLists
                0x08009b78       0xcc ./Middlewares/Third_Party/FreeRTOS/Source/timers.o
 .text.prvCheckForValidListAndQueue
                0x08009c44       0x80 ./Middlewares/Third_Party/FreeRTOS/Source/timers.o
 .text.pxPortInitialiseStack
                0x08009cc4       0x68 ./Middlewares/Third_Party/FreeRTOS/Source/portable/GCC/ARM_CM4F/port.o
                0x08009cc4                pxPortInitialiseStack
 .text.prvTaskExitError
                0x08009d2c       0x5c ./Middlewares/Third_Party/FreeRTOS/Source/portable/GCC/ARM_CM4F/port.o
 *fill*         0x08009d88        0x8 
 .text.SVC_Handler
                0x08009d90       0x28 ./Middlewares/Third_Party/FreeRTOS/Source/portable/GCC/ARM_CM4F/port.o
                0x08009d90                SVC_Handler
 .text.prvPortStartFirstTask
                0x08009db8       0x28 ./Middlewares/Third_Party/FreeRTOS/Source/portable/GCC/ARM_CM4F/port.o
 .text.xPortStartScheduler
                0x08009de0      0x148 ./Middlewares/Third_Party/FreeRTOS/Source/portable/GCC/ARM_CM4F/port.o
                0x08009de0                xPortStartScheduler
 .text.vPortEnterCritical
                0x08009f28       0x64 ./Middlewares/Third_Party/FreeRTOS/Source/portable/GCC/ARM_CM4F/port.o
                0x08009f28                vPortEnterCritical
 .text.vPortExitCritical
                0x08009f8c       0x54 ./Middlewares/Third_Party/FreeRTOS/Source/portable/GCC/ARM_CM4F/port.o
                0x08009f8c                vPortExitCritical
 .text.PendSV_Handler
                0x08009fe0       0x68 ./Middlewares/Third_Party/FreeRTOS/Source/portable/GCC/ARM_CM4F/port.o
                0x08009fe0                PendSV_Handler
 .text.xPortSysTickHandler
                0x0800a048       0x44 ./Middlewares/Third_Party/FreeRTOS/Source/portable/GCC/ARM_CM4F/port.o
                0x0800a048                xPortSysTickHandler
 .text.vPortSetupTimerInterrupt
                0x0800a08c       0x48 ./Middlewares/Third_Party/FreeRTOS/Source/portable/GCC/ARM_CM4F/port.o
                0x0800a08c                vPortSetupTimerInterrupt
 .text.vPortEnableVFP
                0x0800a0d4       0x14 ./Middlewares/Third_Party/FreeRTOS/Source/portable/GCC/ARM_CM4F/port.o
 .text.vPortValidateInterruptPriority
                0x0800a0e8       0x84 ./Middlewares/Third_Party/FreeRTOS/Source/portable/GCC/ARM_CM4F/port.o
                0x0800a0e8                vPortValidateInterruptPriority
 .text.pvPortMalloc
                0x0800a16c      0x19c ./Middlewares/Third_Party/FreeRTOS/Source/portable/MemMang/heap_4.o
                0x0800a16c                pvPortMalloc
 .text.vPortFree
                0x0800a308       0xc8 ./Middlewares/Third_Party/FreeRTOS/Source/portable/MemMang/heap_4.o
                0x0800a308                vPortFree
 .text.prvHeapInit
                0x0800a3d0       0xc4 ./Middlewares/Third_Party/FreeRTOS/Source/portable/MemMang/heap_4.o
 .text.prvInsertBlockIntoFreeList
                0x0800a494       0xb4 ./Middlewares/Third_Party/FreeRTOS/Source/portable/MemMang/heap_4.o
 .text.memset   0x0800a548       0x10 C:/ST/STM32CubeIDE_1.19.0/STM32CubeIDE/plugins/com.st.stm32cube.ide.mcu.externaltools.gnu-tools-for-stm32.13.3.rel1.win32_1.0.0.202411081344/tools/bin/../lib/gcc/arm-none-eabi/13.3.1/../../../../arm-none-eabi/lib/thumb/v7e-m+fp/hard\libc_nano.a(libc_a-memset.o)
                0x0800a548                memset
 .text.clock    0x0800a558       0x28 C:/ST/STM32CubeIDE_1.19.0/STM32CubeIDE/plugins/com.st.stm32cube.ide.mcu.externaltools.gnu-tools-for-stm32.13.3.rel1.win32_1.0.0.202411081344/tools/bin/../lib/gcc/arm-none-eabi/13.3.1/../../../../arm-none-eabi/lib/thumb/v7e-m+fp/hard\libc_nano.a(libc_a-clock.o)
                0x0800a558                clock
 .text._times_r
                0x0800a580        0x6 C:/ST/STM32CubeIDE_1.19.0/STM32CubeIDE/plugins/com.st.stm32cube.ide.mcu.externaltools.gnu-tools-for-stm32.13.3.rel1.win32_1.0.0.202411081344/tools/bin/../lib/gcc/arm-none-eabi/13.3.1/../../../../arm-none-eabi/lib/thumb/v7e-m+fp/hard\libc_nano.a(libc_a-timesr.o)
                0x0800a580                _times_r
 *fill*         0x0800a586        0x2 
 .text.__errno  0x0800a588        0xc C:/ST/STM32CubeIDE_1.19.0/STM32CubeIDE/plugins/com.st.stm32cube.ide.mcu.externaltools.gnu-tools-for-stm32.13.3.rel1.win32_1.0.0.202411081344/tools/bin/../lib/gcc/arm-none-eabi/13.3.1/../../../../arm-none-eabi/lib/thumb/v7e-m+fp/hard\libc_nano.a(libc_a-errno.o)
                0x0800a588                __errno
 .text.__libc_init_array
                0x0800a594       0x48 C:/ST/STM32CubeIDE_1.19.0/STM32CubeIDE/plugins/com.st.stm32cube.ide.mcu.externaltools.gnu-tools-for-stm32.13.3.rel1.win32_1.0.0.202411081344/tools/bin/../lib/gcc/arm-none-eabi/13.3.1/../../../../arm-none-eabi/lib/thumb/v7e-m+fp/hard\libc_nano.a(libc_a-init.o)
                0x0800a594                __libc_init_array
 .text.memcpy   0x0800a5dc       0x1c C:/ST/STM32CubeIDE_1.19.0/STM32CubeIDE/plugins/com.st.stm32cube.ide.mcu.externaltools.gnu-tools-for-stm32.13.3.rel1.win32_1.0.0.202411081344/tools/bin/../lib/gcc/arm-none-eabi/13.3.1/../../../../arm-none-eabi/lib/thumb/v7e-m+fp/hard\libc_nano.a(libc_a-memcpy-stub.o)
                0x0800a5dc                memcpy
 .text.asinf    0x0800a5f8       0x58 C:/ST/STM32CubeIDE_1.19.0/STM32CubeIDE/plugins/com.st.stm32cube.ide.mcu.externaltools.gnu-tools-for-stm32.13.3.rel1.win32_1.0.0.202411081344/tools/bin/../lib/gcc/arm-none-eabi/13.3.1/../../../../arm-none-eabi/lib/thumb/v7e-m+fp/hard\libm.a(libm_a-wf_asin.o)
                0x0800a5f8                asinf
 .text.atan2f   0x0800a650        0x4 C:/ST/STM32CubeIDE_1.19.0/STM32CubeIDE/plugins/com.st.stm32cube.ide.mcu.externaltools.gnu-tools-for-stm32.13.3.rel1.win32_1.0.0.202411081344/tools/bin/../lib/gcc/arm-none-eabi/13.3.1/../../../../arm-none-eabi/lib/thumb/v7e-m+fp/hard\libm.a(libm_a-wf_atan2.o)
                0x0800a650                atan2f
 .text.powf     0x0800a654       0xae C:/ST/STM32CubeIDE_1.19.0/STM32CubeIDE/plugins/com.st.stm32cube.ide.mcu.externaltools.gnu-tools-for-stm32.13.3.rel1.win32_1.0.0.202411081344/tools/bin/../lib/gcc/arm-none-eabi/13.3.1/../../../../arm-none-eabi/lib/thumb/v7e-m+fp/hard\libm.a(libm_a-wf_pow.o)
                0x0800a654                powf
 *fill*         0x0800a702        0x2 
 .text.cosf     0x0800a704       0x88 C:/ST/STM32CubeIDE_1.19.0/STM32CubeIDE/plugins/com.st.stm32cube.ide.mcu.externaltools.gnu-tools-for-stm32.13.3.rel1.win32_1.0.0.202411081344/tools/bin/../lib/gcc/arm-none-eabi/13.3.1/../../../../arm-none-eabi/lib/thumb/v7e-m+fp/hard\libm.a(libm_a-sf_cos.o)
                0x0800a704                cosf
 .text.fabsf    0x0800a78c        0xe C:/ST/STM32CubeIDE_1.19.0/STM32CubeIDE/plugins/com.st.stm32cube.ide.mcu.externaltools.gnu-tools-for-stm32.13.3.rel1.win32_1.0.0.202411081344/tools/bin/../lib/gcc/arm-none-eabi/13.3.1/../../../../arm-none-eabi/lib/thumb/v7e-m+fp/hard\libm.a(libm_a-sf_fabs.o)
                0x0800a78c                fabsf
 *fill*         0x0800a79a        0x2 
 .text.sinf     0x0800a79c       0x8c C:/ST/STM32CubeIDE_1.19.0/STM32CubeIDE/plugins/com.st.stm32cube.ide.mcu.externaltools.gnu-tools-for-stm32.13.3.rel1.win32_1.0.0.202411081344/tools/bin/../lib/gcc/arm-none-eabi/13.3.1/../../../../arm-none-eabi/lib/thumb/v7e-m+fp/hard\libm.a(libm_a-sf_sin.o)
                0x0800a79c                sinf
 .text.finitef  0x0800a828       0x14 C:/ST/STM32CubeIDE_1.19.0/STM32CubeIDE/plugins/com.st.stm32cube.ide.mcu.externaltools.gnu-tools-for-stm32.13.3.rel1.win32_1.0.0.202411081344/tools/bin/../lib/gcc/arm-none-eabi/13.3.1/../../../../arm-none-eabi/lib/thumb/v7e-m+fp/hard\libm.a(libm_a-sf_finite.o)
                0x0800a828                finitef
 .text.nanf     0x0800a83c        0xc C:/ST/STM32CubeIDE_1.19.0/STM32CubeIDE/plugins/com.st.stm32cube.ide.mcu.externaltools.gnu-tools-for-stm32.13.3.rel1.win32_1.0.0.202411081344/tools/bin/../lib/gcc/arm-none-eabi/13.3.1/../../../../arm-none-eabi/lib/thumb/v7e-m+fp/hard\libm.a(libm_a-sf_nan.o)
                0x0800a83c                nanf
 .text.__ieee754_sqrtf
                0x0800a848        0x6 C:/ST/STM32CubeIDE_1.19.0/STM32CubeIDE/plugins/com.st.stm32cube.ide.mcu.externaltools.gnu-tools-for-stm32.13.3.rel1.win32_1.0.0.202411081344/tools/bin/../lib/gcc/arm-none-eabi/13.3.1/../../../../arm-none-eabi/lib/thumb/v7e-m+fp/hard\libm.a(libm_a-ef_sqrt.o)
                0x0800a848                __ieee754_sqrtf
 *fill*         0x0800a84e        0x2 
 .text.__kernel_cosf
                0x0800a850       0xb0 C:/ST/STM32CubeIDE_1.19.0/STM32CubeIDE/plugins/com.st.stm32cube.ide.mcu.externaltools.gnu-tools-for-stm32.13.3.rel1.win32_1.0.0.202411081344/tools/bin/../lib/gcc/arm-none-eabi/13.3.1/../../../../arm-none-eabi/lib/thumb/v7e-m+fp/hard\libm.a(libm_a-kf_cos.o)
                0x0800a850                __kernel_cosf
 .text.__kernel_sinf
                0x0800a900       0x90 C:/ST/STM32CubeIDE_1.19.0/STM32CubeIDE/plugins/com.st.stm32cube.ide.mcu.externaltools.gnu-tools-for-stm32.13.3.rel1.win32_1.0.0.202411081344/tools/bin/../lib/gcc/arm-none-eabi/13.3.1/../../../../arm-none-eabi/lib/thumb/v7e-m+fp/hard\libm.a(libm_a-kf_sin.o)
                0x0800a900                __kernel_sinf
 .text.__ieee754_asinf
                0x0800a990      0x1c8 C:/ST/STM32CubeIDE_1.19.0/STM32CubeIDE/plugins/com.st.stm32cube.ide.mcu.externaltools.gnu-tools-for-stm32.13.3.rel1.win32_1.0.0.202411081344/tools/bin/../lib/gcc/arm-none-eabi/13.3.1/../../../../arm-none-eabi/lib/thumb/v7e-m+fp/hard\libm.a(libm_a-ef_asin.o)
                0x0800a990                __ieee754_asinf
 .text.__ieee754_atan2f
                0x0800ab58      0x140 C:/ST/STM32CubeIDE_1.19.0/STM32CubeIDE/plugins/com.st.stm32cube.ide.mcu.externaltools.gnu-tools-for-stm32.13.3.rel1.win32_1.0.0.202411081344/tools/bin/../lib/gcc/arm-none-eabi/13.3.1/../../../../arm-none-eabi/lib/thumb/v7e-m+fp/hard\libm.a(libm_a-ef_atan2.o)
                0x0800ab58                __ieee754_atan2f
 .text.__ieee754_powf
                0x0800ac98      0x59c C:/ST/STM32CubeIDE_1.19.0/STM32CubeIDE/plugins/com.st.stm32cube.ide.mcu.externaltools.gnu-tools-for-stm32.13.3.rel1.win32_1.0.0.202411081344/tools/bin/../lib/gcc/arm-none-eabi/13.3.1/../../../../arm-none-eabi/lib/thumb/v7e-m+fp/hard\libm.a(libm_a-ef_pow.o)
                0x0800ac98                __ieee754_powf
 .text.__ieee754_rem_pio2f
                0x0800b234      0x260 C:/ST/STM32CubeIDE_1.19.0/STM32CubeIDE/plugins/com.st.stm32cube.ide.mcu.externaltools.gnu-tools-for-stm32.13.3.rel1.win32_1.0.0.202411081344/tools/bin/../lib/gcc/arm-none-eabi/13.3.1/../../../../arm-none-eabi/lib/thumb/v7e-m+fp/hard\libm.a(libm_a-ef_rem_pio2.o)
                0x0800b234                __ieee754_rem_pio2f
 .text.atanf    0x0800b494      0x1a8 C:/ST/STM32CubeIDE_1.19.0/STM32CubeIDE/plugins/com.st.stm32cube.ide.mcu.externaltools.gnu-tools-for-stm32.13.3.rel1.win32_1.0.0.202411081344/tools/bin/../lib/gcc/arm-none-eabi/13.3.1/../../../../arm-none-eabi/lib/thumb/v7e-m+fp/hard\libm.a(libm_a-sf_atan.o)
                0x0800b494                atanf
 .text.scalbnf  0x0800b63c       0xcc C:/ST/STM32CubeIDE_1.19.0/STM32CubeIDE/plugins/com.st.stm32cube.ide.mcu.externaltools.gnu-tools-for-stm32.13.3.rel1.win32_1.0.0.202411081344/tools/bin/../lib/gcc/arm-none-eabi/13.3.1/../../../../arm-none-eabi/lib/thumb/v7e-m+fp/hard\libm.a(libm_a-sf_scalbn.o)
                0x0800b63c                scalbnf
 .text.with_errnof
                0x0800b708       0x1c C:/ST/STM32CubeIDE_1.19.0/STM32CubeIDE/plugins/com.st.stm32cube.ide.mcu.externaltools.gnu-tools-for-stm32.13.3.rel1.win32_1.0.0.202411081344/tools/bin/../lib/gcc/arm-none-eabi/13.3.1/../../../../arm-none-eabi/lib/thumb/v7e-m+fp/hard\libm.a(libm_a-math_errf.o)
 .text.xflowf   0x0800b724       0x16 C:/ST/STM32CubeIDE_1.19.0/STM32CubeIDE/plugins/com.st.stm32cube.ide.mcu.externaltools.gnu-tools-for-stm32.13.3.rel1.win32_1.0.0.202411081344/tools/bin/../lib/gcc/arm-none-eabi/13.3.1/../../../../arm-none-eabi/lib/thumb/v7e-m+fp/hard\libm.a(libm_a-math_errf.o)
 *fill*         0x0800b73a        0x2 
 .text.__math_uflowf
                0x0800b73c        0xc C:/ST/STM32CubeIDE_1.19.0/STM32CubeIDE/plugins/com.st.stm32cube.ide.mcu.externaltools.gnu-tools-for-stm32.13.3.rel1.win32_1.0.0.202411081344/tools/bin/../lib/gcc/arm-none-eabi/13.3.1/../../../../arm-none-eabi/lib/thumb/v7e-m+fp/hard\libm.a(libm_a-math_errf.o)
                0x0800b73c                __math_uflowf
 .text.__math_oflowf
                0x0800b748        0xc C:/ST/STM32CubeIDE_1.19.0/STM32CubeIDE/plugins/com.st.stm32cube.ide.mcu.externaltools.gnu-tools-for-stm32.13.3.rel1.win32_1.0.0.202411081344/tools/bin/../lib/gcc/arm-none-eabi/13.3.1/../../../../arm-none-eabi/lib/thumb/v7e-m+fp/hard\libm.a(libm_a-math_errf.o)
                0x0800b748                __math_oflowf
 .text.__kernel_rem_pio2f
                0x0800b754      0x4d0 C:/ST/STM32CubeIDE_1.19.0/STM32CubeIDE/plugins/com.st.stm32cube.ide.mcu.externaltools.gnu-tools-for-stm32.13.3.rel1.win32_1.0.0.202411081344/tools/bin/../lib/gcc/arm-none-eabi/13.3.1/../../../../arm-none-eabi/lib/thumb/v7e-m+fp/hard\libm.a(libm_a-kf_rem_pio2.o)
                0x0800b754                __kernel_rem_pio2f
 .text.floorf   0x0800bc24       0x88 C:/ST/STM32CubeIDE_1.19.0/STM32CubeIDE/plugins/com.st.stm32cube.ide.mcu.externaltools.gnu-tools-for-stm32.13.3.rel1.win32_1.0.0.202411081344/tools/bin/../lib/gcc/arm-none-eabi/13.3.1/../../../../arm-none-eabi/lib/thumb/v7e-m+fp/hard\libm.a(libm_a-sf_floor.o)
                0x0800bc24                floorf
 *(.glue_7)
 .glue_7        0x0800bcac        0x0 linker stubs
 *(.glue_7t)
 .glue_7t       0x0800bcac        0x0 linker stubs
 *(.eh_frame)
 .eh_frame      0x0800bcac        0x0 C:/ST/STM32CubeIDE_1.19.0/STM32CubeIDE/plugins/com.st.stm32cube.ide.mcu.externaltools.gnu-tools-for-stm32.13.3.rel1.win32_1.0.0.202411081344/tools/bin/../lib/gcc/arm-none-eabi/13.3.1/thumb/v7e-m+fp/hard/crtbegin.o
 *(.init)
 .init          0x0800bcac        0x4 C:/ST/STM32CubeIDE_1.19.0/STM32CubeIDE/plugins/com.st.stm32cube.ide.mcu.externaltools.gnu-tools-for-stm32.13.3.rel1.win32_1.0.0.202411081344/tools/bin/../lib/gcc/arm-none-eabi/13.3.1/thumb/v7e-m+fp/hard/crti.o
                0x0800bcac                _init
 .init          0x0800bcb0        0x8 C:/ST/STM32CubeIDE_1.19.0/STM32CubeIDE/plugins/com.st.stm32cube.ide.mcu.externaltools.gnu-tools-for-stm32.13.3.rel1.win32_1.0.0.202411081344/tools/bin/../lib/gcc/arm-none-eabi/13.3.1/thumb/v7e-m+fp/hard/crtn.o
 *(.fini)
 .fini          0x0800bcb8        0x4 C:/ST/STM32CubeIDE_1.19.0/STM32CubeIDE/plugins/com.st.stm32cube.ide.mcu.externaltools.gnu-tools-for-stm32.13.3.rel1.win32_1.0.0.202411081344/tools/bin/../lib/gcc/arm-none-eabi/13.3.1/thumb/v7e-m+fp/hard/crti.o
                0x0800bcb8                _fini
 .fini          0x0800bcbc        0x8 C:/ST/STM32CubeIDE_1.19.0/STM32CubeIDE/plugins/com.st.stm32cube.ide.mcu.externaltools.gnu-tools-for-stm32.13.3.rel1.win32_1.0.0.202411081344/tools/bin/../lib/gcc/arm-none-eabi/13.3.1/thumb/v7e-m+fp/hard/crtn.o
                0x0800bcc4                        . = ALIGN (0x4)
                0x0800bcc4                        _etext = .

.vfp11_veneer   0x0800bcc4        0x0
 .vfp11_veneer  0x0800bcc4        0x0 linker stubs

.v4_bx          0x0800bcc4        0x0
 .v4_bx         0x0800bcc4        0x0 linker stubs

.iplt           0x0800bcc4        0x0
 .iplt          0x0800bcc4        0x0 C:/ST/STM32CubeIDE_1.19.0/STM32CubeIDE/plugins/com.st.stm32cube.ide.mcu.externaltools.gnu-tools-for-stm32.13.3.rel1.win32_1.0.0.202411081344/tools/bin/../lib/gcc/arm-none-eabi/13.3.1/thumb/v7e-m+fp/hard/crtbegin.o

.rodata         0x0800bcc4      0x6cc
                0x0800bcc4                        . = ALIGN (0x4)
 *(.rodata)
 .rodata        0x0800bcc4       0x18 ./Core/Src/Fusion/FusionAhrs.o
 .rodata        0x0800bcdc       0x50 ./Core/Src/main.o
 .rodata        0x0800bd2c        0x5 ./Middlewares/Third_Party/FreeRTOS/Source/tasks.o
 *fill*         0x0800bd31        0x3 
 .rodata        0x0800bd34        0xd ./Middlewares/Third_Party/FreeRTOS/Source/timers.o
 *(.rodata*)
 *fill*         0x0800bd41        0x3 
 .rodata.mavlink_sha256_constant_256
                0x0800bd44      0x100 ./Core/Src/main.o
 .rodata.gyroscopeMisalignment
                0x0800be44       0x24 ./Core/Src/main.o
                0x0800be44                gyroscopeMisalignment
 .rodata.gyroscopeSensitivity
                0x0800be68        0xc ./Core/Src/main.o
                0x0800be68                gyroscopeSensitivity
 .rodata.gyroscopeOffset
                0x0800be74        0xc ./Core/Src/main.o
                0x0800be74                gyroscopeOffset
 .rodata.accelerometerMisalignment
                0x0800be80       0x24 ./Core/Src/main.o
                0x0800be80                accelerometerMisalignment
 .rodata.accelerometerSensitivity
                0x0800bea4        0xc ./Core/Src/main.o
                0x0800bea4                accelerometerSensitivity
 .rodata.accelerometerOffset
                0x0800beb0        0xc ./Core/Src/main.o
                0x0800beb0                accelerometerOffset
 .rodata.defaultTask_attributes
                0x0800bebc       0x24 ./Core/Src/main.o
                0x0800bebc                defaultTask_attributes
 .rodata.imu_acquisition_attributes
                0x0800bee0       0x24 ./Core/Src/main.o
                0x0800bee0                imu_acquisition_attributes
 .rodata.pose_estimation_attributes
                0x0800bf04       0x24 ./Core/Src/main.o
                0x0800bf04                pose_estimation_attributes
 .rodata.uart_send_attributes
                0x0800bf28       0x24 ./Core/Src/main.o
                0x0800bf28                uart_send_attributes
 .rodata.AHBPrescTable
                0x0800bf4c       0x10 ./Core/Src/system_stm32f4xx.o
                0x0800bf4c                AHBPrescTable
 .rodata.APBPrescTable
                0x0800bf5c        0x8 ./Core/Src/system_stm32f4xx.o
                0x0800bf5c                APBPrescTable
 .rodata.flagBitshiftOffset.0
                0x0800bf64        0x8 ./Drivers/STM32F4xx_HAL_Driver/Src/stm32f4xx_hal_dma.o
 .rodata.asinf.str1.1
                0x0800bf6c        0x1 C:/ST/STM32CubeIDE_1.19.0/STM32CubeIDE/plugins/com.st.stm32cube.ide.mcu.externaltools.gnu-tools-for-stm32.13.3.rel1.win32_1.0.0.202411081344/tools/bin/../lib/gcc/arm-none-eabi/13.3.1/../../../../arm-none-eabi/lib/thumb/v7e-m+fp/hard\libm.a(libm_a-wf_asin.o)
 *fill*         0x0800bf6d        0x3 
 .rodata.CSWTCH.9
                0x0800bf70        0xc C:/ST/STM32CubeIDE_1.19.0/STM32CubeIDE/plugins/com.st.stm32cube.ide.mcu.externaltools.gnu-tools-for-stm32.13.3.rel1.win32_1.0.0.202411081344/tools/bin/../lib/gcc/arm-none-eabi/13.3.1/../../../../arm-none-eabi/lib/thumb/v7e-m+fp/hard\libm.a(libm_a-ef_atan2.o)
 .rodata.CSWTCH.8
                0x0800bf7c        0xc C:/ST/STM32CubeIDE_1.19.0/STM32CubeIDE/plugins/com.st.stm32cube.ide.mcu.externaltools.gnu-tools-for-stm32.13.3.rel1.win32_1.0.0.202411081344/tools/bin/../lib/gcc/arm-none-eabi/13.3.1/../../../../arm-none-eabi/lib/thumb/v7e-m+fp/hard\libm.a(libm_a-ef_atan2.o)
 .rodata.dp_l   0x0800bf88        0x8 C:/ST/STM32CubeIDE_1.19.0/STM32CubeIDE/plugins/com.st.stm32cube.ide.mcu.externaltools.gnu-tools-for-stm32.13.3.rel1.win32_1.0.0.202411081344/tools/bin/../lib/gcc/arm-none-eabi/13.3.1/../../../../arm-none-eabi/lib/thumb/v7e-m+fp/hard\libm.a(libm_a-ef_pow.o)
 .rodata.dp_h   0x0800bf90        0x8 C:/ST/STM32CubeIDE_1.19.0/STM32CubeIDE/plugins/com.st.stm32cube.ide.mcu.externaltools.gnu-tools-for-stm32.13.3.rel1.win32_1.0.0.202411081344/tools/bin/../lib/gcc/arm-none-eabi/13.3.1/../../../../arm-none-eabi/lib/thumb/v7e-m+fp/hard\libm.a(libm_a-ef_pow.o)
 .rodata.bp     0x0800bf98        0x8 C:/ST/STM32CubeIDE_1.19.0/STM32CubeIDE/plugins/com.st.stm32cube.ide.mcu.externaltools.gnu-tools-for-stm32.13.3.rel1.win32_1.0.0.202411081344/tools/bin/../lib/gcc/arm-none-eabi/13.3.1/../../../../arm-none-eabi/lib/thumb/v7e-m+fp/hard\libm.a(libm_a-ef_pow.o)
 .rodata.npio2_hw
                0x0800bfa0       0x80 C:/ST/STM32CubeIDE_1.19.0/STM32CubeIDE/plugins/com.st.stm32cube.ide.mcu.externaltools.gnu-tools-for-stm32.13.3.rel1.win32_1.0.0.202411081344/tools/bin/../lib/gcc/arm-none-eabi/13.3.1/../../../../arm-none-eabi/lib/thumb/v7e-m+fp/hard\libm.a(libm_a-ef_rem_pio2.o)
 .rodata.two_over_pi
                0x0800c020      0x318 C:/ST/STM32CubeIDE_1.19.0/STM32CubeIDE/plugins/com.st.stm32cube.ide.mcu.externaltools.gnu-tools-for-stm32.13.3.rel1.win32_1.0.0.202411081344/tools/bin/../lib/gcc/arm-none-eabi/13.3.1/../../../../arm-none-eabi/lib/thumb/v7e-m+fp/hard\libm.a(libm_a-ef_rem_pio2.o)
 .rodata.atanlo
                0x0800c338       0x10 C:/ST/STM32CubeIDE_1.19.0/STM32CubeIDE/plugins/com.st.stm32cube.ide.mcu.externaltools.gnu-tools-for-stm32.13.3.rel1.win32_1.0.0.202411081344/tools/bin/../lib/gcc/arm-none-eabi/13.3.1/../../../../arm-none-eabi/lib/thumb/v7e-m+fp/hard\libm.a(libm_a-sf_atan.o)
 .rodata.atanhi
                0x0800c348       0x10 C:/ST/STM32CubeIDE_1.19.0/STM32CubeIDE/plugins/com.st.stm32cube.ide.mcu.externaltools.gnu-tools-for-stm32.13.3.rel1.win32_1.0.0.202411081344/tools/bin/../lib/gcc/arm-none-eabi/13.3.1/../../../../arm-none-eabi/lib/thumb/v7e-m+fp/hard\libm.a(libm_a-sf_atan.o)
 .rodata.PIo2   0x0800c358       0x2c C:/ST/STM32CubeIDE_1.19.0/STM32CubeIDE/plugins/com.st.stm32cube.ide.mcu.externaltools.gnu-tools-for-stm32.13.3.rel1.win32_1.0.0.202411081344/tools/bin/../lib/gcc/arm-none-eabi/13.3.1/../../../../arm-none-eabi/lib/thumb/v7e-m+fp/hard\libm.a(libm_a-kf_rem_pio2.o)
 .rodata.init_jk
                0x0800c384        0xc C:/ST/STM32CubeIDE_1.19.0/STM32CubeIDE/plugins/com.st.stm32cube.ide.mcu.externaltools.gnu-tools-for-stm32.13.3.rel1.win32_1.0.0.202411081344/tools/bin/../lib/gcc/arm-none-eabi/13.3.1/../../../../arm-none-eabi/lib/thumb/v7e-m+fp/hard\libm.a(libm_a-kf_rem_pio2.o)
                0x0800c390                        . = ALIGN (0x4)

.ARM.extab      0x0800c390        0x0
                0x0800c390                        . = ALIGN (0x4)
 *(.ARM.extab* .gnu.linkonce.armextab.*)
                0x0800c390                        . = ALIGN (0x4)

.ARM            0x0800c390        0x8
                0x0800c390                        . = ALIGN (0x4)
                0x0800c390                        __exidx_start = .
 *(.ARM.exidx*)
 .ARM.exidx     0x0800c390        0x8 C:/ST/STM32CubeIDE_1.19.0/STM32CubeIDE/plugins/com.st.stm32cube.ide.mcu.externaltools.gnu-tools-for-stm32.13.3.rel1.win32_1.0.0.202411081344/tools/bin/../lib/gcc/arm-none-eabi/13.3.1/thumb/v7e-m+fp/hard\libgcc.a(_udivmoddi4.o)
                0x0800c398                        __exidx_end = .
                0x0800c398                        . = ALIGN (0x4)

.rel.dyn        0x0800c398        0x0
 .rel.iplt      0x0800c398        0x0 C:/ST/STM32CubeIDE_1.19.0/STM32CubeIDE/plugins/com.st.stm32cube.ide.mcu.externaltools.gnu-tools-for-stm32.13.3.rel1.win32_1.0.0.202411081344/tools/bin/../lib/gcc/arm-none-eabi/13.3.1/thumb/v7e-m+fp/hard/crtbegin.o

.preinit_array  0x0800c398        0x0
                0x0800c398                        . = ALIGN (0x4)
                0x0800c398                        PROVIDE (__preinit_array_start = .)
 *(.preinit_array*)
                0x0800c398                        PROVIDE (__preinit_array_end = .)
                0x0800c398                        . = ALIGN (0x4)

.init_array     0x0800c398        0x4
                0x0800c398                        . = ALIGN (0x4)
                0x0800c398                        PROVIDE (__init_array_start = .)
 *(SORT_BY_NAME(.init_array.*))
 *(.init_array*)
 .init_array    0x0800c398        0x4 C:/ST/STM32CubeIDE_1.19.0/STM32CubeIDE/plugins/com.st.stm32cube.ide.mcu.externaltools.gnu-tools-for-stm32.13.3.rel1.win32_1.0.0.202411081344/tools/bin/../lib/gcc/arm-none-eabi/13.3.1/thumb/v7e-m+fp/hard/crtbegin.o
                0x0800c39c                        PROVIDE (__init_array_end = .)
                0x0800c39c                        . = ALIGN (0x4)

.fini_array     0x0800c39c        0x4
                0x0800c39c                        . = ALIGN (0x4)
                [!provide]                        PROVIDE (__fini_array_start = .)
 *(SORT_BY_NAME(.fini_array.*))
 *(.fini_array*)
 .fini_array    0x0800c39c        0x4 C:/ST/STM32CubeIDE_1.19.0/STM32CubeIDE/plugins/com.st.stm32cube.ide.mcu.externaltools.gnu-tools-for-stm32.13.3.rel1.win32_1.0.0.202411081344/tools/bin/../lib/gcc/arm-none-eabi/13.3.1/thumb/v7e-m+fp/hard/crtbegin.o
                [!provide]                        PROVIDE (__fini_array_end = .)
                0x0800c3a0                        . = ALIGN (0x4)
                0x0800c3a0                        _sidata = LOADADDR (.data)

.data           0x20000000       0x60 load address 0x0800c3a0
                0x20000000                        . = ALIGN (0x4)
                0x20000000                        _sdata = .
 *(.data)
 *(.data*)
 .data.SystemCoreClock
                0x20000000        0x4 ./Core/Src/system_stm32f4xx.o
                0x20000000                SystemCoreClock
 .data.uwTickPrio
                0x20000004        0x4 ./Drivers/STM32F4xx_HAL_Driver/Src/stm32f4xx_hal.o
                0x20000004                uwTickPrio
 .data.uwTickFreq
                0x20000008        0x1 ./Drivers/STM32F4xx_HAL_Driver/Src/stm32f4xx_hal.o
                0x20000008                uwTickFreq
 *fill*         0x20000009        0x3 
 .data.uxCriticalNesting
                0x2000000c        0x4 ./Middlewares/Third_Party/FreeRTOS/Source/portable/GCC/ARM_CM4F/port.o
 .data._impure_ptr
                0x20000010        0x4 C:/ST/STM32CubeIDE_1.19.0/STM32CubeIDE/plugins/com.st.stm32cube.ide.mcu.externaltools.gnu-tools-for-stm32.13.3.rel1.win32_1.0.0.202411081344/tools/bin/../lib/gcc/arm-none-eabi/13.3.1/../../../../arm-none-eabi/lib/thumb/v7e-m+fp/hard\libc_nano.a(libc_a-impure.o)
                0x20000010                _impure_ptr
 .data._impure_data
                0x20000014       0x4c C:/ST/STM32CubeIDE_1.19.0/STM32CubeIDE/plugins/com.st.stm32cube.ide.mcu.externaltools.gnu-tools-for-stm32.13.3.rel1.win32_1.0.0.202411081344/tools/bin/../lib/gcc/arm-none-eabi/13.3.1/../../../../arm-none-eabi/lib/thumb/v7e-m+fp/hard\libc_nano.a(libc_a-impure.o)
                0x20000014                _impure_data
 *(.RamFunc)
 *(.RamFunc*)
                0x20000060                        . = ALIGN (0x4)
                0x20000060                        _edata = .
                0x0800c400                        _siccmram = LOADADDR (.ccmram)

.igot.plt       0x20000060        0x0 load address 0x0800c400
 .igot.plt      0x20000060        0x0 C:/ST/STM32CubeIDE_1.19.0/STM32CubeIDE/plugins/com.st.stm32cube.ide.mcu.externaltools.gnu-tools-for-stm32.13.3.rel1.win32_1.0.0.202411081344/tools/bin/../lib/gcc/arm-none-eabi/13.3.1/thumb/v7e-m+fp/hard/crtbegin.o

.ccmram         0x10000000        0x0 load address 0x0800c400
                0x10000000                        . = ALIGN (0x4)
                0x10000000                        _sccmram = .
 *(.ccmram)
 *(.ccmram*)
                0x10000000                        . = ALIGN (0x4)
                0x10000000                        _eccmram = .
                0x10000000                        . = ALIGN (0x4)

.bss            0x20000060     0x4f98
                0x20000060                        _sbss = .
                0x20000060                        __bss_start__ = _sbss
 *(.bss)
 .bss           0x20000060       0x1c C:/ST/STM32CubeIDE_1.19.0/STM32CubeIDE/plugins/com.st.stm32cube.ide.mcu.externaltools.gnu-tools-for-stm32.13.3.rel1.win32_1.0.0.202411081344/tools/bin/../lib/gcc/arm-none-eabi/13.3.1/thumb/v7e-m+fp/hard/crtbegin.o
 *(.bss*)
 .bss.imudata   0x2000007c       0x24 ./Core/Src/main.o
                0x2000007c                imudata
 .bss.offset    0x200000a0       0x18 ./Core/Src/main.o
                0x200000a0                offset
 .bss.ahrs      0x200000b8       0x74 ./Core/Src/main.o
                0x200000b8                ahrs
 .bss.euler     0x2000012c        0xc ./Core/Src/main.o
                0x2000012c                euler
 .bss.mavlink_tx_buffer
                0x20000138      0x118 ./Core/Src/main.o
                0x20000138                mavlink_tx_buffer
 .bss.hcrc      0x20000250        0x8 ./Core/Src/main.o
                0x20000250                hcrc
 .bss.hspi1     0x20000258       0x58 ./Core/Src/main.o
                0x20000258                hspi1
 .bss.hdma_spi1_rx
                0x200002b0       0x60 ./Core/Src/main.o
                0x200002b0                hdma_spi1_rx
 .bss.htim1     0x20000310       0x48 ./Core/Src/main.o
                0x20000310                htim1
 .bss.htim2     0x20000358       0x48 ./Core/Src/main.o
                0x20000358                htim2
 .bss.huart1    0x200003a0       0x48 ./Core/Src/main.o
                0x200003a0                huart1
 .bss.huart2    0x200003e8       0x48 ./Core/Src/main.o
                0x200003e8                huart2
 .bss.hdma_usart2_rx
                0x20000430       0x60 ./Core/Src/main.o
                0x20000430                hdma_usart2_rx
 .bss.hdma_usart2_tx
                0x20000490       0x60 ./Core/Src/main.o
                0x20000490                hdma_usart2_tx
 .bss.defaultTaskHandle
                0x200004f0        0x4 ./Core/Src/main.o
                0x200004f0                defaultTaskHandle
 .bss.imu_acquisitionHandle
                0x200004f4        0x4 ./Core/Src/main.o
                0x200004f4                imu_acquisitionHandle
 .bss.pose_estimationHandle
                0x200004f8        0x4 ./Core/Src/main.o
                0x200004f8                pose_estimationHandle
 .bss.uart_sendHandle
                0x200004fc        0x4 ./Core/Src/main.o
                0x200004fc                uart_sendHandle
 .bss.preCNT    0x20000500        0x4 ./Core/Src/main.o
                0x20000500                preCNT
 .bss.delCNT    0x20000504        0x4 ./Core/Src/main.o
                0x20000504                delCNT
 .bss.m_mavlink_status.1
                0x20000508       0x60 ./Core/Src/main.o
 .bss.previousTimestamp.0
                0x20000568        0x4 ./Core/Src/main.o
 .bss.uwTick    0x2000056c        0x4 ./Drivers/STM32F4xx_HAL_Driver/Src/stm32f4xx_hal.o
                0x2000056c                uwTick
 .bss.KernelState
                0x20000570        0x4 ./Middlewares/Third_Party/FreeRTOS/Source/CMSIS_RTOS_V2/cmsis_os2.o
 .bss.Idle_TCB.3
                0x20000574       0x5c ./Middlewares/Third_Party/FreeRTOS/Source/CMSIS_RTOS_V2/cmsis_os2.o
 .bss.Idle_Stack.2
                0x200005d0      0x200 ./Middlewares/Third_Party/FreeRTOS/Source/CMSIS_RTOS_V2/cmsis_os2.o
 .bss.Timer_TCB.1
                0x200007d0       0x5c ./Middlewares/Third_Party/FreeRTOS/Source/CMSIS_RTOS_V2/cmsis_os2.o
 .bss.Timer_Stack.0
                0x2000082c      0x400 ./Middlewares/Third_Party/FreeRTOS/Source/CMSIS_RTOS_V2/cmsis_os2.o
 .bss.xQueueRegistry
                0x20000c2c       0x40 ./Middlewares/Third_Party/FreeRTOS/Source/queue.o
                0x20000c2c                xQueueRegistry
 .bss.pxCurrentTCB
                0x20000c6c        0x4 ./Middlewares/Third_Party/FreeRTOS/Source/tasks.o
                0x20000c6c                pxCurrentTCB
 .bss.pxReadyTasksLists
                0x20000c70      0x460 ./Middlewares/Third_Party/FreeRTOS/Source/tasks.o
 .bss.xDelayedTaskList1
                0x200010d0       0x14 ./Middlewares/Third_Party/FreeRTOS/Source/tasks.o
 .bss.xDelayedTaskList2
                0x200010e4       0x14 ./Middlewares/Third_Party/FreeRTOS/Source/tasks.o
 .bss.pxDelayedTaskList
                0x200010f8        0x4 ./Middlewares/Third_Party/FreeRTOS/Source/tasks.o
 .bss.pxOverflowDelayedTaskList
                0x200010fc        0x4 ./Middlewares/Third_Party/FreeRTOS/Source/tasks.o
 .bss.xPendingReadyList
                0x20001100       0x14 ./Middlewares/Third_Party/FreeRTOS/Source/tasks.o
 .bss.xTasksWaitingTermination
                0x20001114       0x14 ./Middlewares/Third_Party/FreeRTOS/Source/tasks.o
 .bss.uxDeletedTasksWaitingCleanUp
                0x20001128        0x4 ./Middlewares/Third_Party/FreeRTOS/Source/tasks.o
 .bss.xSuspendedTaskList
                0x2000112c       0x14 ./Middlewares/Third_Party/FreeRTOS/Source/tasks.o
 .bss.uxCurrentNumberOfTasks
                0x20001140        0x4 ./Middlewares/Third_Party/FreeRTOS/Source/tasks.o
 .bss.xTickCount
                0x20001144        0x4 ./Middlewares/Third_Party/FreeRTOS/Source/tasks.o
 .bss.uxTopReadyPriority
                0x20001148        0x4 ./Middlewares/Third_Party/FreeRTOS/Source/tasks.o
 .bss.xSchedulerRunning
                0x2000114c        0x4 ./Middlewares/Third_Party/FreeRTOS/Source/tasks.o
 .bss.xPendedTicks
                0x20001150        0x4 ./Middlewares/Third_Party/FreeRTOS/Source/tasks.o
 .bss.xYieldPending
                0x20001154        0x4 ./Middlewares/Third_Party/FreeRTOS/Source/tasks.o
 .bss.xNumOfOverflows
                0x20001158        0x4 ./Middlewares/Third_Party/FreeRTOS/Source/tasks.o
 .bss.uxTaskNumber
                0x2000115c        0x4 ./Middlewares/Third_Party/FreeRTOS/Source/tasks.o
 .bss.xNextTaskUnblockTime
                0x20001160        0x4 ./Middlewares/Third_Party/FreeRTOS/Source/tasks.o
 .bss.xIdleTaskHandle
                0x20001164        0x4 ./Middlewares/Third_Party/FreeRTOS/Source/tasks.o
 .bss.uxSchedulerSuspended
                0x20001168        0x4 ./Middlewares/Third_Party/FreeRTOS/Source/tasks.o
 .bss.xActiveTimerList1
                0x2000116c       0x14 ./Middlewares/Third_Party/FreeRTOS/Source/timers.o
 .bss.xActiveTimerList2
                0x20001180       0x14 ./Middlewares/Third_Party/FreeRTOS/Source/timers.o
 .bss.pxCurrentTimerList
                0x20001194        0x4 ./Middlewares/Third_Party/FreeRTOS/Source/timers.o
 .bss.pxOverflowTimerList
                0x20001198        0x4 ./Middlewares/Third_Party/FreeRTOS/Source/timers.o
 .bss.xTimerQueue
                0x2000119c        0x4 ./Middlewares/Third_Party/FreeRTOS/Source/timers.o
 .bss.xTimerTaskHandle
                0x200011a0        0x4 ./Middlewares/Third_Party/FreeRTOS/Source/timers.o
 .bss.xLastTime.2
                0x200011a4        0x4 ./Middlewares/Third_Party/FreeRTOS/Source/timers.o
 .bss.ucStaticTimerQueueStorage.1
                0x200011a8       0xa0 ./Middlewares/Third_Party/FreeRTOS/Source/timers.o
 .bss.xStaticTimerQueue.0
                0x20001248       0x50 ./Middlewares/Third_Party/FreeRTOS/Source/timers.o
 .bss.ucMaxSysCallPriority
                0x20001298        0x1 ./Middlewares/Third_Party/FreeRTOS/Source/portable/GCC/ARM_CM4F/port.o
 *fill*         0x20001299        0x3 
 .bss.ulMaxPRIGROUPValue
                0x2000129c        0x4 ./Middlewares/Third_Party/FreeRTOS/Source/portable/GCC/ARM_CM4F/port.o
 .bss.ucHeap    0x200012a0     0x3c00 ./Middlewares/Third_Party/FreeRTOS/Source/portable/MemMang/heap_4.o
 .bss.xStart    0x20004ea0        0x8 ./Middlewares/Third_Party/FreeRTOS/Source/portable/MemMang/heap_4.o
 .bss.pxEnd     0x20004ea8        0x4 ./Middlewares/Third_Party/FreeRTOS/Source/portable/MemMang/heap_4.o
 .bss.xFreeBytesRemaining
                0x20004eac        0x4 ./Middlewares/Third_Party/FreeRTOS/Source/portable/MemMang/heap_4.o
 .bss.xMinimumEverFreeBytesRemaining
                0x20004eb0        0x4 ./Middlewares/Third_Party/FreeRTOS/Source/portable/MemMang/heap_4.o
 .bss.xNumberOfSuccessfulAllocations
                0x20004eb4        0x4 ./Middlewares/Third_Party/FreeRTOS/Source/portable/MemMang/heap_4.o
 .bss.xNumberOfSuccessfulFrees
                0x20004eb8        0x4 ./Middlewares/Third_Party/FreeRTOS/Source/portable/MemMang/heap_4.o
 .bss.xBlockAllocatedBit
                0x20004ebc        0x4 ./Middlewares/Third_Party/FreeRTOS/Source/portable/MemMang/heap_4.o
 .bss.__sf      0x20004ec0      0x138 C:/ST/STM32CubeIDE_1.19.0/STM32CubeIDE/plugins/com.st.stm32cube.ide.mcu.externaltools.gnu-tools-for-stm32.13.3.rel1.win32_1.0.0.202411081344/tools/bin/../lib/gcc/arm-none-eabi/13.3.1/../../../../arm-none-eabi/lib/thumb/v7e-m+fp/hard\libc_nano.a(libc_a-findfp.o)
                0x20004ec0                __sf
 *(COMMON)
                0x20004ff8                        . = ALIGN (0x4)
                0x20004ff8                        _ebss = .
                0x20004ff8                        __bss_end__ = _ebss

._user_heap_stack
                0x20004ff8      0x600
                0x20004ff8                        . = ALIGN (0x8)
                [!provide]                        PROVIDE (end = .)
                0x20004ff8                        PROVIDE (_end = .)
                0x200051f8                        . = (. + _Min_Heap_Size)
 *fill*         0x20004ff8      0x200 
                0x200055f8                        . = (. + _Min_Stack_Size)
 *fill*         0x200051f8      0x400 
                0x200055f8                        . = ALIGN (0x8)

/DISCARD/
 libc.a(*)
 libm.a(*)
 libgcc.a(*)

.ARM.attributes
                0x00000000       0x30
 *(.ARM.attributes)
 .ARM.attributes
                0x00000000       0x22 C:/ST/STM32CubeIDE_1.19.0/STM32CubeIDE/plugins/com.st.stm32cube.ide.mcu.externaltools.gnu-tools-for-stm32.13.3.rel1.win32_1.0.0.202411081344/tools/bin/../lib/gcc/arm-none-eabi/13.3.1/thumb/v7e-m+fp/hard/crti.o
 .ARM.attributes
                0x00000022       0x34 C:/ST/STM32CubeIDE_1.19.0/STM32CubeIDE/plugins/com.st.stm32cube.ide.mcu.externaltools.gnu-tools-for-stm32.13.3.rel1.win32_1.0.0.202411081344/tools/bin/../lib/gcc/arm-none-eabi/13.3.1/thumb/v7e-m+fp/hard/crtbegin.o
 .ARM.attributes
                0x00000056       0x34 ./Core/Src/Fusion/FusionAhrs.o
 .ARM.attributes
                0x0000008a       0x34 ./Core/Src/Fusion/FusionOffset.o
 .ARM.attributes
                0x000000be       0x34 ./Core/Src/freertos.o
 .ARM.attributes
                0x000000f2       0x34 ./Core/Src/icm42688p.o
 .ARM.attributes
                0x00000126       0x34 ./Core/Src/main.o
 .ARM.attributes
                0x0000015a       0x34 ./Core/Src/stm32f4xx_hal_msp.o
 .ARM.attributes
                0x0000018e       0x34 ./Core/Src/stm32f4xx_it.o
 .ARM.attributes
                0x000001c2       0x34 ./Core/Src/syscalls.o
 .ARM.attributes
                0x000001f6       0x34 ./Core/Src/system_stm32f4xx.o
 .ARM.attributes
                0x0000022a       0x21 ./Core/Startup/startup_stm32f405rgtx.o
 .ARM.attributes
                0x0000024b       0x34 ./Drivers/STM32F4xx_HAL_Driver/Src/stm32f4xx_hal.o
 .ARM.attributes
                0x0000027f       0x34 ./Drivers/STM32F4xx_HAL_Driver/Src/stm32f4xx_hal_cortex.o
 .ARM.attributes
                0x000002b3       0x34 ./Drivers/STM32F4xx_HAL_Driver/Src/stm32f4xx_hal_crc.o
 .ARM.attributes
                0x000002e7       0x34 ./Drivers/STM32F4xx_HAL_Driver/Src/stm32f4xx_hal_dma.o
 .ARM.attributes
                0x0000031b       0x34 ./Drivers/STM32F4xx_HAL_Driver/Src/stm32f4xx_hal_gpio.o
 .ARM.attributes
                0x0000034f       0x34 ./Drivers/STM32F4xx_HAL_Driver/Src/stm32f4xx_hal_rcc.o
 .ARM.attributes
                0x00000383       0x34 ./Drivers/STM32F4xx_HAL_Driver/Src/stm32f4xx_hal_spi.o
 .ARM.attributes
                0x000003b7       0x34 ./Drivers/STM32F4xx_HAL_Driver/Src/stm32f4xx_hal_tim.o
 .ARM.attributes
                0x000003eb       0x34 ./Drivers/STM32F4xx_HAL_Driver/Src/stm32f4xx_hal_tim_ex.o
 .ARM.attributes
                0x0000041f       0x34 ./Drivers/STM32F4xx_HAL_Driver/Src/stm32f4xx_hal_uart.o
 .ARM.attributes
                0x00000453       0x34 ./Middlewares/Third_Party/FreeRTOS/Source/CMSIS_RTOS_V2/cmsis_os2.o
 .ARM.attributes
                0x00000487       0x34 ./Middlewares/Third_Party/FreeRTOS/Source/list.o
 .ARM.attributes
                0x000004bb       0x34 ./Middlewares/Third_Party/FreeRTOS/Source/queue.o
 .ARM.attributes
                0x000004ef       0x34 ./Middlewares/Third_Party/FreeRTOS/Source/tasks.o
 .ARM.attributes
                0x00000523       0x34 ./Middlewares/Third_Party/FreeRTOS/Source/timers.o
 .ARM.attributes
                0x00000557       0x34 ./Middlewares/Third_Party/FreeRTOS/Source/portable/GCC/ARM_CM4F/port.o
 .ARM.attributes
                0x0000058b       0x34 ./Middlewares/Third_Party/FreeRTOS/Source/portable/MemMang/heap_4.o
 .ARM.attributes
                0x000005bf       0x34 C:/ST/STM32CubeIDE_1.19.0/STM32CubeIDE/plugins/com.st.stm32cube.ide.mcu.externaltools.gnu-tools-for-stm32.13.3.rel1.win32_1.0.0.202411081344/tools/bin/../lib/gcc/arm-none-eabi/13.3.1/../../../../arm-none-eabi/lib/thumb/v7e-m+fp/hard\libc_nano.a(libc_a-findfp.o)
 .ARM.attributes
                0x000005f3       0x34 C:/ST/STM32CubeIDE_1.19.0/STM32CubeIDE/plugins/com.st.stm32cube.ide.mcu.externaltools.gnu-tools-for-stm32.13.3.rel1.win32_1.0.0.202411081344/tools/bin/../lib/gcc/arm-none-eabi/13.3.1/../../../../arm-none-eabi/lib/thumb/v7e-m+fp/hard\libc_nano.a(libc_a-memset.o)
 .ARM.attributes
                0x00000627       0x34 C:/ST/STM32CubeIDE_1.19.0/STM32CubeIDE/plugins/com.st.stm32cube.ide.mcu.externaltools.gnu-tools-for-stm32.13.3.rel1.win32_1.0.0.202411081344/tools/bin/../lib/gcc/arm-none-eabi/13.3.1/../../../../arm-none-eabi/lib/thumb/v7e-m+fp/hard\libc_nano.a(libc_a-clock.o)
 .ARM.attributes
                0x0000065b       0x34 C:/ST/STM32CubeIDE_1.19.0/STM32CubeIDE/plugins/com.st.stm32cube.ide.mcu.externaltools.gnu-tools-for-stm32.13.3.rel1.win32_1.0.0.202411081344/tools/bin/../lib/gcc/arm-none-eabi/13.3.1/../../../../arm-none-eabi/lib/thumb/v7e-m+fp/hard\libc_nano.a(libc_a-impure.o)
 .ARM.attributes
                0x0000068f       0x34 C:/ST/STM32CubeIDE_1.19.0/STM32CubeIDE/plugins/com.st.stm32cube.ide.mcu.externaltools.gnu-tools-for-stm32.13.3.rel1.win32_1.0.0.202411081344/tools/bin/../lib/gcc/arm-none-eabi/13.3.1/../../../../arm-none-eabi/lib/thumb/v7e-m+fp/hard\libc_nano.a(libc_a-timesr.o)
 .ARM.attributes
                0x000006c3       0x34 C:/ST/STM32CubeIDE_1.19.0/STM32CubeIDE/plugins/com.st.stm32cube.ide.mcu.externaltools.gnu-tools-for-stm32.13.3.rel1.win32_1.0.0.202411081344/tools/bin/../lib/gcc/arm-none-eabi/13.3.1/../../../../arm-none-eabi/lib/thumb/v7e-m+fp/hard\libc_nano.a(libc_a-errno.o)
 .ARM.attributes
                0x000006f7       0x34 C:/ST/STM32CubeIDE_1.19.0/STM32CubeIDE/plugins/com.st.stm32cube.ide.mcu.externaltools.gnu-tools-for-stm32.13.3.rel1.win32_1.0.0.202411081344/tools/bin/../lib/gcc/arm-none-eabi/13.3.1/../../../../arm-none-eabi/lib/thumb/v7e-m+fp/hard\libc_nano.a(libc_a-init.o)
 .ARM.attributes
                0x0000072b       0x34 C:/ST/STM32CubeIDE_1.19.0/STM32CubeIDE/plugins/com.st.stm32cube.ide.mcu.externaltools.gnu-tools-for-stm32.13.3.rel1.win32_1.0.0.202411081344/tools/bin/../lib/gcc/arm-none-eabi/13.3.1/../../../../arm-none-eabi/lib/thumb/v7e-m+fp/hard\libc_nano.a(libc_a-memcpy-stub.o)
 .ARM.attributes
                0x0000075f       0x34 C:/ST/STM32CubeIDE_1.19.0/STM32CubeIDE/plugins/com.st.stm32cube.ide.mcu.externaltools.gnu-tools-for-stm32.13.3.rel1.win32_1.0.0.202411081344/tools/bin/../lib/gcc/arm-none-eabi/13.3.1/../../../../arm-none-eabi/lib/thumb/v7e-m+fp/hard\libm.a(libm_a-wf_asin.o)
 .ARM.attributes
                0x00000793       0x34 C:/ST/STM32CubeIDE_1.19.0/STM32CubeIDE/plugins/com.st.stm32cube.ide.mcu.externaltools.gnu-tools-for-stm32.13.3.rel1.win32_1.0.0.202411081344/tools/bin/../lib/gcc/arm-none-eabi/13.3.1/../../../../arm-none-eabi/lib/thumb/v7e-m+fp/hard\libm.a(libm_a-wf_atan2.o)
 .ARM.attributes
                0x000007c7       0x34 C:/ST/STM32CubeIDE_1.19.0/STM32CubeIDE/plugins/com.st.stm32cube.ide.mcu.externaltools.gnu-tools-for-stm32.13.3.rel1.win32_1.0.0.202411081344/tools/bin/../lib/gcc/arm-none-eabi/13.3.1/../../../../arm-none-eabi/lib/thumb/v7e-m+fp/hard\libm.a(libm_a-wf_pow.o)
 .ARM.attributes
                0x000007fb       0x34 C:/ST/STM32CubeIDE_1.19.0/STM32CubeIDE/plugins/com.st.stm32cube.ide.mcu.externaltools.gnu-tools-for-stm32.13.3.rel1.win32_1.0.0.202411081344/tools/bin/../lib/gcc/arm-none-eabi/13.3.1/../../../../arm-none-eabi/lib/thumb/v7e-m+fp/hard\libm.a(libm_a-sf_cos.o)
 .ARM.attributes
                0x0000082f       0x34 C:/ST/STM32CubeIDE_1.19.0/STM32CubeIDE/plugins/com.st.stm32cube.ide.mcu.externaltools.gnu-tools-for-stm32.13.3.rel1.win32_1.0.0.202411081344/tools/bin/../lib/gcc/arm-none-eabi/13.3.1/../../../../arm-none-eabi/lib/thumb/v7e-m+fp/hard\libm.a(libm_a-sf_fabs.o)
 .ARM.attributes
                0x00000863       0x34 C:/ST/STM32CubeIDE_1.19.0/STM32CubeIDE/plugins/com.st.stm32cube.ide.mcu.externaltools.gnu-tools-for-stm32.13.3.rel1.win32_1.0.0.202411081344/tools/bin/../lib/gcc/arm-none-eabi/13.3.1/../../../../arm-none-eabi/lib/thumb/v7e-m+fp/hard\libm.a(libm_a-sf_sin.o)
 .ARM.attributes
                0x00000897       0x34 C:/ST/STM32CubeIDE_1.19.0/STM32CubeIDE/plugins/com.st.stm32cube.ide.mcu.externaltools.gnu-tools-for-stm32.13.3.rel1.win32_1.0.0.202411081344/tools/bin/../lib/gcc/arm-none-eabi/13.3.1/../../../../arm-none-eabi/lib/thumb/v7e-m+fp/hard\libm.a(libm_a-sf_finite.o)
 .ARM.attributes
                0x000008cb       0x34 C:/ST/STM32CubeIDE_1.19.0/STM32CubeIDE/plugins/com.st.stm32cube.ide.mcu.externaltools.gnu-tools-for-stm32.13.3.rel1.win32_1.0.0.202411081344/tools/bin/../lib/gcc/arm-none-eabi/13.3.1/../../../../arm-none-eabi/lib/thumb/v7e-m+fp/hard\libm.a(libm_a-sf_nan.o)
 .ARM.attributes
                0x000008ff       0x34 C:/ST/STM32CubeIDE_1.19.0/STM32CubeIDE/plugins/com.st.stm32cube.ide.mcu.externaltools.gnu-tools-for-stm32.13.3.rel1.win32_1.0.0.202411081344/tools/bin/../lib/gcc/arm-none-eabi/13.3.1/../../../../arm-none-eabi/lib/thumb/v7e-m+fp/hard\libm.a(libm_a-ef_sqrt.o)
 .ARM.attributes
                0x00000933       0x34 C:/ST/STM32CubeIDE_1.19.0/STM32CubeIDE/plugins/com.st.stm32cube.ide.mcu.externaltools.gnu-tools-for-stm32.13.3.rel1.win32_1.0.0.202411081344/tools/bin/../lib/gcc/arm-none-eabi/13.3.1/../../../../arm-none-eabi/lib/thumb/v7e-m+fp/hard\libm.a(libm_a-kf_cos.o)
 .ARM.attributes
                0x00000967       0x34 C:/ST/STM32CubeIDE_1.19.0/STM32CubeIDE/plugins/com.st.stm32cube.ide.mcu.externaltools.gnu-tools-for-stm32.13.3.rel1.win32_1.0.0.202411081344/tools/bin/../lib/gcc/arm-none-eabi/13.3.1/../../../../arm-none-eabi/lib/thumb/v7e-m+fp/hard\libm.a(libm_a-kf_sin.o)
 .ARM.attributes
                0x0000099b       0x34 C:/ST/STM32CubeIDE_1.19.0/STM32CubeIDE/plugins/com.st.stm32cube.ide.mcu.externaltools.gnu-tools-for-stm32.13.3.rel1.win32_1.0.0.202411081344/tools/bin/../lib/gcc/arm-none-eabi/13.3.1/../../../../arm-none-eabi/lib/thumb/v7e-m+fp/hard\libm.a(libm_a-ef_asin.o)
 .ARM.attributes
                0x000009cf       0x34 C:/ST/STM32CubeIDE_1.19.0/STM32CubeIDE/plugins/com.st.stm32cube.ide.mcu.externaltools.gnu-tools-for-stm32.13.3.rel1.win32_1.0.0.202411081344/tools/bin/../lib/gcc/arm-none-eabi/13.3.1/../../../../arm-none-eabi/lib/thumb/v7e-m+fp/hard\libm.a(libm_a-ef_atan2.o)
 .ARM.attributes
                0x00000a03       0x34 C:/ST/STM32CubeIDE_1.19.0/STM32CubeIDE/plugins/com.st.stm32cube.ide.mcu.externaltools.gnu-tools-for-stm32.13.3.rel1.win32_1.0.0.202411081344/tools/bin/../lib/gcc/arm-none-eabi/13.3.1/../../../../arm-none-eabi/lib/thumb/v7e-m+fp/hard\libm.a(libm_a-ef_pow.o)
 .ARM.attributes
                0x00000a37       0x34 C:/ST/STM32CubeIDE_1.19.0/STM32CubeIDE/plugins/com.st.stm32cube.ide.mcu.externaltools.gnu-tools-for-stm32.13.3.rel1.win32_1.0.0.202411081344/tools/bin/../lib/gcc/arm-none-eabi/13.3.1/../../../../arm-none-eabi/lib/thumb/v7e-m+fp/hard\libm.a(libm_a-ef_rem_pio2.o)
 .ARM.attributes
                0x00000a6b       0x34 C:/ST/STM32CubeIDE_1.19.0/STM32CubeIDE/plugins/com.st.stm32cube.ide.mcu.externaltools.gnu-tools-for-stm32.13.3.rel1.win32_1.0.0.202411081344/tools/bin/../lib/gcc/arm-none-eabi/13.3.1/../../../../arm-none-eabi/lib/thumb/v7e-m+fp/hard\libm.a(libm_a-sf_atan.o)
 .ARM.attributes
                0x00000a9f       0x34 C:/ST/STM32CubeIDE_1.19.0/STM32CubeIDE/plugins/com.st.stm32cube.ide.mcu.externaltools.gnu-tools-for-stm32.13.3.rel1.win32_1.0.0.202411081344/tools/bin/../lib/gcc/arm-none-eabi/13.3.1/../../../../arm-none-eabi/lib/thumb/v7e-m+fp/hard\libm.a(libm_a-sf_scalbn.o)
 .ARM.attributes
                0x00000ad3       0x34 C:/ST/STM32CubeIDE_1.19.0/STM32CubeIDE/plugins/com.st.stm32cube.ide.mcu.externaltools.gnu-tools-for-stm32.13.3.rel1.win32_1.0.0.202411081344/tools/bin/../lib/gcc/arm-none-eabi/13.3.1/../../../../arm-none-eabi/lib/thumb/v7e-m+fp/hard\libm.a(libm_a-math_errf.o)
 .ARM.attributes
                0x00000b07       0x34 C:/ST/STM32CubeIDE_1.19.0/STM32CubeIDE/plugins/com.st.stm32cube.ide.mcu.externaltools.gnu-tools-for-stm32.13.3.rel1.win32_1.0.0.202411081344/tools/bin/../lib/gcc/arm-none-eabi/13.3.1/../../../../arm-none-eabi/lib/thumb/v7e-m+fp/hard\libm.a(libm_a-kf_rem_pio2.o)
 .ARM.attributes
                0x00000b3b       0x34 C:/ST/STM32CubeIDE_1.19.0/STM32CubeIDE/plugins/com.st.stm32cube.ide.mcu.externaltools.gnu-tools-for-stm32.13.3.rel1.win32_1.0.0.202411081344/tools/bin/../lib/gcc/arm-none-eabi/13.3.1/../../../../arm-none-eabi/lib/thumb/v7e-m+fp/hard\libm.a(libm_a-sf_floor.o)
 .ARM.attributes
                0x00000b6f       0x22 C:/ST/STM32CubeIDE_1.19.0/STM32CubeIDE/plugins/com.st.stm32cube.ide.mcu.externaltools.gnu-tools-for-stm32.13.3.rel1.win32_1.0.0.202411081344/tools/bin/../lib/gcc/arm-none-eabi/13.3.1/thumb/v7e-m+fp/hard\libgcc.a(_aeabi_uldivmod.o)
 .ARM.attributes
                0x00000b91       0x34 C:/ST/STM32CubeIDE_1.19.0/STM32CubeIDE/plugins/com.st.stm32cube.ide.mcu.externaltools.gnu-tools-for-stm32.13.3.rel1.win32_1.0.0.202411081344/tools/bin/../lib/gcc/arm-none-eabi/13.3.1/thumb/v7e-m+fp/hard\libgcc.a(_udivmoddi4.o)
 .ARM.attributes