Archive member included to satisfy reference by file (symbol)

C:/ST/STM32CubeIDE_1.19.0/STM32CubeIDE/plugins/com.st.stm32cube.ide.mcu.externaltools.gnu-tools-for-stm32.13.3.rel1.win32_1.0.0.202411081344/tools/bin/../lib/gcc/arm-none-eabi/13.3.1/../../../../arm-none-eabi/lib/thumb/v7e-m+fp/hard\libc_nano.a(libc_a-exit.o)
                              C:/ST/STM32CubeIDE_1.19.0/STM32CubeIDE/plugins/com.st.stm32cube.ide.mcu.externaltools.gnu-tools-for-stm32.13.3.rel1.win32_1.0.0.202411081344/tools/bin/../lib/gcc/arm-none-eabi/13.3.1/../../../../arm-none-eabi/lib/thumb/v7e-m+fp/hard/crt0.o (exit)
C:/ST/STM32CubeIDE_1.19.0/STM32CubeIDE/plugins/com.st.stm32cube.ide.mcu.externaltools.gnu-tools-for-stm32.13.3.rel1.win32_1.0.0.202411081344/tools/bin/../lib/gcc/arm-none-eabi/13.3.1/../../../../arm-none-eabi/lib/thumb/v7e-m+fp/hard\libc_nano.a(libc_a-findfp.o)
                              C:/ST/STM32CubeIDE_1.19.0/STM32CubeIDE/plugins/com.st.stm32cube.ide.mcu.externaltools.gnu-tools-for-stm32.13.3.rel1.win32_1.0.0.202411081344/tools/bin/../lib/gcc/arm-none-eabi/13.3.1/../../../../arm-none-eabi/lib/thumb/v7e-m+fp/hard\libc_nano.a(libc_a-exit.o) (__stdio_exit_handler)
C:/ST/STM32CubeIDE_1.19.0/STM32CubeIDE/plugins/com.st.stm32cube.ide.mcu.externaltools.gnu-tools-for-stm32.13.3.rel1.win32_1.0.0.202411081344/tools/bin/../lib/gcc/arm-none-eabi/13.3.1/../../../../arm-none-eabi/lib/thumb/v7e-m+fp/hard\libc_nano.a(libc_a-fwalk.o)
                              C:/ST/STM32CubeIDE_1.19.0/STM32CubeIDE/plugins/com.st.stm32cube.ide.mcu.externaltools.gnu-tools-for-stm32.13.3.rel1.win32_1.0.0.202411081344/tools/bin/../lib/gcc/arm-none-eabi/13.3.1/../../../../arm-none-eabi/lib/thumb/v7e-m+fp/hard\libc_nano.a(libc_a-findfp.o) (_fwalk_sglue)
C:/ST/STM32CubeIDE_1.19.0/STM32CubeIDE/plugins/com.st.stm32cube.ide.mcu.externaltools.gnu-tools-for-stm32.13.3.rel1.win32_1.0.0.202411081344/tools/bin/../lib/gcc/arm-none-eabi/13.3.1/../../../../arm-none-eabi/lib/thumb/v7e-m+fp/hard\libc_nano.a(libc_a-stdio.o)
                              C:/ST/STM32CubeIDE_1.19.0/STM32CubeIDE/plugins/com.st.stm32cube.ide.mcu.externaltools.gnu-tools-for-stm32.13.3.rel1.win32_1.0.0.202411081344/tools/bin/../lib/gcc/arm-none-eabi/13.3.1/../../../../arm-none-eabi/lib/thumb/v7e-m+fp/hard\libc_nano.a(libc_a-findfp.o) (__sread)
C:/ST/STM32CubeIDE_1.19.0/STM32CubeIDE/plugins/com.st.stm32cube.ide.mcu.externaltools.gnu-tools-for-stm32.13.3.rel1.win32_1.0.0.202411081344/tools/bin/../lib/gcc/arm-none-eabi/13.3.1/../../../../arm-none-eabi/lib/thumb/v7e-m+fp/hard\libc_nano.a(libc_a-memset.o)
                              C:/ST/STM32CubeIDE_1.19.0/STM32CubeIDE/plugins/com.st.stm32cube.ide.mcu.externaltools.gnu-tools-for-stm32.13.3.rel1.win32_1.0.0.202411081344/tools/bin/../lib/gcc/arm-none-eabi/13.3.1/../../../../arm-none-eabi/lib/thumb/v7e-m+fp/hard/crt0.o (memset)
C:/ST/STM32CubeIDE_1.19.0/STM32CubeIDE/plugins/com.st.stm32cube.ide.mcu.externaltools.gnu-tools-for-stm32.13.3.rel1.win32_1.0.0.202411081344/tools/bin/../lib/gcc/arm-none-eabi/13.3.1/../../../../arm-none-eabi/lib/thumb/v7e-m+fp/hard\libc_nano.a(libc_a-closer.o)
                              C:/ST/STM32CubeIDE_1.19.0/STM32CubeIDE/plugins/com.st.stm32cube.ide.mcu.externaltools.gnu-tools-for-stm32.13.3.rel1.win32_1.0.0.202411081344/tools/bin/../lib/gcc/arm-none-eabi/13.3.1/../../../../arm-none-eabi/lib/thumb/v7e-m+fp/hard\libc_nano.a(libc_a-stdio.o) (_close_r)
C:/ST/STM32CubeIDE_1.19.0/STM32CubeIDE/plugins/com.st.stm32cube.ide.mcu.externaltools.gnu-tools-for-stm32.13.3.rel1.win32_1.0.0.202411081344/tools/bin/../lib/gcc/arm-none-eabi/13.3.1/../../../../arm-none-eabi/lib/thumb/v7e-m+fp/hard\libc_nano.a(libc_a-reent.o)
                              C:/ST/STM32CubeIDE_1.19.0/STM32CubeIDE/plugins/com.st.stm32cube.ide.mcu.externaltools.gnu-tools-for-stm32.13.3.rel1.win32_1.0.0.202411081344/tools/bin/../lib/gcc/arm-none-eabi/13.3.1/../../../../arm-none-eabi/lib/thumb/v7e-m+fp/hard\libc_nano.a(libc_a-closer.o) (errno)
C:/ST/STM32CubeIDE_1.19.0/STM32CubeIDE/plugins/com.st.stm32cube.ide.mcu.externaltools.gnu-tools-for-stm32.13.3.rel1.win32_1.0.0.202411081344/tools/bin/../lib/gcc/arm-none-eabi/13.3.1/../../../../arm-none-eabi/lib/thumb/v7e-m+fp/hard\libc_nano.a(libc_a-impure.o)
                              C:/ST/STM32CubeIDE_1.19.0/STM32CubeIDE/plugins/com.st.stm32cube.ide.mcu.externaltools.gnu-tools-for-stm32.13.3.rel1.win32_1.0.0.202411081344/tools/bin/../lib/gcc/arm-none-eabi/13.3.1/../../../../arm-none-eabi/lib/thumb/v7e-m+fp/hard\libc_nano.a(libc_a-reent.o) (_impure_ptr)
C:/ST/STM32CubeIDE_1.19.0/STM32CubeIDE/plugins/com.st.stm32cube.ide.mcu.externaltools.gnu-tools-for-stm32.13.3.rel1.win32_1.0.0.202411081344/tools/bin/../lib/gcc/arm-none-eabi/13.3.1/../../../../arm-none-eabi/lib/thumb/v7e-m+fp/hard\libc_nano.a(libc_a-lseekr.o)
[...]
Memory Configuration

Name             Origin             Length             Attributes
CCMRAM           0x10000000         0x00010000         xrw
RAM              0x20000000         0x00020000         xrw
FLASH            0x08000000         0x00100000         xr
*default*        0x00000000         0xffffffff

Linker script and memory map

LOAD C:/ST/STM32CubeIDE_1.19.0/STM32CubeIDE/plugins/com.st.stm32cube.ide.mcu.externaltools.gnu-tools-for-stm32.13.3.rel1.win32_1.0.0.202411081344/tools/bin/../lib/gcc/arm-none-eabi/13.3.1/thumb/v7e-m+fp/hard/crti.o
LOAD C:/ST/STM32CubeIDE_1.19.0/STM32CubeIDE/plugins/com.st.stm32cube.ide.mcu.externaltools.gnu-tools-for-stm32.13.3.rel1.win32_1.0.0.202411081344/tools/bin/../lib/gcc/arm-none-eabi/13.3.1/thumb/v7e-m+fp/hard/crtbegin.o
LOAD C:/ST/STM32CubeIDE_1.19.0/STM32CubeIDE/plugins/com.st.stm32cube.ide.mcu.externaltools.gnu-tools-for-stm32.13.3.rel1.win32_1.0.0.202411081344/tools/bin/../lib/gcc/arm-none-eabi/13.3.1/../../../../arm-none-eabi/lib/thumb/v7e-m+fp/hard/crt0.o
LOAD ./Core/Src/freertos.o
LOAD ./Core/Src/icm42688p.o
LOAD ./Core/Src/main.o
LOAD ./Core/Src/stm32f4xx_hal_msp.o
LOAD ./Core/Src/stm32f4xx_it.o
LOAD ./Core/Src/syscalls.o
LOAD ./Core/Src/sysmem.o
LOAD ./Core/Src/system_stm32f4xx.o
LOAD ./Core/Startup/startup_stm32f405rgtx.o
LOAD ./Drivers/STM32F4xx_HAL_Driver/Src/stm32f4xx_hal.o
LOAD ./Drivers/STM32F4xx_HAL_Driver/Src/stm32f4xx_hal_cortex.o
LOAD ./Drivers/STM32F4xx_HAL_Driver/Src/stm32f4xx_hal_crc.o
LOAD ./Drivers/STM32F4xx_HAL_Driver/Src/stm32f4xx_hal_dma.o
LOAD ./Drivers/STM32F4xx_HAL_Driver/Src/stm32f4xx_hal_dma_ex.o
LOAD ./Drivers/STM32F4xx_HAL_Driver/Src/stm32f4xx_hal_exti.o
LOAD ./Drivers/STM32F4xx_HAL_Driver/Src/stm32f4xx_hal_flash.o
LOAD ./Drivers/STM32F4xx_HAL_Driver/Src/stm32f4xx_hal_flash_ex.o
LOAD ./Drivers/STM32F4xx_HAL_Driver/Src/stm32f4xx_hal_flash_ramfunc.o
LOAD ./Drivers/STM32F4xx_HAL_Driver/Src/stm32f4xx_hal_gpio.o
LOAD ./Drivers/STM32F4xx_HAL_Driver/Src/stm32f4xx_hal_pwr.o
LOAD ./Drivers/STM32F4xx_HAL_Driver/Src/stm32f4xx_hal_pwr_ex.o
LOAD ./Drivers/STM32F4xx_HAL_Driver/Src/stm32f4xx_hal_rcc.o
LOAD ./Drivers/STM32F4xx_HAL_Driver/Src/stm32f4xx_hal_rcc_ex.o
LOAD ./Drivers/STM32F4xx_HAL_Driver/Src/stm32f4xx_hal_spi.o
LOAD ./Drivers/STM32F4xx_HAL_Driver/Src/stm32f4xx_hal_tim.o
LOAD ./Drivers/STM32F4xx_HAL_Driver/Src/stm32f4xx_hal_tim_ex.o
LOAD ./Drivers/STM32F4xx_HAL_Driver/Src/stm32f4xx_hal_uart.o
LOAD ./Middlewares/Third_Party/FreeRTOS/Source/CMSIS_RTOS_V2/cmsis_os2.o
LOAD ./Middlewares/Third_Party/FreeRTOS/Source/croutine.o
LOAD ./Middlewares/Third_Party/FreeRTOS/Source/event_groups.o
LOAD ./Middlewares/Third_Party/FreeRTOS/Source/list.o
LOAD ./Middlewares/Third_Party/FreeRTOS/Source/queue.o
LOAD ./Middlewares/Third_Party/FreeRTOS/Source/stream_buffer.o
LOAD ./Middlewares/Third_Party/FreeRTOS/Source/tasks.o
LOAD ./Middlewares/Third_Party/FreeRTOS/Source/timers.o
LOAD ./Middlewares/Third_Party/FreeRTOS/Source/portable/GCC/ARM_CM4F/port.o
LOAD ./Middlewares/Third_Party/FreeRTOS/Source/portable/MemMang/heap_4.o
START GROUP
LOAD C:/ST/STM32CubeIDE_1.19.0/STM32CubeIDE/plugins/com.st.stm32cube.ide.mcu.externaltools.gnu-tools-for-stm32.13.3.rel1.win32_1.0.0.202411081344/tools/bin/../lib/gcc/arm-none-eabi/13.3.1/../../../../arm-none-eabi/lib/thumb/v7e-m+fp/hard\libc_nano.a
LOAD C:/ST/STM32CubeIDE_1.19.0/STM32CubeIDE/plugins/com.st.stm32cube.ide.mcu.externaltools.gnu-tools-for-stm32.13.3.rel1.win32_1.0.0.202411081344/tools/bin/../lib/gcc/arm-none-eabi/13.3.1/../../../../arm-none-eabi/lib/thumb/v7e-m+fp/hard\libm.a
END GROUP
START GROUP
LOAD C:/ST/STM32CubeIDE_1.19.0/STM32CubeIDE/plugins/com.st.stm32cube.ide.mcu.externaltools.gnu-tools-for-stm32.13.3.rel1.win32_1.0.0.202411081344/tools/bin/../lib/gcc/arm-none-eabi/13.3.1/thumb/v7e-m+fp/hard\libgcc.a
LOAD C:/ST/STM32CubeIDE_1.19.0/STM32CubeIDE/plugins/com.st.stm32cube.ide.mcu.externaltools.gnu-tools-for-stm32.13.3.rel1.win32_1.0.0.202411081344/tools/bin/../lib/gcc/arm-none-eabi/13.3.1/../../../../arm-none-eabi/lib/thumb/v7e-m+fp/hard\libc_nano.a
END GROUP
START GROUP
LOAD C:/ST/STM32CubeIDE_1.19.0/STM32CubeIDE/plugins/com.st.stm32cube.ide.mcu.externaltools.gnu-tools-for-stm32.13.3.rel1.win32_1.0.0.202411081344/tools/bin/../lib/gcc/arm-none-eabi/13.3.1/thumb/v7e-m+fp/hard\libgcc.a
LOAD C:/ST/STM32CubeIDE_1.19.0/STM32CubeIDE/plugins/com.st.stm32cube.ide.mcu.externaltools.gnu-tools-for-stm32.13.3.rel1.win32_1.0.0.202411081344/tools/bin/../lib/gcc/arm-none-eabi/13.3.1/../../../../arm-none-eabi/lib/thumb/v7e-m+fp/hard\libc_nano.a
LOAD C:/ST/STM32CubeIDE_1.19.0/STM32CubeIDE/plugins/com.st.stm32cube.ide.mcu.externaltools.gnu-tools-for-stm32.13.3.rel1.win32_1.0.0.202411081344/tools/bin/../lib/gcc/arm-none-eabi/13.3.1/../../../../arm-none-eabi/lib/thumb/v7e-m+fp/hard\libnosys.a
END GROUP
START GROUP
LOAD C:/ST/STM32CubeIDE_1.19.0/STM32CubeIDE/plugins/com.st.stm32cube.ide.mcu.externaltools.gnu-tools-for-stm32.13.3.rel1.win32_1.0.0.202411081344/tools/bin/../lib/gcc/arm-none-eabi/13.3.1/thumb/v7e-m+fp/hard\libgcc.a
LOAD C:/ST/STM32CubeIDE_1.19.0/STM32CubeIDE/plugins/com.st.stm32cube.ide.mcu.externaltools.gnu-tools-for-stm32.13.3.rel1.win32_1.0.0.202411081344/tools/bin/../lib/gcc/arm-none-eabi/13.3.1/../../../../arm-none-eabi/lib/thumb/v7e-m+fp/hard\libc_nano.a
LOAD C:/ST/STM32CubeIDE_1.19.0/STM32CubeIDE/plugins/com.st.stm32cube.ide.mcu.externaltools.gnu-tools-for-stm32.13.3.rel1.win32_1.0.0.202411081344/tools/bin/../lib/gcc/arm-none-eabi/13.3.1/../../../../arm-none-eabi/lib/thumb/v7e-m+fp/hard\libnosys.a
END GROUP
LOAD C:/ST/STM32CubeIDE_1.19.0/STM32CubeIDE/plugins/com.st.stm32cube.ide.mcu.externaltools.gnu-tools-for-stm32.13.3.rel1.win32_1.0.0.202411081344/tools/bin/../lib/gcc/arm-none-eabi/13.3.1/thumb/v7e-m+fp/hard/crtend.o
LOAD C:/ST/STM32CubeIDE_1.19.0/STM32CubeIDE/plugins/com.st.stm32cube.ide.mcu.externaltools.gnu-tools-for-stm32.13.3.rel1.win32_1.0.0.202411081344/tools/bin/../lib/gcc/arm-none-eabi/13.3.1/thumb/v7e-m+fp/hard/crtn.o
                0x20020000                        _estack = (ORIGIN (RAM) + LENGTH (RAM))
                0x00000200                        _Min_Heap_Size = 0x200
                0x00000400                        _Min_Stack_Size = 0x400

.isr_vector     0x08000000      0x188
                0x08000000                        . = ALIGN (0x4)
 *(.isr_vector)
 .isr_vector    0x08000000      0x188 ./Core/Startup/startup_stm32f405rgtx.o
                0x08000000                g_pfnVectors
                0x08000188                        . = ALIGN (0x4)

.text           0x08000190     0x6ae4
                0x08000190                        . = ALIGN (0x4)
 *(.text)
 .text          0x08000190       0x40 C:/ST/STM32CubeIDE_1.19.0/STM32CubeIDE/plugins/com.st.stm32cube.ide.mcu.externaltools.gnu-tools-for-stm32.13.3.rel1.win32_1.0.0.202411081344/tools/bin/../lib/gcc/arm-none-eabi/13.3.1/thumb/v7e-m+fp/hard/crtbegin.o
 .text          0x080001d0       0x30 C:/ST/STM32CubeIDE_1.19.0/STM32CubeIDE/plugins/com.st.stm32cube.ide.mcu.externaltools.gnu-tools-for-stm32.13.3.rel1.win32_1.0.0.202411081344/tools/bin/../lib/gcc/arm-none-eabi/13.3.1/thumb/v7e-m+fp/hard\libgcc.a(_aeabi_uldivmod.o)
                0x080001d0                __aeabi_uldivmod
 .text          0x08000200      0x2f8 C:/ST/STM32CubeIDE_1.19.0/STM32CubeIDE/plugins/com.st.stm32cube.ide.mcu.externaltools.gnu-tools-for-stm32.13.3.rel1.win32_1.0.0.202411081344/tools/bin/../lib/gcc/arm-none-eabi/13.3.1/thumb/v7e-m+fp/hard\libgcc.a(_udivmoddi4.o)
                0x08000200                __udivmoddi4
 .text          0x080004f8        0x4 C:/ST/STM32CubeIDE_1.19.0/STM32CubeIDE/plugins/com.st.stm32cube.ide.mcu.externaltools.gnu-tools-for-stm32.13.3.rel1.win32_1.0.0.202411081344/tools/bin/../lib/gcc/arm-none-eabi/13.3.1/thumb/v7e-m+fp/hard\libgcc.a(_dvmd_tls.o)
                0x080004f8                __aeabi_idiv0
                0x080004f8                __aeabi_ldiv0
 *(.text*)
 .text.vApplicationIdleHook
                0x080004fc        0xe ./Core/Src/freertos.o
                0x080004fc                vApplicationIdleHook
 .text.vApplicationTickHook
                0x0800050a        0xe ./Core/Src/freertos.o
                0x0800050a                vApplicationTickHook
 .text.hal_Spi1_ReadWriteByte
                0x08000518       0x30 ./Core/Src/icm42688p.o
                0x08000518                hal_Spi1_ReadWriteByte
 .text.Icm_Spi_ReadWriteNbytes
                0x08000548       0x46 ./Core/Src/icm42688p.o
                0x08000548                Icm_Spi_ReadWriteNbytes
 *fill*         0x0800058e        0x2 
 .text.ICM42688P_ReadReg
                0x08000590       0x50 ./Core/Src/icm42688p.o
                0x08000590                ICM42688P_ReadReg
 .text.ICM42688P_ReadRegs
                0x080005e0       0x50 ./Core/Src/icm42688p.o
                0x080005e0                ICM42688P_ReadRegs
 .text.ICM42688P_WriteReg
                0x08000630       0x48 ./Core/Src/icm42688p.o
                0x08000630                ICM42688P_WriteReg
 .text.ICM42688P_ConvertAccel
                0x08000678       0x2c ./Core/Src/icm42688p.o
                0x08000678                ICM42688P_ConvertAccel
 .text.ICM42688P_ConvertGyro
                0x080006a4       0x2c ./Core/Src/icm42688p.o
                0x080006a4                ICM42688P_ConvertGyro
 .text.ICM42688P_ConvertTemp
                0x080006d0       0x38 ./Core/Src/icm42688p.o
                0x080006d0                ICM42688P_ConvertTemp
 .text.ICM42688P_Init
                0x08000708       0xb8 ./Core/Src/icm42688p.o
                0x08000708                ICM42688P_Init
 .text.ICM42688P_Read_FIFO_DMA
                0x080007c0       0x2c ./Core/Src/icm42688p.o
                0x080007c0                ICM42688P_Read_FIFO_DMA
 .text.icm42688_read_all
                0x080007ec      0x144 ./Core/Src/icm42688p.o
                0x080007ec                icm42688_read_all
 .text.main     0x08000930       0xc0 ./Core/Src/main.o
                0x08000930                main
 .text.SystemClock_Config
                0x080009f0       0xd4 ./Core/Src/main.o
                0x080009f0                SystemClock_Config
 .text.MX_CRC_Init
                0x08000ac4       0x28 ./Core/Src/main.o
 .text.MX_SPI1_Init
                0x08000aec       0x6c ./Core/Src/main.o
 .text.MX_TIM1_Init
                0x08000b58       0xa0 ./Core/Src/main.o
 .text.MX_TIM2_Init
                0x08000bf8       0x98 ./Core/Src/main.o
 .text.MX_USART1_UART_Init
                0x08000c90       0x54 ./Core/Src/main.o
 .text.MX_USART2_UART_Init
                0x08000ce4       0x54 ./Core/Src/main.o
 .text.MX_DMA_Init
                0x08000d38       0x7c ./Core/Src/main.o
 .text.MX_GPIO_Init
                0x08000db4      0x13c ./Core/Src/main.o
 .text.GetTimeUS_TIM
                0x08000ef0       0x18 ./Core/Src/main.o
                0x08000ef0                GetTimeUS_TIM
 .text.HAL_TIM_PeriodElapsedCallback
                0x08000f08       0x28 ./Core/Src/main.o
                0x08000f08                HAL_TIM_PeriodElapsedCallback
 .text.StartDefaultTask
                0x08000f30       0x10 ./Core/Src/main.o
                0x08000f30                StartDefaultTask
 .text.StartIMUTask
                0x08000f40       0x10 ./Core/Src/main.o
                0x08000f40                StartIMUTask
 .text.StartPose
                0x08000f50       0x34 ./Core/Src/main.o
                0x08000f50                StartPose
 .text.StartSend
                0x08000f84       0x10 ./Core/Src/main.o
                0x08000f84                StartSend
 .text.Error_Handler
                0x08000f94        0xc ./Core/Src/main.o
                0x08000f94                Error_Handler
 .text.HAL_MspInit
                0x08000fa0       0x58 ./Core/Src/stm32f4xx_hal_msp.o
                0x08000fa0                HAL_MspInit
 .text.HAL_CRC_MspInit
                0x08000ff8       0x44 ./Core/Src/stm32f4xx_hal_msp.o
                0x08000ff8                HAL_CRC_MspInit
 .text.HAL_SPI_MspInit
                0x0800103c      0x104 ./Core/Src/stm32f4xx_hal_msp.o
                0x0800103c                HAL_SPI_MspInit
 .text.HAL_TIM_Base_MspInit
                0x08001140       0x78 ./Core/Src/stm32f4xx_hal_msp.o
                0x08001140                HAL_TIM_Base_MspInit
 .text.HAL_UART_MspInit
                0x080011b8      0x1d8 ./Core/Src/stm32f4xx_hal_msp.o
                0x080011b8                HAL_UART_MspInit
 .text.NMI_Handler
                0x08001390        0x8 ./Core/Src/stm32f4xx_it.o
                0x08001390                NMI_Handler
 .text.HardFault_Handler
                0x08001398        0x8 ./Core/Src/stm32f4xx_it.o
                0x08001398                HardFault_Handler
 .text.MemManage_Handler
                0x080013a0        0x8 ./Core/Src/stm32f4xx_it.o
                0x080013a0                MemManage_Handler
 .text.BusFault_Handler
                0x080013a8        0x8 ./Core/Src/stm32f4xx_it.o
                0x080013a8                BusFault_Handler
 .text.UsageFault_Handler
                0x080013b0        0x8 ./Core/Src/stm32f4xx_it.o
                0x080013b0                UsageFault_Handler
 .text.DebugMon_Handler
                0x080013b8        0xe ./Core/Src/stm32f4xx_it.o
                0x080013b8                DebugMon_Handler
 .text.SysTick_Handler
                0x080013c6       0x1a ./Core/Src/stm32f4xx_it.o
                0x080013c6                SysTick_Handler
 .text.EXTI0_IRQHandler
                0x080013e0        0xe ./Core/Src/stm32f4xx_it.o
                0x080013e0                EXTI0_IRQHandler
 *fill*         0x080013ee        0x2 
 .text.DMA1_Stream5_IRQHandler
                0x080013f0       0x14 ./Core/Src/stm32f4xx_it.o
                0x080013f0                DMA1_Stream5_IRQHandler
 .text.TIM1_UP_TIM10_IRQHandler
                0x08001404       0x14 ./Core/Src/stm32f4xx_it.o
                0x08001404                TIM1_UP_TIM10_IRQHandler
 .text.DMA2_Stream0_IRQHandler
                0x08001418       0x14 ./Core/Src/stm32f4xx_it.o
                0x08001418                DMA2_Stream0_IRQHandler
 .text.SystemInit
                0x0800142c       0x24 ./Core/Src/system_stm32f4xx.o
                0x0800142c                SystemInit
 .text.Reset_Handler
                0x08001450       0x50 ./Core/Startup/startup_stm32f405rgtx.o
                0x08001450                Reset_Handler
 .text.Default_Handler
                0x080014a0        0x2 ./Core/Startup/startup_stm32f405rgtx.o
                0x080014a0                RTC_Alarm_IRQHandler
                0x080014a0                HASH_RNG_IRQHandler
                0x080014a0                EXTI2_IRQHandler
                0x080014a0                TIM8_CC_IRQHandler
                0x080014a0                TIM1_CC_IRQHandler
                0x080014a0                DMA2_Stream5_IRQHandler
                0x080014a0                PVD_IRQHandler
                0x080014a0                SDIO_IRQHandler
                0x080014a0                TAMP_STAMP_IRQHandler
                0x080014a0                CAN2_RX1_IRQHandler
                0x080014a0                EXTI3_IRQHandler
                0x080014a0                TIM8_TRG_COM_TIM14_IRQHandler
                0x080014a0                TIM8_UP_TIM13_IRQHandler
                0x080014a0                I2C3_ER_IRQHandler
                0x080014a0                I2C2_EV_IRQHandler
                0x080014a0                DMA1_Stream2_IRQHandler
                0x080014a0                CAN1_RX0_IRQHandler
                0x080014a0                FPU_IRQHandler
                0x080014a0                OTG_HS_WKUP_IRQHandler
                0x080014a0                CAN2_SCE_IRQHandler
                0x080014a0                DMA2_Stream2_IRQHandler
                0x080014a0                SPI1_IRQHandler
                0x080014a0                TIM6_DAC_IRQHandler
                0x080014a0                TIM1_BRK_TIM9_IRQHandler
                0x080014a0                CAN2_RX0_IRQHandler
                0x080014a0                DMA2_Stream3_IRQHandler
                0x080014a0                USART6_IRQHandler
                0x080014a0                USART3_IRQHandler
                0x080014a0                CAN1_RX1_IRQHandler
                0x080014a0                UART5_IRQHandler
                0x080014a0                TIM4_IRQHandler
                0x080014a0                I2C1_EV_IRQHandler
                0x080014a0                DMA1_Stream6_IRQHandler
                0x080014a0                DMA1_Stream1_IRQHandler
                0x080014a0                UART4_IRQHandler
                0x080014a0                TIM3_IRQHandler
                0x080014a0                RCC_IRQHandler
                0x080014a0                TIM8_BRK_TIM12_IRQHandler
                0x080014a0                Default_Handler
                0x080014a0                EXTI15_10_IRQHandler
                0x080014a0                ADC_IRQHandler
                0x080014a0                DMA1_Stream7_IRQHandler
                0x080014a0                TIM7_IRQHandler
                0x080014a0                CAN2_TX_IRQHandler
                0x080014a0                TIM5_IRQHandler
                0x080014a0                DMA2_Stream7_IRQHandler
                0x080014a0                I2C3_EV_IRQHandler
                0x080014a0                EXTI9_5_IRQHandler
                0x080014a0                RTC_WKUP_IRQHandler
                0x080014a0                SPI2_IRQHandler
                0x080014a0                OTG_HS_EP1_IN_IRQHandler
                0x080014a0                DMA1_Stream0_IRQHandler
                0x080014a0                CAN1_TX_IRQHandler
                0x080014a0                EXTI4_IRQHandler
                0x080014a0                FSMC_IRQHandler
                0x080014a0                OTG_HS_EP1_OUT_IRQHandler
                0x080014a0                WWDG_IRQHandler
                0x080014a0                TIM2_IRQHandler
                0x080014a0                OTG_FS_WKUP_IRQHandler
                0x080014a0                TIM1_TRG_COM_TIM11_IRQHandler
                0x080014a0                OTG_HS_IRQHandler
                0x080014a0                EXTI1_IRQHandler
                0x080014a0                USART2_IRQHandler
                0x080014a0                I2C2_ER_IRQHandler
                0x080014a0                DMA2_Stream1_IRQHandler
                0x080014a0                CAN1_SCE_IRQHandler
                0x080014a0                FLASH_IRQHandler
                0x080014a0                DMA2_Stream4_IRQHandler
                0x080014a0                USART1_IRQHandler
                0x080014a0                OTG_FS_IRQHandler
                0x080014a0                SPI3_IRQHandler
                0x080014a0                DMA1_Stream4_IRQHandler
                0x080014a0                I2C1_ER_IRQHandler
                0x080014a0                DMA2_Stream6_IRQHandler
                0x080014a0                DMA1_Stream3_IRQHandler
 *fill*         0x080014a2        0x2 
 .text.HAL_Init
                0x080014a4       0x44 ./Drivers/STM32F4xx_HAL_Driver/Src/stm32f4xx_hal.o
                0x080014a4                HAL_Init
 .text.HAL_InitTick
                0x080014e8       0x60 ./Drivers/STM32F4xx_HAL_Driver/Src/stm32f4xx_hal.o
                0x080014e8                HAL_InitTick
 .text.HAL_IncTick
                0x08001548       0x28 ./Drivers/STM32F4xx_HAL_Driver/Src/stm32f4xx_hal.o
                0x08001548                HAL_IncTick
 .text.HAL_GetTick
                0x08001570       0x18 ./Drivers/STM32F4xx_HAL_Driver/Src/stm32f4xx_hal.o
                0x08001570                HAL_GetTick
 .text.HAL_Delay
                0x08001588       0x48 ./Drivers/STM32F4xx_HAL_Driver/Src/stm32f4xx_hal.o
                0x08001588                HAL_Delay
 .text.__NVIC_SetPriorityGrouping
                0x080015d0       0x48 ./Drivers/STM32F4xx_HAL_Driver/Src/stm32f4xx_hal_cortex.o
 .text.__NVIC_GetPriorityGrouping
                0x08001618       0x1c ./Drivers/STM32F4xx_HAL_Driver/Src/stm32f4xx_hal_cortex.o
 .text.__NVIC_EnableIRQ
                0x08001634       0x3c ./Drivers/STM32F4xx_HAL_Driver/Src/stm32f4xx_hal_cortex.o
 .text.__NVIC_SetPriority
                0x08001670       0x54 ./Drivers/STM32F4xx_HAL_Driver/Src/stm32f4xx_hal_cortex.o
 .text.NVIC_EncodePriority
                0x080016c4       0x66 ./Drivers/STM32F4xx_HAL_Driver/Src/stm32f4xx_hal_cortex.o
 *fill*         0x0800172a        0x2 
 .text.SysTick_Config
                0x0800172c       0x44 ./Drivers/STM32F4xx_HAL_Driver/Src/stm32f4xx_hal_cortex.o
 .text.HAL_NVIC_SetPriorityGrouping
                0x08001770       0x16 ./Drivers/STM32F4xx_HAL_Driver/Src/stm32f4xx_hal_cortex.o
                0x08001770                HAL_NVIC_SetPriorityGrouping
 .text.HAL_NVIC_SetPriority
                0x08001786       0x38 ./Drivers/STM32F4xx_HAL_Driver/Src/stm32f4xx_hal_cortex.o
                0x08001786                HAL_NVIC_SetPriority
 .text.HAL_NVIC_EnableIRQ
                0x080017be       0x1c ./Drivers/STM32F4xx_HAL_Driver/Src/stm32f4xx_hal_cortex.o
                0x080017be                HAL_NVIC_EnableIRQ
 .text.HAL_SYSTICK_Config
                0x080017da       0x18 ./Drivers/STM32F4xx_HAL_Driver/Src/stm32f4xx_hal_cortex.o
                0x080017da                HAL_SYSTICK_Config
 .text.HAL_CRC_Init
                0x080017f2       0x38 ./Drivers/STM32F4xx_HAL_Driver/Src/stm32f4xx_hal_crc.o
                0x080017f2                HAL_CRC_Init
 *fill*         0x0800182a        0x2 
 .text.HAL_DMA_Init
                0x0800182c      0x15c ./Drivers/STM32F4xx_HAL_Driver/Src/stm32f4xx_hal_dma.o
                0x0800182c                HAL_DMA_Init
 .text.HAL_DMA_IRQHandler
                0x08001988      0x314 ./Drivers/STM32F4xx_HAL_Driver/Src/stm32f4xx_hal_dma.o
                0x08001988                HAL_DMA_IRQHandler
 .text.DMA_CalcBaseAndBitshift
                0x08001c9c       0x6c ./Drivers/STM32F4xx_HAL_Driver/Src/stm32f4xx_hal_dma.o
 .text.DMA_CheckFifoParam
                0x08001d08       0xf8 ./Drivers/STM32F4xx_HAL_Driver/Src/stm32f4xx_hal_dma.o
 .text.HAL_GPIO_Init
                0x08001e00      0x338 ./Drivers/STM32F4xx_HAL_Driver/Src/stm32f4xx_hal_gpio.o
                0x08001e00                HAL_GPIO_Init
 .text.HAL_GPIO_WritePin
                0x08002138       0x32 ./Drivers/STM32F4xx_HAL_Driver/Src/stm32f4xx_hal_gpio.o
                0x08002138                HAL_GPIO_WritePin
 .text.HAL_GPIO_TogglePin
                0x0800216a       0x34 ./Drivers/STM32F4xx_HAL_Driver/Src/stm32f4xx_hal_gpio.o
                0x0800216a                HAL_GPIO_TogglePin
 *fill*         0x0800219e        0x2 
 .text.HAL_GPIO_EXTI_IRQHandler
                0x080021a0       0x30 ./Drivers/STM32F4xx_HAL_Driver/Src/stm32f4xx_hal_gpio.o
                0x080021a0                HAL_GPIO_EXTI_IRQHandler
 .text.HAL_GPIO_EXTI_Callback
                0x080021d0       0x16 ./Drivers/STM32F4xx_HAL_Driver/Src/stm32f4xx_hal_gpio.o
                0x080021d0                HAL_GPIO_EXTI_Callback
 *fill*         0x080021e6        0x2 
 .text.HAL_RCC_OscConfig
                0x080021e8      0x4f0 ./Drivers/STM32F4xx_HAL_Driver/Src/stm32f4xx_hal_rcc.o
                0x080021e8                HAL_RCC_OscConfig
 .text.HAL_RCC_ClockConfig
                0x080026d8      0x1cc ./Drivers/STM32F4xx_HAL_Driver/Src/stm32f4xx_hal_rcc.o
                0x080026d8                HAL_RCC_ClockConfig
 .text.HAL_RCC_GetSysClockFreq
                0x080028a4      0x208 ./Drivers/STM32F4xx_HAL_Driver/Src/stm32f4xx_hal_rcc.o
                0x080028a4                HAL_RCC_GetSysClockFreq
 .text.HAL_RCC_GetHCLKFreq
                0x08002aac       0x18 ./Drivers/STM32F4xx_HAL_Driver/Src/stm32f4xx_hal_rcc.o
                0x08002aac                HAL_RCC_GetHCLKFreq
 .text.HAL_RCC_GetPCLK1Freq
                0x08002ac4       0x28 ./Drivers/STM32F4xx_HAL_Driver/Src/stm32f4xx_hal_rcc.o
                0x08002ac4                HAL_RCC_GetPCLK1Freq
 .text.HAL_RCC_GetPCLK2Freq
                0x08002aec       0x28 ./Drivers/STM32F4xx_HAL_Driver/Src/stm32f4xx_hal_rcc.o
                0x08002aec                HAL_RCC_GetPCLK2Freq
 .text.HAL_SPI_Init
                0x08002b14      0x112 ./Drivers/STM32F4xx_HAL_Driver/Src/stm32f4xx_hal_spi.o
                0x08002b14                HAL_SPI_Init
 .text.HAL_SPI_TransmitReceive
                0x08002c26      0x352 ./Drivers/STM32F4xx_HAL_Driver/Src/stm32f4xx_hal_spi.o
                0x08002c26                HAL_SPI_TransmitReceive
 .text.SPI_WaitFlagStateUntilTimeout
                0x08002f78      0x110 ./Drivers/STM32F4xx_HAL_Driver/Src/stm32f4xx_hal_spi.o
 .text.SPI_EndRxTxTransaction
                0x08003088       0xa8 ./Drivers/STM32F4xx_HAL_Driver/Src/stm32f4xx_hal_spi.o
 .text.HAL_TIM_Base_Init
                0x08003130       0x9e ./Drivers/STM32F4xx_HAL_Driver/Src/stm32f4xx_hal_tim.o
                0x08003130                HAL_TIM_Base_Init
 *fill*         0x080031ce        0x2 
 .text.HAL_TIM_Base_Start
                0x080031d0       0xd0 ./Drivers/STM32F4xx_HAL_Driver/Src/stm32f4xx_hal_tim.o
                0x080031d0                HAL_TIM_Base_Start
 .text.HAL_TIM_Base_Start_IT
                0x080032a0       0xe0 ./Drivers/STM32F4xx_HAL_Driver/Src/stm32f4xx_hal_tim.o
                0x080032a0                HAL_TIM_Base_Start_IT
 .text.HAL_TIM_IRQHandler
                0x08003380      0x1e0 ./Drivers/STM32F4xx_HAL_Driver/Src/stm32f4xx_hal_tim.o
                0x08003380                HAL_TIM_IRQHandler
 .text.HAL_TIM_ConfigClockSource
                0x08003560      0x18e ./Drivers/STM32F4xx_HAL_Driver/Src/stm32f4xx_hal_tim.o
                0x08003560                HAL_TIM_ConfigClockSource
 .text.HAL_TIM_OC_DelayElapsedCallback
                0x080036ee       0x14 ./Drivers/STM32F4xx_HAL_Driver/Src/stm32f4xx_hal_tim.o
                0x080036ee                HAL_TIM_OC_DelayElapsedCallback
 .text.HAL_TIM_IC_CaptureCallback
                0x08003702       0x14 ./Drivers/STM32F4xx_HAL_Driver/Src/stm32f4xx_hal_tim.o
                0x08003702                HAL_TIM_IC_CaptureCallback
 .text.HAL_TIM_PWM_PulseFinishedCallback
                0x08003716       0x14 ./Drivers/STM32F4xx_HAL_Driver/Src/stm32f4xx_hal_tim.o
                0x08003716                HAL_TIM_PWM_PulseFinishedCallback
 .text.HAL_TIM_TriggerCallback
                0x0800372a       0x14 ./Drivers/STM32F4xx_HAL_Driver/Src/stm32f4xx_hal_tim.o
                0x0800372a                HAL_TIM_TriggerCallback
 *fill*         0x0800373e        0x2 
 .text.TIM_Base_SetConfig
                0x08003740      0x14c ./Drivers/STM32F4xx_HAL_Driver/Src/stm32f4xx_hal_tim.o
                0x08003740                TIM_Base_SetConfig
 .text.TIM_TI1_ConfigInputStage
                0x0800388c       0x5e ./Drivers/STM32F4xx_HAL_Driver/Src/stm32f4xx_hal_tim.o
 .text.TIM_TI2_ConfigInputStage
                0x080038ea       0x60 ./Drivers/STM32F4xx_HAL_Driver/Src/stm32f4xx_hal_tim.o
 .text.TIM_ITRx_SetConfig
                0x0800394a       0x36 ./Drivers/STM32F4xx_HAL_Driver/Src/stm32f4xx_hal_tim.o
 .text.TIM_ETR_SetConfig
                0x08003980       0x40 ./Drivers/STM32F4xx_HAL_Driver/Src/stm32f4xx_hal_tim.o
                0x08003980                TIM_ETR_SetConfig
 .text.HAL_TIMEx_MasterConfigSynchronization
                0x080039c0       0xf8 ./Drivers/STM32F4xx_HAL_Driver/Src/stm32f4xx_hal_tim_ex.o
                0x080039c0                HAL_TIMEx_MasterConfigSynchronization
 .text.HAL_TIMEx_CommutCallback
                0x08003ab8       0x14 ./Drivers/STM32F4xx_HAL_Driver/Src/stm32f4xx_hal_tim_ex.o
                0x08003ab8                HAL_TIMEx_CommutCallback
 .text.HAL_TIMEx_BreakCallback
                0x08003acc       0x14 ./Drivers/STM32F4xx_HAL_Driver/Src/stm32f4xx_hal_tim_ex.o
                0x08003acc                HAL_TIMEx_BreakCallback
 .text.HAL_UART_Init
                0x08003ae0       0xa0 ./Drivers/STM32F4xx_HAL_Driver/Src/stm32f4xx_hal_uart.o
                0x08003ae0                HAL_UART_Init
 .text.UART_SetConfig
                0x08003b80      0x4e8 ./Drivers/STM32F4xx_HAL_Driver/Src/stm32f4xx_hal_uart.o
 .text.__NVIC_SetPriority
                0x08004068       0x54 ./Middlewares/Third_Party/FreeRTOS/Source/CMSIS_RTOS_V2/cmsis_os2.o
 .text.SVC_Setup
                0x080040bc       0x12 ./Middlewares/Third_Party/FreeRTOS/Source/CMSIS_RTOS_V2/cmsis_os2.o
 *fill*         0x080040ce        0x2 
 .text.osKernelInitialize
                0x080040d0       0x48 ./Middlewares/Third_Party/FreeRTOS/Source/CMSIS_RTOS_V2/cmsis_os2.o
                0x080040d0                osKernelInitialize
 .text.osKernelStart
                0x08004118       0x4c ./Middlewares/Third_Party/FreeRTOS/Source/CMSIS_RTOS_V2/cmsis_os2.o
                0x08004118                osKernelStart
 .text.osThreadNew
                0x08004164      0x124 ./Middlewares/Third_Party/FreeRTOS/Source/CMSIS_RTOS_V2/cmsis_os2.o
                0x08004164                osThreadNew
 .text.osDelay  0x08004288       0x36 ./Middlewares/Third_Party/FreeRTOS/Source/CMSIS_RTOS_V2/cmsis_os2.o
                0x08004288                osDelay
 *fill*         0x080042be        0x2 
 .text.vApplicationGetIdleTaskMemory
                0x080042c0       0x34 ./Middlewares/Third_Party/FreeRTOS/Source/CMSIS_RTOS_V2/cmsis_os2.o
                0x080042c0                vApplicationGetIdleTaskMemory
 .text.vApplicationGetTimerTaskMemory
                0x080042f4       0x34 ./Middlewares/Third_Party/FreeRTOS/Source/CMSIS_RTOS_V2/cmsis_os2.o
                0x080042f4                vApplicationGetTimerTaskMemory
 .text.vListInitialise
                0x08004328       0x40 ./Middlewares/Third_Party/FreeRTOS/Source/list.o
                0x08004328                vListInitialise
 .text.vListInitialiseItem
                0x08004368       0x1a ./Middlewares/Third_Party/FreeRTOS/Source/list.o
                0x08004368                vListInitialiseItem
 .text.vListInsertEnd
                0x08004382       0x48 ./Middlewares/Third_Party/FreeRTOS/Source/list.o
                0x08004382                vListInsertEnd
 .text.vListInsert
                0x080043ca       0x72 ./Middlewares/Third_Party/FreeRTOS/Source/list.o
                0x080043ca                vListInsert
 .text.uxListRemove
                0x0800443c       0x54 ./Middlewares/Third_Party/FreeRTOS/Source/list.o
                0x0800443c                uxListRemove
 .text.xQueueGenericReset
                0x08004490       0xd4 ./Middlewares/Third_Party/FreeRTOS/Source/queue.o
                0x08004490                xQueueGenericReset
 .text.xQueueGenericCreateStatic
                0x08004564       0xfa ./Middlewares/Third_Party/FreeRTOS/Source/queue.o
                0x08004564                xQueueGenericCreateStatic
 .text.prvInitialiseNewQueue
                0x0800465e       0x46 ./Middlewares/Third_Party/FreeRTOS/Source/queue.o
 .text.xQueueGenericSend
                0x080046a4      0x204 ./Middlewares/Third_Party/FreeRTOS/Source/queue.o
                0x080046a4                xQueueGenericSend
 .text.xQueueGenericSendFromISR
                0x080048a8      0x13c ./Middlewares/Third_Party/FreeRTOS/Source/queue.o
                0x080048a8                xQueueGenericSendFromISR
 .text.xQueueReceive
                0x080049e4      0x1c4 ./Middlewares/Third_Party/FreeRTOS/Source/queue.o
                0x080049e4                xQueueReceive
 .text.prvCopyDataToQueue
                0x08004ba8       0xd4 ./Middlewares/Third_Party/FreeRTOS/Source/queue.o
 .text.prvCopyDataFromQueue
                0x08004c7c       0x4c ./Middlewares/Third_Party/FreeRTOS/Source/queue.o
 .text.prvUnlockQueue
                0x08004cc8       0xa4 ./Middlewares/Third_Party/FreeRTOS/Source/queue.o
 .text.prvIsQueueEmpty
                0x08004d6c       0x2c ./Middlewares/Third_Party/FreeRTOS/Source/queue.o
 .text.prvIsQueueFull
                0x08004d98       0x30 ./Middlewares/Third_Party/FreeRTOS/Source/queue.o
 .text.vQueueAddToRegistry
                0x08004dc8       0x54 ./Middlewares/Third_Party/FreeRTOS/Source/queue.o
                0x08004dc8                vQueueAddToRegistry
 .text.vQueueWaitForMessageRestricted
                0x08004e1c       0x68 ./Middlewares/Third_Party/FreeRTOS/Source/queue.o
                0x08004e1c                vQueueWaitForMessageRestricted
 .text.xTaskCreateStatic
                0x08004e84       0xc0 ./Middlewares/Third_Party/FreeRTOS/Source/tasks.o
                0x08004e84                xTaskCreateStatic
 .text.xTaskCreate
                0x08004f44       0x8a ./Middlewares/Third_Party/FreeRTOS/Source/tasks.o
                0x08004f44                xTaskCreate
 .text.prvInitialiseNewTask
                0x08004fce      0x120 ./Middlewares/Third_Party/FreeRTOS/Source/tasks.o
 *fill*         0x080050ee        0x2 
 .text.prvAddNewTaskToReadyList
                0x080050f0       0xe0 ./Middlewares/Third_Party/FreeRTOS/Source/tasks.o
 .text.vTaskDelay
                0x080051d0       0x6c ./Middlewares/Third_Party/FreeRTOS/Source/tasks.o
                0x080051d0                vTaskDelay
 .text.vTaskStartScheduler
                0x0800523c       0xd0 ./Middlewares/Third_Party/FreeRTOS/Source/tasks.o
                0x0800523c                vTaskStartScheduler
 .text.vTaskSuspendAll
                0x0800530c       0x1c ./Middlewares/Third_Party/FreeRTOS/Source/tasks.o
                0x0800530c                vTaskSuspendAll
 .text.xTaskResumeAll
                0x08005328      0x13c ./Middlewares/Third_Party/FreeRTOS/Source/tasks.o
                0x08005328                xTaskResumeAll
 .text.xTaskGetTickCount
                0x08005464       0x20 ./Middlewares/Third_Party/FreeRTOS/Source/tasks.o
                0x08005464                xTaskGetTickCount
 .text.xTaskIncrementTick
                0x08005484      0x184 ./Middlewares/Third_Party/FreeRTOS/Source/tasks.o
                0x08005484                xTaskIncrementTick
 .text.vTaskSwitchContext
                0x08005608       0xbc ./Middlewares/Third_Party/FreeRTOS/Source/tasks.o
                0x08005608                vTaskSwitchContext
 .text.vTaskPlaceOnEventList
                0x080056c4       0x4c ./Middlewares/Third_Party/FreeRTOS/Source/tasks.o
                0x080056c4                vTaskPlaceOnEventList
 .text.vTaskPlaceOnEventListRestricted
                0x08005710       0x58 ./Middlewares/Third_Party/FreeRTOS/Source/tasks.o
                0x08005710                vTaskPlaceOnEventListRestricted
 .text.xTaskRemoveFromEventList
                0x08005768       0xc8 ./Middlewares/Third_Party/FreeRTOS/Source/tasks.o
                0x08005768                xTaskRemoveFromEventList
 .text.vTaskInternalSetTimeOutState
                0x08005830       0x2c ./Middlewares/Third_Party/FreeRTOS/Source/tasks.o
                0x08005830                vTaskInternalSetTimeOutState
 .text.xTaskCheckForTimeOut
                0x0800585c       0xc8 ./Middlewares/Third_Party/FreeRTOS/Source/tasks.o
                0x0800585c                xTaskCheckForTimeOut
 .text.vTaskMissedYield
                0x08005924       0x18 ./Middlewares/Third_Party/FreeRTOS/Source/tasks.o
                0x08005924                vTaskMissedYield
 .text.prvIdleTask
                0x0800593c       0x34 ./Middlewares/Third_Party/FreeRTOS/Source/tasks.o
 .text.prvInitialiseTaskLists
                0x08005970       0x80 ./Middlewares/Third_Party/FreeRTOS/Source/tasks.o
 .text.prvCheckTasksWaitingTermination
                0x080059f0       0x5c ./Middlewares/Third_Party/FreeRTOS/Source/tasks.o
 .text.prvDeleteTCB
                0x08005a4c       0x60 ./Middlewares/Third_Party/FreeRTOS/Source/tasks.o
 .text.prvResetNextTaskUnblockTime
                0x08005aac       0x40 ./Middlewares/Third_Party/FreeRTOS/Source/tasks.o
 .text.xTaskGetSchedulerState
                0x08005aec       0x3c ./Middlewares/Third_Party/FreeRTOS/Source/tasks.o
                0x08005aec                xTaskGetSchedulerState
 .text.xTaskPriorityDisinherit
                0x08005b28       0xe0 ./Middlewares/Third_Party/FreeRTOS/Source/tasks.o
                0x08005b28                xTaskPriorityDisinherit
 .text.prvAddCurrentTaskToDelayedList
                0x08005c08       0xa8 ./Middlewares/Third_Party/FreeRTOS/Source/tasks.o
 .text.xTimerCreateTimerTask
                0x08005cb0       0x94 ./Middlewares/Third_Party/FreeRTOS/Source/timers.o
                0x08005cb0                xTimerCreateTimerTask
 .text.xTimerGenericCommand
                0x08005d44       0x9c ./Middlewares/Third_Party/FreeRTOS/Source/timers.o
                0x08005d44                xTimerGenericCommand
 .text.prvProcessExpiredTimer
                0x08005de0       0x9c ./Middlewares/Third_Party/FreeRTOS/Source/timers.o
 .text.prvTimerTask
                0x08005e7c       0x26 ./Middlewares/Third_Party/FreeRTOS/Source/timers.o
 *fill*         0x08005ea2        0x2 
 .text.prvProcessTimerOrBlockTask
                0x08005ea4       0x9c ./Middlewares/Third_Party/FreeRTOS/Source/timers.o
 .text.prvGetNextExpireTime
                0x08005f40       0x48 ./Middlewares/Third_Party/FreeRTOS/Source/timers.o
 .text.prvSampleTimeNow
                0x08005f88       0x40 ./Middlewares/Third_Party/FreeRTOS/Source/timers.o
 .text.prvInsertTimerInActiveList
                0x08005fc8       0x84 ./Middlewares/Third_Party/FreeRTOS/Source/timers.o
 .text.prvProcessReceivedCommands
                0x0800604c      0x1cc ./Middlewares/Third_Party/FreeRTOS/Source/timers.o
 .text.prvSwitchTimerLists
                0x08006218       0xcc ./Middlewares/Third_Party/FreeRTOS/Source/timers.o
 .text.prvCheckForValidListAndQueue
                0x080062e4       0x80 ./Middlewares/Third_Party/FreeRTOS/Source/timers.o
 .text.pxPortInitialiseStack
                0x08006364       0x68 ./Middlewares/Third_Party/FreeRTOS/Source/portable/GCC/ARM_CM4F/port.o
                0x08006364                pxPortInitialiseStack
 .text.prvTaskExitError
                0x080063cc       0x5c ./Middlewares/Third_Party/FreeRTOS/Source/portable/GCC/ARM_CM4F/port.o
 *fill*         0x08006428        0x8 
 .text.SVC_Handler
                0x08006430       0x28 ./Middlewares/Third_Party/FreeRTOS/Source/portable/GCC/ARM_CM4F/port.o
                0x08006430                SVC_Handler
 .text.prvPortStartFirstTask
                0x08006458       0x28 ./Middlewares/Third_Party/FreeRTOS/Source/portable/GCC/ARM_CM4F/port.o
 .text.xPortStartScheduler
                0x08006480      0x148 ./Middlewares/Third_Party/FreeRTOS/Source/portable/GCC/ARM_CM4F/port.o
                0x08006480                xPortStartScheduler
 .text.vPortEnterCritical
                0x080065c8       0x64 ./Middlewares/Third_Party/FreeRTOS/Source/portable/GCC/ARM_CM4F/port.o
                0x080065c8                vPortEnterCritical
 .text.vPortExitCritical
                0x0800662c       0x54 ./Middlewares/Third_Party/FreeRTOS/Source/portable/GCC/ARM_CM4F/port.o
                0x0800662c                vPortExitCritical
 .text.PendSV_Handler
                0x08006680       0x68 ./Middlewares/Third_Party/FreeRTOS/Source/portable/GCC/ARM_CM4F/port.o
                0x08006680                PendSV_Handler
 .text.xPortSysTickHandler
                0x080066e8       0x44 ./Middlewares/Third_Party/FreeRTOS/Source/portable/GCC/ARM_CM4F/port.o
                0x080066e8                xPortSysTickHandler
 .text.vPortSetupTimerInterrupt
                0x0800672c       0x48 ./Middlewares/Third_Party/FreeRTOS/Source/portable/GCC/ARM_CM4F/port.o
                0x0800672c                vPortSetupTimerInterrupt
 .text.vPortEnableVFP
                0x08006774       0x14 ./Middlewares/Third_Party/FreeRTOS/Source/portable/GCC/ARM_CM4F/port.o
 .text.vPortValidateInterruptPriority
                0x08006788       0x84 ./Middlewares/Third_Party/FreeRTOS/Source/portable/GCC/ARM_CM4F/port.o
                0x08006788                vPortValidateInterruptPriority
 .text.pvPortMalloc
                0x0800680c      0x19c ./Middlewares/Third_Party/FreeRTOS/Source/portable/MemMang/heap_4.o
                0x0800680c                pvPortMalloc
 .text.vPortFree
                0x080069a8       0xc8 ./Middlewares/Third_Party/FreeRTOS/Source/portable/MemMang/heap_4.o
                0x080069a8                vPortFree
 .text.prvHeapInit
                0x08006a70       0xc4 ./Middlewares/Third_Party/FreeRTOS/Source/portable/MemMang/heap_4.o
 .text.prvInsertBlockIntoFreeList
                0x08006b34       0xb4 ./Middlewares/Third_Party/FreeRTOS/Source/portable/MemMang/heap_4.o
 .text.memset   0x08006be8       0x10 C:/ST/STM32CubeIDE_1.19.0/STM32CubeIDE/plugins/com.st.stm32cube.ide.mcu.externaltools.gnu-tools-for-stm32.13.3.rel1.win32_1.0.0.202411081344/tools/bin/../lib/gcc/arm-none-eabi/13.3.1/../../../../arm-none-eabi/lib/thumb/v7e-m+fp/hard\libc_nano.a(libc_a-memset.o)
                0x08006be8                memset
 .text.__libc_init_array
                0x08006bf8       0x48 C:/ST/STM32CubeIDE_1.19.0/STM32CubeIDE/plugins/com.st.stm32cube.ide.mcu.externaltools.gnu-tools-for-stm32.13.3.rel1.win32_1.0.0.202411081344/tools/bin/../lib/gcc/arm-none-eabi/13.3.1/../../../../arm-none-eabi/lib/thumb/v7e-m+fp/hard\libc_nano.a(libc_a-init.o)
                0x08006bf8                __libc_init_array
 .text.memcpy   0x08006c40       0x1c C:/ST/STM32CubeIDE_1.19.0/STM32CubeIDE/plugins/com.st.stm32cube.ide.mcu.externaltools.gnu-tools-for-stm32.13.3.rel1.win32_1.0.0.202411081344/tools/bin/../lib/gcc/arm-none-eabi/13.3.1/../../../../arm-none-eabi/lib/thumb/v7e-m+fp/hard\libc_nano.a(libc_a-memcpy-stub.o)
                0x08006c40                memcpy
 *(.glue_7)
 .glue_7        0x08006c5c        0x0 linker stubs
 *(.glue_7t)
 .glue_7t       0x08006c5c        0x0 linker stubs
 *(.eh_frame)
 .eh_frame      0x08006c5c        0x0 C:/ST/STM32CubeIDE_1.19.0/STM32CubeIDE/plugins/com.st.stm32cube.ide.mcu.externaltools.gnu-tools-for-stm32.13.3.rel1.win32_1.0.0.202411081344/tools/bin/../lib/gcc/arm-none-eabi/13.3.1/thumb/v7e-m+fp/hard/crtbegin.o
 *(.init)
 .init          0x08006c5c        0x4 C:/ST/STM32CubeIDE_1.19.0/STM32CubeIDE/plugins/com.st.stm32cube.ide.mcu.externaltools.gnu-tools-for-stm32.13.3.rel1.win32_1.0.0.202411081344/tools/bin/../lib/gcc/arm-none-eabi/13.3.1/thumb/v7e-m+fp/hard/crti.o
                0x08006c5c                _init
 .init          0x08006c60        0x8 C:/ST/STM32CubeIDE_1.19.0/STM32CubeIDE/plugins/com.st.stm32cube.ide.mcu.externaltools.gnu-tools-for-stm32.13.3.rel1.win32_1.0.0.202411081344/tools/bin/../lib/gcc/arm-none-eabi/13.3.1/thumb/v7e-m+fp/hard/crtn.o
 *(.fini)
 .fini          0x08006c68        0x4 C:/ST/STM32CubeIDE_1.19.0/STM32CubeIDE/plugins/com.st.stm32cube.ide.mcu.externaltools.gnu-tools-for-stm32.13.3.rel1.win32_1.0.0.202411081344/tools/bin/../lib/gcc/arm-none-eabi/13.3.1/thumb/v7e-m+fp/hard/crti.o
                0x08006c68                _fini
 .fini          0x08006c6c        0x8 C:/ST/STM32CubeIDE_1.19.0/STM32CubeIDE/plugins/com.st.stm32cube.ide.mcu.externaltools.gnu-tools-for-stm32.13.3.rel1.win32_1.0.0.202411081344/tools/bin/../lib/gcc/arm-none-eabi/13.3.1/thumb/v7e-m+fp/hard/crtn.o
                0x08006c74                        . = ALIGN (0x4)
                0x08006c74                        _etext = .

.vfp11_veneer   0x08006c74        0x0
 .vfp11_veneer  0x08006c74        0x0 linker stubs

.v4_bx          0x08006c74        0x0
 .v4_bx         0x08006c74        0x0 linker stubs

.iplt           0x08006c74        0x0
 .iplt          0x08006c74        0x0 C:/ST/STM32CubeIDE_1.19.0/STM32CubeIDE/plugins/com.st.stm32cube.ide.mcu.externaltools.gnu-tools-for-stm32.13.3.rel1.win32_1.0.0.202411081344/tools/bin/../lib/gcc/arm-none-eabi/13.3.1/thumb/v7e-m+fp/hard/crtbegin.o

.rodata         0x08006c74      0x100
                0x08006c74                        . = ALIGN (0x4)
 *(.rodata)
 .rodata        0x08006c74       0x36 ./Core/Src/main.o
 *fill*         0x08006caa        0x2 
 .rodata        0x08006cac        0x5 ./Middlewares/Third_Party/FreeRTOS/Source/tasks.o
 *fill*         0x08006cb1        0x3 
 .rodata        0x08006cb4        0xd ./Middlewares/Third_Party/FreeRTOS/Source/timers.o
 *(.rodata*)
 *fill*         0x08006cc1        0x3 
 .rodata.defaultTask_attributes
                0x08006cc4       0x24 ./Core/Src/main.o
                0x08006cc4                defaultTask_attributes
 .rodata.imu_acquisition_attributes
                0x08006ce8       0x24 ./Core/Src/main.o
                0x08006ce8                imu_acquisition_attributes
 .rodata.pose_estimation_attributes
                0x08006d0c       0x24 ./Core/Src/main.o
                0x08006d0c                pose_estimation_attributes
 .rodata.uart_send_attributes
                0x08006d30       0x24 ./Core/Src/main.o
                0x08006d30                uart_send_attributes
 .rodata.AHBPrescTable
                0x08006d54       0x10 ./Core/Src/system_stm32f4xx.o
                0x08006d54                AHBPrescTable
 .rodata.APBPrescTable
                0x08006d64        0x8 ./Core/Src/system_stm32f4xx.o
                0x08006d64                APBPrescTable
 .rodata.flagBitshiftOffset.0
                0x08006d6c        0x8 ./Drivers/STM32F4xx_HAL_Driver/Src/stm32f4xx_hal_dma.o
                0x08006d74                        . = ALIGN (0x4)

.ARM.extab      0x08006d74        0x0
                0x08006d74                        . = ALIGN (0x4)
 *(.ARM.extab* .gnu.linkonce.armextab.*)
                0x08006d74                        . = ALIGN (0x4)

.ARM            0x08006d74        0x8
                0x08006d74                        . = ALIGN (0x4)
                0x08006d74                        __exidx_start = .
 *(.ARM.exidx*)
 .ARM.exidx     0x08006d74        0x8 C:/ST/STM32CubeIDE_1.19.0/STM32CubeIDE/plugins/com.st.stm32cube.ide.mcu.externaltools.gnu-tools-for-stm32.13.3.rel1.win32_1.0.0.202411081344/tools/bin/../lib/gcc/arm-none-eabi/13.3.1/thumb/v7e-m+fp/hard\libgcc.a(_udivmoddi4.o)
                0x08006d7c                        __exidx_end = .
                0x08006d7c                        . = ALIGN (0x4)

.rel.dyn        0x08006d7c        0x0
 .rel.iplt      0x08006d7c        0x0 C:/ST/STM32CubeIDE_1.19.0/STM32CubeIDE/plugins/com.st.stm32cube.ide.mcu.externaltools.gnu-tools-for-stm32.13.3.rel1.win32_1.0.0.202411081344/tools/bin/../lib/gcc/arm-none-eabi/13.3.1/thumb/v7e-m+fp/hard/crtbegin.o

.preinit_array  0x08006d7c        0x0
                0x08006d7c                        . = ALIGN (0x4)
                0x08006d7c                        PROVIDE (__preinit_array_start = .)
 *(.preinit_array*)
                0x08006d7c                        PROVIDE (__preinit_array_end = .)
                0x08006d7c                        . = ALIGN (0x4)

.init_array     0x08006d7c        0x4
                0x08006d7c                        . = ALIGN (0x4)
                0x08006d7c                        PROVIDE (__init_array_start = .)
 *(SORT_BY_NAME(.init_array.*))
 *(.init_array*)
 .init_array    0x08006d7c        0x4 C:/ST/STM32CubeIDE_1.19.0/STM32CubeIDE/plugins/com.st.stm32cube.ide.mcu.externaltools.gnu-tools-for-stm32.13.3.rel1.win32_1.0.0.202411081344/tools/bin/../lib/gcc/arm-none-eabi/13.3.1/thumb/v7e-m+fp/hard/crtbegin.o
                0x08006d80                        PROVIDE (__init_array_end = .)
                0x08006d80                        . = ALIGN (0x4)

.fini_array     0x08006d80        0x4
                0x08006d80                        . = ALIGN (0x4)
                [!provide]                        PROVIDE (__fini_array_start = .)
 *(SORT_BY_NAME(.fini_array.*))
 *(.fini_array*)
 .fini_array    0x08006d80        0x4 C:/ST/STM32CubeIDE_1.19.0/STM32CubeIDE/plugins/com.st.stm32cube.ide.mcu.externaltools.gnu-tools-for-stm32.13.3.rel1.win32_1.0.0.202411081344/tools/bin/../lib/gcc/arm-none-eabi/13.3.1/thumb/v7e-m+fp/hard/crtbegin.o
                [!provide]                        PROVIDE (__fini_array_end = .)
                0x08006d84                        . = ALIGN (0x4)
                0x08006d84                        _sidata = LOADADDR (.data)

.data           0x20000000       0x10 load address 0x08006d84
                0x20000000                        . = ALIGN (0x4)
                0x20000000                        _sdata = .
 *(.data)
 *(.data*)
 .data.SystemCoreClock
                0x20000000        0x4 ./Core/Src/system_stm32f4xx.o
                0x20000000                SystemCoreClock
 .data.uwTickPrio
                0x20000004        0x4 ./Drivers/STM32F4xx_HAL_Driver/Src/stm32f4xx_hal.o
                0x20000004                uwTickPrio
 .data.uwTickFreq
                0x20000008        0x1 ./Drivers/STM32F4xx_HAL_Driver/Src/stm32f4xx_hal.o
                0x20000008                uwTickFreq
 *fill*         0x20000009        0x3 
 .data.uxCriticalNesting
                0x2000000c        0x4 ./Middlewares/Third_Party/FreeRTOS/Source/portable/GCC/ARM_CM4F/port.o
 *(.RamFunc)
 *(.RamFunc*)
                0x20000010                        . = ALIGN (0x4)
                0x20000010                        _edata = .
                0x08006d94                        _siccmram = LOADADDR (.ccmram)

.igot.plt       0x20000010        0x0 load address 0x08006d94
 .igot.plt      0x20000010        0x0 C:/ST/STM32CubeIDE_1.19.0/STM32CubeIDE/plugins/com.st.stm32cube.ide.mcu.externaltools.gnu-tools-for-stm32.13.3.rel1.win32_1.0.0.202411081344/tools/bin/../lib/gcc/arm-none-eabi/13.3.1/thumb/v7e-m+fp/hard/crtbegin.o

.ccmram         0x10000000        0x0 load address 0x08006d94
                0x10000000                        . = ALIGN (0x4)
                0x10000000                        _sccmram = .
 *(.ccmram)
 *(.ccmram*)
                0x10000000                        . = ALIGN (0x4)
                0x10000000                        _eccmram = .
                0x10000000                        . = ALIGN (0x4)

.bss            0x20000010     0x4c4c
                0x20000010                        _sbss = .
                0x20000010                        __bss_start__ = _sbss
 *(.bss)
 .bss           0x20000010       0x1c C:/ST/STM32CubeIDE_1.19.0/STM32CubeIDE/plugins/com.st.stm32cube.ide.mcu.externaltools.gnu-tools-for-stm32.13.3.rel1.win32_1.0.0.202411081344/tools/bin/../lib/gcc/arm-none-eabi/13.3.1/thumb/v7e-m+fp/hard/crtbegin.o
 *(.bss*)
 .bss.imudata   0x2000002c       0x24 ./Core/Src/main.o
                0x2000002c                imudata
 .bss.hcrc      0x20000050        0x8 ./Core/Src/main.o
                0x20000050                hcrc
 .bss.hspi1     0x20000058       0x58 ./Core/Src/main.o
                0x20000058                hspi1
 .bss.hdma_spi1_rx
                0x200000b0       0x60 ./Core/Src/main.o
                0x200000b0                hdma_spi1_rx
 .bss.htim1     0x20000110       0x48 ./Core/Src/main.o
                0x20000110                htim1
 .bss.htim2     0x20000158       0x48 ./Core/Src/main.o
                0x20000158                htim2
 .bss.huart1    0x200001a0       0x48 ./Core/Src/main.o
                0x200001a0                huart1
 .bss.huart2    0x200001e8       0x48 ./Core/Src/main.o
                0x200001e8                huart2
 .bss.hdma_usart2_rx
                0x20000230       0x60 ./Core/Src/main.o
                0x20000230                hdma_usart2_rx
 .bss.hdma_usart2_tx
                0x20000290       0x60 ./Core/Src/main.o
                0x20000290                hdma_usart2_tx
 .bss.defaultTaskHandle
                0x200002f0        0x4 ./Core/Src/main.o
                0x200002f0                defaultTaskHandle
 .bss.imu_acquisitionHandle
                0x200002f4        0x4 ./Core/Src/main.o
                0x200002f4                imu_acquisitionHandle
 .bss.pose_estimationHandle
                0x200002f8        0x4 ./Core/Src/main.o
                0x200002f8                pose_estimationHandle
 .bss.uart_sendHandle
                0x200002fc        0x4 ./Core/Src/main.o
                0x200002fc                uart_sendHandle
 .bss.preCNT    0x20000300        0x4 ./Core/Src/main.o
                0x20000300                preCNT
 .bss.delCNT    0x20000304        0x4 ./Core/Src/main.o
                0x20000304                delCNT
 .bss.uwTick    0x20000308        0x4 ./Drivers/STM32F4xx_HAL_Driver/Src/stm32f4xx_hal.o
                0x20000308                uwTick
 .bss.KernelState
                0x2000030c        0x4 ./Middlewares/Third_Party/FreeRTOS/Source/CMSIS_RTOS_V2/cmsis_os2.o
 .bss.Idle_TCB.3
                0x20000310       0x5c ./Middlewares/Third_Party/FreeRTOS/Source/CMSIS_RTOS_V2/cmsis_os2.o
 .bss.Idle_Stack.2
                0x2000036c      0x200 ./Middlewares/Third_Party/FreeRTOS/Source/CMSIS_RTOS_V2/cmsis_os2.o
 .bss.Timer_TCB.1
                0x2000056c       0x5c ./Middlewares/Third_Party/FreeRTOS/Source/CMSIS_RTOS_V2/cmsis_os2.o
 .bss.Timer_Stack.0
                0x200005c8      0x400 ./Middlewares/Third_Party/FreeRTOS/Source/CMSIS_RTOS_V2/cmsis_os2.o
 .bss.xQueueRegistry
                0x200009c8       0x40 ./Middlewares/Third_Party/FreeRTOS/Source/queue.o
                0x200009c8                xQueueRegistry
 .bss.pxCurrentTCB
                0x20000a08        0x4 ./Middlewares/Third_Party/FreeRTOS/Source/tasks.o
                0x20000a08                pxCurrentTCB
 .bss.pxReadyTasksLists
                0x20000a0c      0x460 ./Middlewares/Third_Party/FreeRTOS/Source/tasks.o
 .bss.xDelayedTaskList1
                0x20000e6c       0x14 ./Middlewares/Third_Party/FreeRTOS/Source/tasks.o
 .bss.xDelayedTaskList2
                0x20000e80       0x14 ./Middlewares/Third_Party/FreeRTOS/Source/tasks.o
 .bss.pxDelayedTaskList
                0x20000e94        0x4 ./Middlewares/Third_Party/FreeRTOS/Source/tasks.o
 .bss.pxOverflowDelayedTaskList
                0x20000e98        0x4 ./Middlewares/Third_Party/FreeRTOS/Source/tasks.o
 .bss.xPendingReadyList
                0x20000e9c       0x14 ./Middlewares/Third_Party/FreeRTOS/Source/tasks.o
 .bss.xTasksWaitingTermination
                0x20000eb0       0x14 ./Middlewares/Third_Party/FreeRTOS/Source/tasks.o
 .bss.uxDeletedTasksWaitingCleanUp
                0x20000ec4        0x4 ./Middlewares/Third_Party/FreeRTOS/Source/tasks.o
 .bss.xSuspendedTaskList
                0x20000ec8       0x14 ./Middlewares/Third_Party/FreeRTOS/Source/tasks.o
 .bss.uxCurrentNumberOfTasks
                0x20000edc        0x4 ./Middlewares/Third_Party/FreeRTOS/Source/tasks.o
 .bss.xTickCount
                0x20000ee0        0x4 ./Middlewares/Third_Party/FreeRTOS/Source/tasks.o
 .bss.uxTopReadyPriority
                0x20000ee4        0x4 ./Middlewares/Third_Party/FreeRTOS/Source/tasks.o
 .bss.xSchedulerRunning
                0x20000ee8        0x4 ./Middlewares/Third_Party/FreeRTOS/Source/tasks.o
 .bss.xPendedTicks
                0x20000eec        0x4 ./Middlewares/Third_Party/FreeRTOS/Source/tasks.o
 .bss.xYieldPending
                0x20000ef0        0x4 ./Middlewares/Third_Party/FreeRTOS/Source/tasks.o
 .bss.xNumOfOverflows
                0x20000ef4        0x4 ./Middlewares/Third_Party/FreeRTOS/Source/tasks.o
 .bss.uxTaskNumber
                0x20000ef8        0x4 ./Middlewares/Third_Party/FreeRTOS/Source/tasks.o
 .bss.xNextTaskUnblockTime
                0x20000efc        0x4 ./Middlewares/Third_Party/FreeRTOS/Source/tasks.o
 .bss.xIdleTaskHandle
                0x20000f00        0x4 ./Middlewares/Third_Party/FreeRTOS/Source/tasks.o
 .bss.uxSchedulerSuspended
                0x20000f04        0x4 ./Middlewares/Third_Party/FreeRTOS/Source/tasks.o
 .bss.xActiveTimerList1
                0x20000f08       0x14 ./Middlewares/Third_Party/FreeRTOS/Source/timers.o
 .bss.xActiveTimerList2
                0x20000f1c       0x14 ./Middlewares/Third_Party/FreeRTOS/Source/timers.o
 .bss.pxCurrentTimerList
                0x20000f30        0x4 ./Middlewares/Third_Party/FreeRTOS/Source/timers.o
 .bss.pxOverflowTimerList
                0x20000f34        0x4 ./Middlewares/Third_Party/FreeRTOS/Source/timers.o
 .bss.xTimerQueue
                0x20000f38        0x4 ./Middlewares/Third_Party/FreeRTOS/Source/timers.o
 .bss.xTimerTaskHandle
                0x20000f3c        0x4 ./Middlewares/Third_Party/FreeRTOS/Source/timers.o
 .bss.xLastTime.2
                0x20000f40        0x4 ./Middlewares/Third_Party/FreeRTOS/Source/timers.o
 .bss.ucStaticTimerQueueStorage.1
                0x20000f44       0xa0 ./Middlewares/Third_Party/FreeRTOS/Source/timers.o
 .bss.xStaticTimerQueue.0
                0x20000fe4       0x50 ./Middlewares/Third_Party/FreeRTOS/Source/timers.o
 .bss.ucMaxSysCallPriority
                0x20001034        0x1 ./Middlewares/Third_Party/FreeRTOS/Source/portable/GCC/ARM_CM4F/port.o
 *fill*         0x20001035        0x3 
 .bss.ulMaxPRIGROUPValue
                0x20001038        0x4 ./Middlewares/Third_Party/FreeRTOS/Source/portable/GCC/ARM_CM4F/port.o
 .bss.ucHeap    0x2000103c     0x3c00 ./Middlewares/Third_Party/FreeRTOS/Source/portable/MemMang/heap_4.o
 .bss.xStart    0x20004c3c        0x8 ./Middlewares/Third_Party/FreeRTOS/Source/portable/MemMang/heap_4.o
 .bss.pxEnd     0x20004c44        0x4 ./Middlewares/Third_Party/FreeRTOS/Source/portable/MemMang/heap_4.o
 .bss.xFreeBytesRemaining
                0x20004c48        0x4 ./Middlewares/Third_Party/FreeRTOS/Source/portable/MemMang/heap_4.o
 .bss.xMinimumEverFreeBytesRemaining
                0x20004c4c        0x4 ./Middlewares/Third_Party/FreeRTOS/Source/portable/MemMang/heap_4.o
 .bss.xNumberOfSuccessfulAllocations
                0x20004c50        0x4 ./Middlewares/Third_Party/FreeRTOS/Source/portable/MemMang/heap_4.o
 .bss.xNumberOfSuccessfulFrees
                0x20004c54        0x4 ./Middlewares/Third_Party/FreeRTOS/Source/portable/MemMang/heap_4.o
 .bss.xBlockAllocatedBit
                0x20004c58        0x4 ./Middlewares/Third_Party/FreeRTOS/Source/portable/MemMang/heap_4.o
 *(COMMON)
                0x20004c5c                        . = ALIGN (0x4)
                0x20004c5c                        _ebss = .
                0x20004c5c                        __bss_end__ = _ebss

._user_heap_stack
                0x20004c5c      0x604
                0x20004c60                        . = ALIGN (0x8)
 *fill*         0x20004c5c        0x4 
                [!provide]                        PROVIDE (end = .)
                0x20004c60                        PROVIDE (_end = .)
                0x20004e60                        . = (. + _Min_Heap_Size)
 *fill*         0x20004c60      0x200 
                0x20005260                        . = (. + _Min_Stack_Size)
 *fill*         0x20004e60      0x400 
                0x20005260                        . = ALIGN (0x8)

/DISCARD/
 libc.a(*)
 libm.a(*)
 libgcc.a(*)

.ARM.attributes
                0x00000000       0x30
 *(.ARM.attributes)
 .ARM.attributes
                0x00000000       0x22 C:/ST/STM32CubeIDE_1.19.0/STM32CubeIDE/plugins/com.st.stm32cube.ide.mcu.externaltools.gnu-tools-for-stm32.13.3.rel1.win32_1.0.0.202411081344/tools/bin/../lib/gcc/arm-none-eabi/13.3.1/thumb/v7e-m+fp/hard/crti.o
 .ARM.attributes
                0x00000022       0x34 C:/ST/STM32CubeIDE_1.19.0/STM32CubeIDE/plugins/com.st.stm32cube.ide.mcu.externaltools.gnu-tools-for-stm32.13.3.rel1.win32_1.0.0.202411081344/tools/bin/../lib/gcc/arm-none-eabi/13.3.1/thumb/v7e-m+fp/hard/crtbegin.o
 .ARM.attributes
                0x00000056       0x34 ./Core/Src/freertos.o
 .ARM.attributes
                0x0000008a       0x34 ./Core/Src/icm42688p.o
 .ARM.attributes
                0x000000be       0x34 ./Core/Src/main.o
 .ARM.attributes
                0x000000f2       0x34 ./Core/Src/stm32f4xx_hal_msp.o
 .ARM.attributes
                0x00000126       0x34 ./Core/Src/stm32f4xx_it.o
 .ARM.attributes
                0x0000015a       0x34 ./Core/Src/system_stm32f4xx.o
 .ARM.attributes
                0x0000018e       0x21 ./Core/Startup/startup_stm32f405rgtx.o
 .ARM.attributes
                0x000001af       0x34 ./Drivers/STM32F4xx_HAL_Driver/Src/stm32f4xx_hal.o
 .ARM.attributes
                0x000001e3       0x34 ./Drivers/STM32F4xx_HAL_Driver/Src/stm32f4xx_hal_cortex.o
 .ARM.attributes
                0x00000217       0x34 ./Drivers/STM32F4xx_HAL_Driver/Src/stm32f4xx_hal_crc.o
 .ARM.attributes
                0x0000024b       0x34 ./Drivers/STM32F4xx_HAL_Driver/Src/stm32f4xx_hal_dma.o
 .ARM.attributes
                0x0000027f       0x34 ./Drivers/STM32F4xx_HAL_Driver/Src/stm32f4xx_hal_gpio.o
 .ARM.attributes
                0x000002b3       0x34 ./Drivers/STM32F4xx_HAL_Driver/Src/stm32f4xx_hal_rcc.o
 .ARM.attributes
                0x000002e7       0x34 ./Drivers/STM32F4xx_HAL_Driver/Src/stm32f4xx_hal_spi.o
 .ARM.attributes
                0x0000031b       0x34 ./Drivers/STM32F4xx_HAL_Driver/Src/stm32f4xx_hal_tim.o
 .ARM.attributes
                0x0000034f       0x34 ./Drivers/STM32F4xx_HAL_Driver/Src/stm32f4xx_hal_tim_ex.o
 .ARM.attributes
                0x00000383       0x34 ./Drivers/STM32F4xx_HAL_Driver/Src/stm32f4xx_hal_uart.o
 .ARM.attributes
                0x000003b7       0x34 ./Middlewares/Third_Party/FreeRTOS/Source/CMSIS_RTOS_V2/cmsis_os2.o
 .ARM.attributes
                0x000003eb       0x34 ./Middlewares/Third_Party/FreeRTOS/Source/list.o
 .ARM.attributes
                0x0000041f       0x34 ./Middlewares/Third_Party/FreeRTOS/Source/queue.o
 .ARM.attributes
                0x00000453       0x34 ./Middlewares/Third_Party/FreeRTOS/Source/tasks.o
 .ARM.attributes
                0x00000487       0x34 ./Middlewares/Third_Party/FreeRTOS/Source/timers.o
 .ARM.attributes
                0x000004bb       0x34 ./Middlewares/Third_Party/FreeRTOS/Source/portable/GCC/ARM_CM4F/port.o
 .ARM.attributes
                0x000004ef       0x34 ./Middlewares/Third_Party/FreeRTOS/Source/portable/MemMang/heap_4.o
 .ARM.attributes
                0x00000523       0x34 C:/ST/STM32CubeIDE_1.19.0/STM32CubeIDE/plugins/com.st.stm32cube.ide.mcu.externaltools.gnu-tools-for-stm32.13.3.rel1.win32_1.0.0.202411081344/tools/bin/../lib/gcc/arm-none-eabi/13.3.1/../../../../arm-none-eabi/lib/thumb/v7e-m+fp/hard\libc_nano.a(libc_a-memset.o)
 .ARM.attributes
                0x00000557       0x34 C:/ST/STM32CubeIDE_1.19.0/STM32CubeIDE/plugins/com.st.stm32cube.ide.mcu.externaltools.gnu-tools-for-stm32.13.3.rel1.win32_1.0.0.202411081344/tools/bin/../lib/gcc/arm-none-eabi/13.3.1/../../../../arm-none-eabi/lib/thumb/v7e-m+fp/hard\libc_nano.a(libc_a-init.o)
 .ARM.attributes
                0x0000058b       0x34 C:/ST/STM32CubeIDE_1.19.0/STM32CubeIDE/plugins/com.st.stm32cube.ide.mcu.externaltools.gnu-tools-for-stm32.13.3.rel1.win32_1.0.0.202411081344/tools/bin/../lib/gcc/arm-none-eabi/13.3.1/../../../../arm-none-eabi/lib/thumb/v7e-m+fp/hard\libc_nano.a(libc_a-memcpy-stub.o)
 .ARM.attributes
                0x000005bf       0x22 C:/ST/STM32CubeIDE_1.19.0/STM32CubeIDE/plugins/com.st.stm32cube.ide.mcu.externaltools.gnu-tools-for-stm32.13.3.rel1.win32_1.0.0.202411081344/tools/bin/../lib/gcc/arm-none-eabi/13.3.1/thumb/v7e-m+fp/hard\libgcc.a(_aeabi_uldivmod.o)
 .ARM.attributes
                0x000005e1       0x34 C:/ST/STM32CubeIDE_1.19.0/STM32CubeIDE/plugins/com.st.stm32cube.ide.mcu.externaltools.gnu-tools-for-stm32.13.3.rel1.win32_1.0.0.202411081344/tools/bin/../lib/gcc/arm-none-eabi/13.3.1/thumb/v7e-m+fp/hard\libgcc.a(_udivmoddi4.o)
 .ARM.attributes
                0x00000615       0x22 C:/ST/STM32CubeIDE_1.19.0/STM32CubeIDE/plugins/com.st.stm32cube.ide.mcu.externaltools.gnu-tools-for-stm32.13.3.rel1.win32_1.0.0.202411081344/tools/bin/../lib/gcc/arm-none-eabi/13.3.1/thumb/v7e-m+fp/hard\libgcc.a(_dvmd_tls.o)
 .ARM.attributes
                0x00000637       0x22 C:/ST/STM32CubeIDE_1.19.0/STM32CubeIDE/plugins/com.st.stm32cube.ide.mcu.externaltools.gnu-tools-for-stm32.13.3.rel1.win32_1.0.0.202411081344/tools/bin/../lib/gcc/arm-none-eabi/13.3.1/thumb/v7e-m+fp/hard/crtn.o
OUTPUT(STM32-DevBoard.elf elf32-littlearm)
LOAD linker stubs
LOAD C:/ST/STM32CubeIDE_1.19.0/STM32CubeIDE/plugins/com.st.stm32cube.ide.mcu.externaltools.gnu-tools-for-stm32.13.3.rel1.win32_1.0.0.202411081344/tools/bin/../lib/gcc/arm-none-eabi/13.3.1/../../../../arm-none-eabi/lib/thumb/v7e-m+fp/hard\libc.a
LOAD C:/ST/STM32CubeIDE_1.19.0/STM32CubeIDE/plugins/com.st.stm32cube.ide.mcu.externaltools.gnu-tools-for-stm32.13.3.rel1.win32_1.0.0.202411081344/tools/bin/../lib/gcc/arm-none-eabi/13.3.1/../../../../arm-none-eabi/lib/thumb/v7e-m+fp/hard\libm.a
LOAD C:/ST/STM32CubeIDE_1.19.0/STM32CubeIDE/plugins/com.st.stm32cube.ide.mcu.externaltools.gnu-tools-for-stm32.13.3.rel1.win32_1.0.0.202411081344/tools/bin/../lib/gcc/arm-none-eabi/13.3.1/thumb/v7e-m+fp/hard\libgcc.a

.debug_info     0x00000000    0x19c1c
 .debug_info    0x00000000       0x9f ./Core/Src/freertos.o
 .debug_info    0x0000009f      0xf42 ./Core/Src/icm42688p.o
 .debug_info    0x00000fe1     0x1d0f ./Core/Src/main.o
 .debug_info    0x00002cf0     0x1429 ./Core/Src/stm32f4xx_hal_msp.o
 .debug_info    0x00004119      0x768 ./Core/Src/stm32f4xx_it.o
 .debug_info    0x00004881      0x512 ./Core/Src/system_stm32f4xx.o
 .debug_info    0x00004d93       0x30 ./Core/Startup/startup_stm32f405rgtx.o
 .debug_info    0x00004dc3      0x932 ./Drivers/STM32F4xx_HAL_Driver/Src/stm32f4xx_hal.o
 .debug_info    0x000056f5      0xd7a ./Drivers/STM32F4xx_HAL_Driver/Src/stm32f4xx_hal_cortex.o
 .debug_info    0x0000646f      0x37f ./Drivers/STM32F4xx_HAL_Driver/Src/stm32f4xx_hal_crc.o
 .debug_info    0x000067ee      0x8e7 ./Drivers/STM32F4xx_HAL_Driver/Src/stm32f4xx_hal_dma.o
 .debug_info    0x000070d5      0x6c3 ./Drivers/STM32F4xx_HAL_Driver/Src/stm32f4xx_hal_gpio.o
 .debug_info    0x00007798      0x8c3 ./Drivers/STM32F4xx_HAL_Driver/Src/stm32f4xx_hal_rcc.o
 .debug_info    0x0000805b     0x1525 ./Drivers/STM32F4xx_HAL_Driver/Src/stm32f4xx_hal_spi.o
 .debug_info    0x00009580     0x299d ./Drivers/STM32F4xx_HAL_Driver/Src/stm32f4xx_hal_tim.o
 .debug_info    0x0000bf1d     0x14db ./Drivers/STM32F4xx_HAL_Driver/Src/stm32f4xx_hal_tim_ex.o
 .debug_info    0x0000d3f8     0x2f4f ./Drivers/STM32F4xx_HAL_Driver/Src/stm32f4xx_hal_uart.o
 .debug_info    0x00010347     0x3a64 ./Middlewares/Third_Party/FreeRTOS/Source/CMSIS_RTOS_V2/cmsis_os2.o
 .debug_info    0x00013dab      0x2af ./Middlewares/Third_Party/FreeRTOS/Source/list.o
 .debug_info    0x0001405a     0x1b79 ./Middlewares/Third_Party/FreeRTOS/Source/queue.o
 .debug_info    0x00015bd3     0x220e ./Middlewares/Third_Party/FreeRTOS/Source/tasks.o
 .debug_info    0x00017de1     0x1488 ./Middlewares/Third_Party/FreeRTOS/Source/timers.o
 .debug_info    0x00019269      0x4de ./Middlewares/Third_Party/FreeRTOS/Source/portable/GCC/ARM_CM4F/port.o
 .debug_info    0x00019747      0x4d5 ./Middlewares/Third_Party/FreeRTOS/Source/portable/MemMang/heap_4.o

.debug_abbrev   0x00000000     0x38f9
 .debug_abbrev  0x00000000       0x47 ./Core/Src/freertos.o
 .debug_abbrev  0x00000047      0x268 ./Core/Src/icm42688p.o
 .debug_abbrev  0x000002af      0x34a ./Core/Src/main.o
 .debug_abbrev  0x000005f9      0x27e ./Core/Src/stm32f4xx_hal_msp.o
 .debug_abbrev  0x00000877      0x1be ./Core/Src/stm32f4xx_it.o
 .debug_abbrev  0x00000a35      0x11a ./Core/Src/system_stm32f4xx.o
 .debug_abbrev  0x00000b4f       0x24 ./Core/Startup/startup_stm32f405rgtx.o
 .debug_abbrev  0x00000b73      0x214 ./Drivers/STM32F4xx_HAL_Driver/Src/stm32f4xx_hal.o
 .debug_abbrev  0x00000d87      0x31d ./Drivers/STM32F4xx_HAL_Driver/Src/stm32f4xx_hal_cortex.o
 .debug_abbrev  0x000010a4      0x1b1 ./Drivers/STM32F4xx_HAL_Driver/Src/stm32f4xx_hal_crc.o
 .debug_abbrev  0x00001255      0x264 ./Drivers/STM32F4xx_HAL_Driver/Src/stm32f4xx_hal_dma.o
 .debug_abbrev  0x000014b9      0x1d4 ./Drivers/STM32F4xx_HAL_Driver/Src/stm32f4xx_hal_gpio.o
 .debug_abbrev  0x0000168d      0x2b7 ./Drivers/STM32F4xx_HAL_Driver/Src/stm32f4xx_hal_rcc.o
 .debug_abbrev  0x00001944      0x27a ./Drivers/STM32F4xx_HAL_Driver/Src/stm32f4xx_hal_spi.o
 .debug_abbrev  0x00001bbe      0x278 ./Drivers/STM32F4xx_HAL_Driver/Src/stm32f4xx_hal_tim.o
 .debug_abbrev  0x00001e36      0x283 ./Drivers/STM32F4xx_HAL_Driver/Src/stm32f4xx_hal_tim_ex.o
 .debug_abbrev  0x000020b9      0x30e ./Drivers/STM32F4xx_HAL_Driver/Src/stm32f4xx_hal_uart.o
 .debug_abbrev  0x000023c7      0x522 ./Middlewares/Third_Party/FreeRTOS/Source/CMSIS_RTOS_V2/cmsis_os2.o
 .debug_abbrev  0x000028e9       0xf5 ./Middlewares/Third_Party/FreeRTOS/Source/list.o
 .debug_abbrev  0x000029de      0x3b6 ./Middlewares/Third_Party/FreeRTOS/Source/queue.o
 .debug_abbrev  0x00002d94      0x39a ./Middlewares/Third_Party/FreeRTOS/Source/tasks.o
 .debug_abbrev  0x0000312e      0x352 ./Middlewares/Third_Party/FreeRTOS/Source/timers.o
 .debug_abbrev  0x00003480      0x25c ./Middlewares/Third_Party/FreeRTOS/Source/portable/GCC/ARM_CM4F/port.o
 .debug_abbrev  0x000036dc      0x21d ./Middlewares/Third_Party/FreeRTOS/Source/portable/MemMang/heap_4.o

.debug_aranges  0x00000000     0x1788
 .debug_aranges
                0x00000000       0x28 ./Core/Src/freertos.o
 .debug_aranges
                0x00000028       0x88 ./Core/Src/icm42688p.o
 .debug_aranges
                0x000000b0       0xa8 ./Core/Src/main.o
 .debug_aranges
                0x00000158       0x60 ./Core/Src/stm32f4xx_hal_msp.o
 .debug_aranges
                0x000001b8       0x70 ./Core/Src/stm32f4xx_it.o
 .debug_aranges
                0x00000228       0x28 ./Core/Src/system_stm32f4xx.o
 .debug_aranges
                0x00000250       0x28 ./Core/Startup/startup_stm32f405rgtx.o
 .debug_aranges
                0x00000278       0xf0 ./Drivers/STM32F4xx_HAL_Driver/Src/stm32f4xx_hal.o
 .debug_aranges
                0x00000368      0x130 ./Drivers/STM32F4xx_HAL_Driver/Src/stm32f4xx_hal_cortex.o
 .debug_aranges
                0x00000498       0x50 ./Drivers/STM32F4xx_HAL_Driver/Src/stm32f4xx_hal_crc.o
 .debug_aranges
                0x000004e8       0x90 ./Drivers/STM32F4xx_HAL_Driver/Src/stm32f4xx_hal_dma.o
 .debug_aranges
                0x00000578       0x58 ./Drivers/STM32F4xx_HAL_Driver/Src/stm32f4xx_hal_gpio.o
 .debug_aranges
                0x000005d0       0x88 ./Drivers/STM32F4xx_HAL_Driver/Src/stm32f4xx_hal_rcc.o
 .debug_aranges
                0x00000658      0x1d0 ./Drivers/STM32F4xx_HAL_Driver/Src/stm32f4xx_hal_spi.o
 .debug_aranges
                0x00000828      0x3d0 ./Drivers/STM32F4xx_HAL_Driver/Src/stm32f4xx_hal_tim.o
 .debug_aranges
                0x00000bf8      0x168 ./Drivers/STM32F4xx_HAL_Driver/Src/stm32f4xx_hal_tim_ex.o
 .debug_aranges
                0x00000d60      0x208 ./Drivers/STM32F4xx_HAL_Driver/Src/stm32f4xx_hal_uart.o
 .debug_aranges
                0x00000f68      0x2b8 ./Middlewares/Third_Party/FreeRTOS/Source/CMSIS_RTOS_V2/cmsis_os2.o
 .debug_aranges
                0x00001220       0x40 ./Middlewares/Third_Party/FreeRTOS/Source/list.o
 .debug_aranges
                0x00001260      0x158 ./Middlewares/Third_Party/FreeRTOS/Source/queue.o
 .debug_aranges
                0x000013b8      0x208 ./Middlewares/Third_Party/FreeRTOS/Source/tasks.o
 .debug_aranges
                0x000015c0       0xf0 ./Middlewares/Third_Party/FreeRTOS/Source/timers.o
 .debug_aranges
                0x000016b0       0x80 ./Middlewares/Third_Party/FreeRTOS/Source/portable/GCC/ARM_CM4F/port.o
 .debug_aranges
                0x00001730       0x58 ./Middlewares/Third_Party/FreeRTOS/Source/portable/MemMang/heap_4.o

.debug_rnglists
                0x00000000     0x1249
 .debug_rnglists
                0x00000000       0x19 ./Core/Src/freertos.o
 .debug_rnglists
                0x00000019       0x63 ./Core/Src/icm42688p.o
 .debug_rnglists
                0x0000007c       0x7e ./Core/Src/main.o
 .debug_rnglists
                0x000000fa       0x45 ./Core/Src/stm32f4xx_hal_msp.o
 .debug_rnglists
                0x0000013f       0x4f ./Core/Src/stm32f4xx_it.o
 .debug_rnglists
                0x0000018e       0x1a ./Core/Src/system_stm32f4xx.o
 .debug_rnglists
                0x000001a8       0x19 ./Core/Startup/startup_stm32f405rgtx.o
 .debug_rnglists
                0x000001c1       0xaf ./Drivers/STM32F4xx_HAL_Driver/Src/stm32f4xx_hal.o
 .debug_rnglists
                0x00000270       0xe0 ./Drivers/STM32F4xx_HAL_Driver/Src/stm32f4xx_hal_cortex.o
 .debug_rnglists
                0x00000350       0x37 ./Drivers/STM32F4xx_HAL_Driver/Src/stm32f4xx_hal_crc.o
 .debug_rnglists
                0x00000387       0x70 ./Drivers/STM32F4xx_HAL_Driver/Src/stm32f4xx_hal_dma.o
 .debug_rnglists
                0x000003f7       0x3f ./Drivers/STM32F4xx_HAL_Driver/Src/stm32f4xx_hal_gpio.o
 .debug_rnglists
                0x00000436       0x66 ./Drivers/STM32F4xx_HAL_Driver/Src/stm32f4xx_hal_rcc.o
 .debug_rnglists
                0x0000049c      0x16f ./Drivers/STM32F4xx_HAL_Driver/Src/stm32f4xx_hal_spi.o
 .debug_rnglists
                0x0000060b      0x31a ./Drivers/STM32F4xx_HAL_Driver/Src/stm32f4xx_hal_tim.o
 .debug_rnglists
                0x00000925      0x125 ./Drivers/STM32F4xx_HAL_Driver/Src/stm32f4xx_hal_tim_ex.o
 .debug_rnglists
                0x00000a4a      0x1bc ./Drivers/STM32F4xx_HAL_Driver/Src/stm32f4xx_hal_uart.o
 .debug_rnglists
                0x00000c06      0x218 ./Middlewares/Third_Party/FreeRTOS/Source/CMSIS_RTOS_V2/cmsis_os2.o
 .debug_rnglists
                0x00000e1e       0x2b ./Middlewares/Third_Party/FreeRTOS/Source/list.o
 .debug_rnglists
                0x00000e49      0x109 ./Middlewares/Third_Party/FreeRTOS/Source/queue.o
 .debug_rnglists
                0x00000f52      0x1a0 ./Middlewares/Third_Party/FreeRTOS/Source/tasks.o
 .debug_rnglists
                0x000010f2       0xb8 ./Middlewares/Third_Party/FreeRTOS/Source/timers.o
 .debug_rnglists
                0x000011aa       0x5d ./Middlewares/Third_Party/FreeRTOS/Source/portable/GCC/ARM_CM4F/port.o
 .debug_rnglists
                0x00001207       0x42 ./Middlewares/Third_Party/FreeRTOS/Source/portable/MemMang/heap_4.o

.debug_macro    0x00000000    0x22681
 .debug_macro   0x00000000      0x259 ./Core/Src/freertos.o
 .debug_macro   0x00000259      0xad8 ./Core/Src/freertos.o
 .debug_macro   0x00000d31      0x190 ./Core/Src/freertos.o
 .debug_macro   0x00000ec1       0x22 ./Core/Src/freertos.o
 .debug_macro   0x00000ee3       0x8e ./Core/Src/freertos.o
 .debug_macro   0x00000f71       0x51 ./Core/Src/freertos.o
 .debug_macro   0x00000fc2      0x103 ./Core/Src/freertos.o
 .debug_macro   0x000010c5       0x6a ./Core/Src/freertos.o
 .debug_macro   0x0000112f      0x1df ./Core/Src/freertos.o
 .debug_macro   0x0000130e      0x169 ./Core/Src/freertos.o
 .debug_macro   0x00001477      0x15a ./Core/Src/freertos.o
 .debug_macro   0x000015d1       0xc9 ./Core/Src/freertos.o
 .debug_macro   0x0000169a       0x1c ./Core/Src/freertos.o
 .debug_macro   0x000016b6       0x26 ./Core/Src/freertos.o
 .debug_macro   0x000016dc      0x4c5 ./Core/Src/freertos.o
 .debug_macro   0x00001ba1       0xb5 ./Core/Src/freertos.o
 .debug_macro   0x00001c56       0xaa ./Core/Src/freertos.o
 .debug_macro   0x00001d00      0x2a7 ./Core/Src/freertos.o
 .debug_macro   0x00001fa7       0x2e ./Core/Src/freertos.o
 .debug_macro   0x00001fd5       0x2f ./Core/Src/freertos.o
 .debug_macro   0x00002004       0x1c ./Core/Src/freertos.o
 .debug_macro   0x00002020       0x22 ./Core/Src/freertos.o
 .debug_macro   0x00002042       0xfb ./Core/Src/freertos.o
 .debug_macro   0x0000213d     0x1011 ./Core/Src/freertos.o
 .debug_macro   0x0000314e      0x11f ./Core/Src/freertos.o
 .debug_macro   0x0000326d    0x1427b ./Core/Src/freertos.o
 .debug_macro   0x000174e8       0x6d ./Core/Src/freertos.o
 .debug_macro   0x00017555     0x3693 ./Core/Src/freertos.o
 .debug_macro   0x0001abe8       0x5c ./Core/Src/freertos.o
 .debug_macro   0x0001ac44      0x8bc ./Core/Src/freertos.o
 .debug_macro   0x0001b500      0x9e9 ./Core/Src/freertos.o
 .debug_macro   0x0001bee9      0x115 ./Core/Src/freertos.o
 .debug_macro   0x0001bffe      0x130 ./Core/Src/freertos.o
 .debug_macro   0x0001c12e       0xa5 ./Core/Src/freertos.o
 .debug_macro   0x0001c1d3      0x174 ./Core/Src/freertos.o
 .debug_macro   0x0001c347      0x287 ./Core/Src/freertos.o
 .debug_macro   0x0001c5ce       0x5f ./Core/Src/freertos.o
 .debug_macro   0x0001c62d      0x236 ./Core/Src/freertos.o
 .debug_macro   0x0001c863       0x22 ./Core/Src/freertos.o
 .debug_macro   0x0001c885      0x12c ./Core/Src/freertos.o
 .debug_macro   0x0001c9b1      0x21e ./Core/Src/freertos.o
 .debug_macro   0x0001cbcf       0x2e ./Core/Src/freertos.o
 .debug_macro   0x0001cbfd      0x127 ./Core/Src/freertos.o
 .debug_macro   0x0001cd24       0x7e ./Core/Src/freertos.o
 .debug_macro   0x0001cda2       0x89 ./Core/Src/freertos.o
 .debug_macro   0x0001ce2b      0x225 ./Core/Src/freertos.o
 .debug_macro   0x0001d050      0x8ed ./Core/Src/freertos.o
 .debug_macro   0x0001d93d       0x4d ./Core/Src/freertos.o
 .debug_macro   0x0001d98a      0x2aa ./Core/Src/freertos.o
 .debug_macro   0x0001dc34      0x12d ./Core/Src/freertos.o
 .debug_macro   0x0001dd61       0x76 ./Core/Src/freertos.o
 .debug_macro   0x0001ddd7      0x2c3 ./Core/Src/icm42688p.o
 .debug_macro   0x0001e09a      0x22b ./Core/Src/icm42688p.o
 .debug_macro   0x0001e2c5       0x61 ./Core/Src/icm42688p.o
 .debug_macro   0x0001e326       0x2a ./Core/Src/icm42688p.o
 .debug_macro   0x0001e350       0x43 ./Core/Src/icm42688p.o
 .debug_macro   0x0001e393       0x34 ./Core/Src/icm42688p.o
 .debug_macro   0x0001e3c7      0x370 ./Core/Src/icm42688p.o
 .debug_macro   0x0001e737       0x16 ./Core/Src/icm42688p.o
 .debug_macro   0x0001e74d       0x4a ./Core/Src/icm42688p.o
 .debug_macro   0x0001e797       0x34 ./Core/Src/icm42688p.o
 .debug_macro   0x0001e7cb       0x10 ./Core/Src/icm42688p.o
 .debug_macro   0x0001e7db       0x58 ./Core/Src/icm42688p.o
 .debug_macro   0x0001e833       0x8e ./Core/Src/icm42688p.o
 .debug_macro   0x0001e8c1       0x1c ./Core/Src/icm42688p.o
 .debug_macro   0x0001e8dd      0x185 ./Core/Src/icm42688p.o
 .debug_macro   0x0001ea62       0x10 ./Core/Src/icm42688p.o
 .debug_macro   0x0001ea72       0x3c ./Core/Src/icm42688p.o
 .debug_macro   0x0001eaae       0x20 ./Core/Src/icm42688p.o
 .debug_macro   0x0001eace      0x43d ./Core/Src/main.o
 .debug_macro   0x0001ef0b      0x169 ./Core/Src/main.o
 .debug_macro   0x0001f074       0x66 ./Core/Src/main.o
 .debug_macro   0x0001f0da       0x74 ./Core/Src/main.o
 .debug_macro   0x0001f14e       0xdd ./Core/Src/main.o
 .debug_macro   0x0001f22b       0x2e ./Core/Src/main.o
 .debug_macro   0x0001f259       0x1c ./Core/Src/main.o
 .debug_macro   0x0001f275       0x1c ./Core/Src/main.o
 .debug_macro   0x0001f291       0x22 ./Core/Src/main.o
 .debug_macro   0x0001f2b3       0xbf ./Core/Src/main.o
 .debug_macro   0x0001f372       0x2e ./Core/Src/main.o
 .debug_macro   0x0001f3a0       0x10 ./Core/Src/main.o
 .debug_macro   0x0001f3b0      0x19b ./Core/Src/main.o
 .debug_macro   0x0001f54b       0x1c ./Core/Src/main.o
 .debug_macro   0x0001f567       0x10 ./Core/Src/main.o
 .debug_macro   0x0001f577       0x1c ./Core/Src/main.o
 .debug_macro   0x0001f593       0x16 ./Core/Src/main.o
 .debug_macro   0x0001f5a9      0x146 ./Core/Src/main.o
 .debug_macro   0x0001f6ef       0x57 ./Core/Src/main.o
 .debug_macro   0x0001f746       0x12 ./Core/Src/main.o
 .debug_macro   0x0001f758       0xc1 ./Core/Src/main.o
 .debug_macro   0x0001f819       0x22 ./Core/Src/main.o
 .debug_macro   0x0001f83b       0x4c ./Core/Src/main.o
 .debug_macro   0x0001f887       0x3d ./Core/Src/main.o
 .debug_macro   0x0001f8c4       0x34 ./Core/Src/main.o
 .debug_macro   0x0001f8f8       0x40 ./Core/Src/main.o
 .debug_macro   0x0001f938       0x10 ./Core/Src/main.o
 .debug_macro   0x0001f948      0x1f1 ./Core/Src/stm32f4xx_hal_msp.o
 .debug_macro   0x0001fb39      0x263 ./Core/Src/stm32f4xx_it.o
 .debug_macro   0x0001fd9c      0x1e2 ./Core/Src/system_stm32f4xx.o
 .debug_macro   0x0001ff7e      0x242 ./Drivers/STM32F4xx_HAL_Driver/Src/stm32f4xx_hal.o
 .debug_macro   0x000201c0      0x1e2 ./Drivers/STM32F4xx_HAL_Driver/Src/stm32f4xx_hal_cortex.o
 .debug_macro   0x000203a2      0x1e2 ./Drivers/STM32F4xx_HAL_Driver/Src/stm32f4xx_hal_crc.o
 .debug_macro   0x00020584      0x1e8 ./Drivers/STM32F4xx_HAL_Driver/Src/stm32f4xx_hal_dma.o
 .debug_macro   0x0002076c      0x1e8 ./Drivers/STM32F4xx_HAL_Driver/Src/stm32f4xx_hal_gpio.o
 .debug_macro   0x00020954      0x206 ./Drivers/STM32F4xx_HAL_Driver/Src/stm32f4xx_hal_rcc.o
 .debug_macro   0x00020b5a      0x1f1 ./Drivers/STM32F4xx_HAL_Driver/Src/stm32f4xx_hal_spi.o
 .debug_macro   0x00020d4b      0x1e3 ./Drivers/STM32F4xx_HAL_Driver/Src/stm32f4xx_hal_tim.o
 .debug_macro   0x00020f2e      0x1e2 ./Drivers/STM32F4xx_HAL_Driver/Src/stm32f4xx_hal_tim_ex.o
 .debug_macro   0x00021110      0x1e3 ./Drivers/STM32F4xx_HAL_Driver/Src/stm32f4xx_hal_uart.o
 .debug_macro   0x000212f3      0x3d9 ./Middlewares/Third_Party/FreeRTOS/Source/CMSIS_RTOS_V2/cmsis_os2.o
 .debug_macro   0x000216cc       0x10 ./Middlewares/Third_Party/FreeRTOS/Source/CMSIS_RTOS_V2/cmsis_os2.o
 .debug_macro   0x000216dc       0xf5 ./Middlewares/Third_Party/FreeRTOS/Source/CMSIS_RTOS_V2/cmsis_os2.o
 .debug_macro   0x000217d1       0x91 ./Middlewares/Third_Party/FreeRTOS/Source/CMSIS_RTOS_V2/cmsis_os2.o
 .debug_macro   0x00021862       0x8d ./Middlewares/Third_Party/FreeRTOS/Source/CMSIS_RTOS_V2/cmsis_os2.o
 .debug_macro   0x000218ef       0x9a ./Middlewares/Third_Party/FreeRTOS/Source/CMSIS_RTOS_V2/cmsis_os2.o
 .debug_macro   0x00021989       0x22 ./Middlewares/Third_Party/FreeRTOS/Source/CMSIS_RTOS_V2/cmsis_os2.o
 .debug_macro   0x000219ab       0x56 ./Middlewares/Third_Party/FreeRTOS/Source/CMSIS_RTOS_V2/cmsis_os2.o
 .debug_macro   0x00021a01      0x187 ./Middlewares/Third_Party/FreeRTOS/Source/list.o
 .debug_macro   0x00021b88      0x216 ./Middlewares/Third_Party/FreeRTOS/Source/queue.o
 .debug_macro   0x00021d9e       0x16 ./Middlewares/Third_Party/FreeRTOS/Source/queue.o
 .debug_macro   0x00021db4       0x87 ./Middlewares/Third_Party/FreeRTOS/Source/queue.o
 .debug_macro   0x00021e3b      0x27f ./Middlewares/Third_Party/FreeRTOS/Source/tasks.o
 .debug_macro   0x000220ba       0x10 ./Middlewares/Third_Party/FreeRTOS/Source/tasks.o
 .debug_macro   0x000220ca      0x1dc ./Middlewares/Third_Party/FreeRTOS/Source/timers.o
 .debug_macro   0x000222a6       0x97 ./Middlewares/Third_Party/FreeRTOS/Source/timers.o
 .debug_macro   0x0002233d      0x196 ./Middlewares/Third_Party/FreeRTOS/Source/portable/GCC/ARM_CM4F/port.o
 .debug_macro   0x000224d3      0x1ae ./Middlewares/Third_Party/FreeRTOS/Source/portable/MemMang/heap_4.o

.debug_line     0x00000000    0x19d6f
 .debug_line    0x00000000      0x87d ./Core/Src/freertos.o
 .debug_line    0x0000087d      0xb62 ./Core/Src/icm42688p.o
 .debug_line    0x000013df      0xfd8 ./Core/Src/main.o
 .debug_line    0x000023b7      0x96a ./Core/Src/stm32f4xx_hal_msp.o
 .debug_line    0x00002d21      0x96d ./Core/Src/stm32f4xx_it.o
 .debug_line    0x0000368e      0x7f9 ./Core/Src/system_stm32f4xx.o
 .debug_line    0x00003e87       0x7a ./Core/Startup/startup_stm32f405rgtx.o
 .debug_line    0x00003f01      0xa66 ./Drivers/STM32F4xx_HAL_Driver/Src/stm32f4xx_hal.o
 .debug_line    0x00004967      0xd36 ./Drivers/STM32F4xx_HAL_Driver/Src/stm32f4xx_hal_cortex.o
 .debug_line    0x0000569d      0x89b ./Drivers/STM32F4xx_HAL_Driver/Src/stm32f4xx_hal_crc.o
 .debug_line    0x00005f38      0xfd2 ./Drivers/STM32F4xx_HAL_Driver/Src/stm32f4xx_hal_dma.o
 .debug_line    0x00006f0a      0xbbe ./Drivers/STM32F4xx_HAL_Driver/Src/stm32f4xx_hal_gpio.o
 .debug_line    0x00007ac8      0xe75 ./Drivers/STM32F4xx_HAL_Driver/Src/stm32f4xx_hal_rcc.o
 .debug_line    0x0000893d     0x1d01 ./Drivers/STM32F4xx_HAL_Driver/Src/stm32f4xx_hal_spi.o
 .debug_line    0x0000a63e     0x37db ./Drivers/STM32F4xx_HAL_Driver/Src/stm32f4xx_hal_tim.o
 .debug_line    0x0000de19     0x19c6 ./Drivers/STM32F4xx_HAL_Driver/Src/stm32f4xx_hal_tim_ex.o
 .debug_line    0x0000f7df     0x25ae ./Drivers/STM32F4xx_HAL_Driver/Src/stm32f4xx_hal_uart.o
 .debug_line    0x00011d8d     0x254a ./Middlewares/Third_Party/FreeRTOS/Source/CMSIS_RTOS_V2/cmsis_os2.o
 .debug_line    0x000142d7      0x78c ./Middlewares/Third_Party/FreeRTOS/Source/list.o
 .debug_line    0x00014a63     0x16fd ./Middlewares/Third_Party/FreeRTOS/Source/queue.o
 .debug_line    0x00016160     0x1c8f ./Middlewares/Third_Party/FreeRTOS/Source/tasks.o
 .debug_line    0x00017def      0xdcc ./Middlewares/Third_Party/FreeRTOS/Source/timers.o
 .debug_line    0x00018bbb      0x811 ./Middlewares/Third_Party/FreeRTOS/Source/portable/GCC/ARM_CM4F/port.o
 .debug_line    0x000193cc      0x9a3 ./Middlewares/Third_Party/FreeRTOS/Source/portable/MemMang/heap_4.o

.debug_str      0x00000000    0xd0bb1
 .debug_str     0x00000000    0xd0bb1 ./Core/Src/freertos.o
                              0xbe786 (size before relaxing)
 .debug_str     0x000d0bb1    0xbf34e ./Core/Src/icm42688p.o
 .debug_str     0x000d0bb1    0xc8010 ./Core/Src/main.o
 .debug_str     0x000d0bb1    0xbbb13 ./Core/Src/stm32f4xx_hal_msp.o
 .debug_str     0x000d0bb1    0xbee3c ./Core/Src/stm32f4xx_it.o
 .debug_str     0x000d0bb1    0xba9a8 ./Core/Src/system_stm32f4xx.o
 .debug_str     0x000d0bb1       0x79 ./Core/Startup/startup_stm32f405rgtx.o
 .debug_str     0x000d0bb1    0xbb50b ./Drivers/STM32F4xx_HAL_Driver/Src/stm32f4xx_hal.o
 .debug_str     0x000d0bb1    0xbb287 ./Drivers/STM32F4xx_HAL_Driver/Src/stm32f4xx_hal_cortex.o
 .debug_str     0x000d0bb1    0xba9d6 ./Drivers/STM32F4xx_HAL_Driver/Src/stm32f4xx_hal_crc.o
 .debug_str     0x000d0bb1    0xbadc2 ./Drivers/STM32F4xx_HAL_Driver/Src/stm32f4xx_hal_dma.o
 .debug_str     0x000d0bb1    0xbab23 ./Drivers/STM32F4xx_HAL_Driver/Src/stm32f4xx_hal_gpio.o
 .debug_str     0x000d0bb1    0xbaddc ./Drivers/STM32F4xx_HAL_Driver/Src/stm32f4xx_hal_rcc.o
 .debug_str     0x000d0bb1    0xbb266 ./Drivers/STM32F4xx_HAL_Driver/Src/stm32f4xx_hal_spi.o
 .debug_str     0x000d0bb1    0xbbd32 ./Drivers/STM32F4xx_HAL_Driver/Src/stm32f4xx_hal_tim.o
 .debug_str     0x000d0bb1    0xbb53e ./Drivers/STM32F4xx_HAL_Driver/Src/stm32f4xx_hal_tim_ex.o
 .debug_str     0x000d0bb1    0xbb3bd ./Drivers/STM32F4xx_HAL_Driver/Src/stm32f4xx_hal_uart.o
 .debug_str     0x000d0bb1    0xc565c ./Middlewares/Third_Party/FreeRTOS/Source/CMSIS_RTOS_V2/cmsis_os2.o
 .debug_str     0x000d0bb1     0xac0b ./Middlewares/Third_Party/FreeRTOS/Source/list.o
 .debug_str     0x000d0bb1     0xc74b ./Middlewares/Third_Party/FreeRTOS/Source/queue.o
 .debug_str     0x000d0bb1     0xd232 ./Middlewares/Third_Party/FreeRTOS/Source/tasks.o
 .debug_str     0x000d0bb1     0xcc7d ./Middlewares/Third_Party/FreeRTOS/Source/timers.o
 .debug_str     0x000d0bb1     0x87b1 ./Middlewares/Third_Party/FreeRTOS/Source/portable/GCC/ARM_CM4F/port.o
 .debug_str     0x000d0bb1     0xb54d ./Middlewares/Third_Party/FreeRTOS/Source/portable/MemMang/heap_4.o

.comment        0x00000000       0x43
 .comment       0x00000000       0x43 ./Core/Src/freertos.o
                                 0x44 (size before relaxing)
 .comment       0x00000043       0x44 ./Core/Src/icm42688p.o
 .comment       0x00000043       0x44 ./Core/Src/main.o
 .comment       0x00000043       0x44 ./Core/Src/stm32f4xx_hal_msp.o
 .comment       0x00000043       0x44 ./Core/Src/stm32f4xx_it.o
 .comment       0x00000043       0x44 ./Core/Src/system_stm32f4xx.o
 .comment       0x00000043       0x44 ./Drivers/STM32F4xx_HAL_Driver/Src/stm32f4xx_hal.o
 .comment       0x00000043       0x44 ./Drivers/STM32F4xx_HAL_Driver/Src/stm32f4xx_hal_cortex.o
 .comment       0x00000043       0x44 ./Drivers/STM32F4xx_HAL_Driver/Src/stm32f4xx_hal_crc.o
 .comment       0x00000043       0x44 ./Drivers/STM32F4xx_HAL_Driver/Src/stm32f4xx_hal_dma.o
 .comment       0x00000043       0x44 ./Drivers/STM32F4xx_HAL_Driver/Src/stm32f4xx_hal_gpio.o
 .comment       0x00000043       0x44 ./Drivers/STM32F4xx_HAL_Driver/Src/stm32f4xx_hal_rcc.o
 .comment       0x00000043       0x44 ./Drivers/STM32F4xx_HAL_Driver/Src/stm32f4xx_hal_spi.o
 .comment       0x00000043       0x44 ./Drivers/STM32F4xx_HAL_Driver/Src/stm32f4xx_hal_tim.o
 .comment       0x00000043       0x44 ./Drivers/STM32F4xx_HAL_Driver/Src/stm32f4xx_hal_tim_ex.o
 .comment       0x00000043       0x44 ./Drivers/STM32F4xx_HAL_Driver/Src/stm32f4xx_hal_uart.o
 .comment       0x00000043       0x44 ./Middlewares/Third_Party/FreeRTOS/Source/CMSIS_RTOS_V2/cmsis_os2.o
 .comment       0x00000043       0x44 ./Middlewares/Third_Party/FreeRTOS/Source/list.o
 .comment       0x00000043       0x44 ./Middlewares/Third_Party/FreeRTOS/Source/queue.o
 .comment       0x00000043       0x44 ./Middlewares/Third_Party/FreeRTOS/Source/tasks.o
 .comment       0x00000043       0x44 ./Middlewares/Third_Party/FreeRTOS/Source/timers.o
 .comment       0x00000043       0x44 ./Middlewares/Third_Party/FreeRTOS/Source/portable/GCC/ARM_CM4F/port.o
 .comment       0x00000043       0x44 ./Middlewares/Third_Party/FreeRTOS/Source/portable/MemMang/heap_4.o

.debug_frame    0x00000000     0x63a0
 .debug_frame   0x00000000       0x50 ./Core/Src/freertos.o
 .debug_frame   0x00000050      0x214 ./Core/Src/icm42688p.o
 .debug_frame   0x00000264      0x250 ./Core/Src/main.o
 .debug_frame   0x000004b4      0x15c ./Core/Src/stm32f4xx_hal_msp.o
 .debug_frame   0x00000610      0x134 ./Core/Src/stm32f4xx_it.o
 .debug_frame   0x00000744       0x58 ./Core/Src/system_stm32f4xx.o
 .debug_frame   0x0000079c      0x374 ./Drivers/STM32F4xx_HAL_Driver/Src/stm32f4xx_hal.o
 .debug_frame   0x00000b10      0x508 ./Drivers/STM32F4xx_HAL_Driver/Src/stm32f4xx_hal_cortex.o
 .debug_frame   0x00001018      0x120 ./Drivers/STM32F4xx_HAL_Driver/Src/stm32f4xx_hal_crc.o
 .debug_frame   0x00001138      0x250 ./Drivers/STM32F4xx_HAL_Driver/Src/stm32f4xx_hal_dma.o
 .debug_frame   0x00001388      0x14c ./Drivers/STM32F4xx_HAL_Driver/Src/stm32f4xx_hal_gpio.o
 .debug_frame   0x000014d4      0x1f4 ./Drivers/STM32F4xx_HAL_Driver/Src/stm32f4xx_hal_rcc.o
 .debug_frame   0x000016c8      0x828 ./Drivers/STM32F4xx_HAL_Driver/Src/stm32f4xx_hal_spi.o
 .debug_frame   0x00001ef0     0x11c0 ./Drivers/STM32F4xx_HAL_Driver/Src/stm32f4xx_hal_tim.o
 .debug_frame   0x000030b0      0x638 ./Drivers/STM32F4xx_HAL_Driver/Src/stm32f4xx_hal_tim_ex.o
 .debug_frame   0x000036e8      0x954 ./Drivers/STM32F4xx_HAL_Driver/Src/stm32f4xx_hal_uart.o
 .debug_frame   0x0000403c      0xc08 ./Middlewares/Third_Party/FreeRTOS/Source/CMSIS_RTOS_V2/cmsis_os2.o
 .debug_frame   0x00004c44       0xd8 ./Middlewares/Third_Party/FreeRTOS/Source/list.o
 .debug_frame   0x00004d1c      0x5ec ./Middlewares/Third_Party/FreeRTOS/Source/queue.o
 .debug_frame   0x00005308      0x8f0 ./Middlewares/Third_Party/FreeRTOS/Source/tasks.o
 .debug_frame   0x00005bf8      0x400 ./Middlewares/Third_Party/FreeRTOS/Source/timers.o
 .debug_frame   0x00005ff8      0x1a8 ./Middlewares/Third_Party/FreeRTOS/Source/portable/GCC/ARM_CM4F/port.o
 .debug_frame   0x000061a0      0x12c ./Middlewares/Third_Party/FreeRTOS/Source/portable/MemMang/heap_4.o
 .debug_frame   0x000062cc       0x20 C:/ST/STM32CubeIDE_1.19.0/STM32CubeIDE/plugins/com.st.stm32cube.ide.mcu.externaltools.gnu-tools-for-stm32.13.3.rel1.win32_1.0.0.202411081344/tools/bin/../lib/gcc/arm-none-eabi/13.3.1/../../../../arm-none-eabi/lib/thumb/v7e-m+fp/hard\libc_nano.a(libc_a-memset.o)
 .debug_frame   0x000062ec       0x2c C:/ST/STM32CubeIDE_1.19.0/STM32CubeIDE/plugins/com.st.stm32cube.ide.mcu.externaltools.gnu-tools-for-stm32.13.3.rel1.win32_1.0.0.202411081344/tools/bin/../lib/gcc/arm-none-eabi/13.3.1/../../../../arm-none-eabi/lib/thumb/v7e-m+fp/hard\libc_nano.a(libc_a-init.o)
 .debug_frame   0x00006318       0x28 C:/ST/STM32CubeIDE_1.19.0/STM32CubeIDE/plugins/com.st.stm32cube.ide.mcu.externaltools.gnu-tools-for-stm32.13.3.rel1.win32_1.0.0.202411081344/tools/bin/../lib/gcc/arm-none-eabi/13.3.1/../../../../arm-none-eabi/lib/thumb/v7e-m+fp/hard\libc_nano.a(libc_a-memcpy-stub.o)
 .debug_frame   0x00006340       0x2c C:/ST/STM32CubeIDE_1.19.0/STM32CubeIDE/plugins/com.st.stm32cube.ide.mcu.externaltools.gnu-tools-for-stm32.13.3.rel1.win32_1.0.0.202411081344/tools/bin/../lib/gcc/arm-none-eabi/13.3.1/thumb/v7e-m+fp/hard\libgcc.a(_aeabi_uldivmod.o)
 .debug_frame   0x0000636c       0x34 C:/ST/STM32CubeIDE_1.19.0/STM32CubeIDE/plugins/com.st.stm32cube.ide.mcu.externaltools.gnu-tools-for-stm32.13.3.rel1.win32_1.0.0.202411081344/tools/bin/../lib/gcc/arm-none-eabi/13.3.1/thumb/v7e-m+fp/hard\libgcc.a(_udivmoddi4.o)

.debug_line_str
                0x00000000       0x5d
 .debug_line_str
                0x00000000       0x5d ./Core/Startup/startup_stm32f405rgtx.o