../Core/Src/main.c:127:5:main	1
../Core/Src/main.c:229:6:SystemClock_Config	3
../Core/Src/main.c:275:13:MX_CRC_Init	2
../Core/Src/main.c:301:13:MX_SPI1_Init	2
../Core/Src/main.c:339:13:MX_TIM1_Init	4
../Core/Src/main.c:385:13:MX_TIM2_Init	4
../Core/Src/main.c:430:13:MX_USART1_UART_Init	2
../Core/Src/main.c:463:13:MX_USART2_UART_Init	2
../Core/Src/main.c:494:13:MX_DMA_Init	1
../Core/Src/main.c:519:13:MX_GPIO_Init	1
../Core/Src/main.c:576:10:GetTimeUS_TIM	1
../Core/Src/main.c:584:6:HAL_TIM_PeriodElapsedCallback	2
../Core/Src/main.c:600:6:HAL_SPI_TxRxCpltCallback	2
../Core/Src/main.c:620:6:StartDefaultTask	1
../Core/Src/main.c:639:6:StartIMUTask	1
../Core/Src/main.c:659:6:StartPose	1
../Core/Src/main.c:679:6:StartSend	1
../Core/Src/main.c:694:6:Error_Handler	1
