../Core/Inc/mavlink/common/../checksum.h:35:20:crc_accumulate	24	static
../Core/Inc/mavlink/common/../checksum.h:52:20:crc_init	16	static
../Core/Inc/mavlink/common/../checksum.h:65:24:crc_calculate	24	static
../Core/Inc/mavlink/common/../checksum.h:85:20:crc_accumulate_buffer	32	static
../Core/Inc/mavlink/common/../mavlink_sha256.h:91:21:mavlink_sha256_init	16	static
../Core/Inc/mavlink/common/../mavlink_sha256.h:105:20:mavlink_sha256_calc	320	static
../Core/Inc/mavlink/common/../mavlink_sha256.h:152:21:mavlink_sha256_update	120	static
../Core/Inc/mavlink/common/../mavlink_sha256.h:192:21:mavlink_sha256_final_48	104	static
../Core/Inc/mavlink/common/../mavlink_helpers.h:23:34:mavlink_get_channel_status	16	static
../Core/Inc/mavlink/common/../mavlink_helpers.h:73:24:mavlink_sign_packet	144	static
../Core/Inc/mavlink/common/../mavlink_helpers.h:111:24:_mav_trim_payload	16	static
../Core/Inc/mavlink/common/../mavlink_helpers.h:223:25:mavlink_finalize_message_buffer	80	static
../Core/Inc/mavlink/common/../mavlink_helpers.h:292:25:mavlink_finalize_message_chan	40	static
../Core/Inc/mavlink/common/../mavlink_helpers.h:302:25:mavlink_finalize_message	32	static
../Core/Inc/mavlink/common/../mavlink_helpers.h:447:25:mavlink_msg_to_send_buffer	32	static
../Core/Inc/mavlink/common/./mavlink_msg_attitude.h:71:24:mavlink_msg_attitude_pack	88	static
../Core/Inc/mavlink/common/./mavlink_msg_attitude.h:208:24:mavlink_msg_attitude_encode	24	static
../Core/Inc/mavlink/common/../standard/../minimal/./mavlink_msg_heartbeat.h:66:24:mavlink_msg_heartbeat_pack	40	static
../Core/Inc/mavlink/common/../standard/../minimal/./mavlink_msg_heartbeat.h:193:24:mavlink_msg_heartbeat_encode	56	static
../Core/Inc/Fusion/FusionMath.h:136:21:FusionRadiansToDegrees	16	static
../Core/Inc/Fusion/FusionMath.h:148:21:FusionAsin	16	static
../Core/Inc/Fusion/FusionMath.h:216:28:FusionVectorSubtract	72	static
../Core/Inc/Fusion/FusionMath.h:255:28:FusionVectorHadamardProduct	72	static
../Core/Inc/Fusion/FusionMath.h:418:28:FusionMatrixMultiplyVector	64	static
../Core/Inc/Fusion/FusionMath.h:466:27:FusionQuaternionToEuler	72	static
../Core/Inc/Fusion/FusionCalibration.h:26:28:FusionCalibrationInertial	136	static
../Core/Src/main.c:149:5:main	40	static
../Core/Src/main.c:266:6:SystemClock_Config	88	static
../Core/Src/main.c:312:13:MX_CRC_Init	8	static
../Core/Src/main.c:338:13:MX_SPI1_Init	8	static
../Core/Src/main.c:376:13:MX_TIM1_Init	32	static
../Core/Src/main.c:422:13:MX_TIM2_Init	32	static
../Core/Src/main.c:467:13:MX_USART1_UART_Init	8	static
../Core/Src/main.c:500:13:MX_USART2_UART_Init	8	static
../Core/Src/main.c:531:13:MX_DMA_Init	16	static
../Core/Src/main.c:556:13:MX_GPIO_Init	48	static
../Core/Src/main.c:613:10:GetTimeUS_TIM	4	static
../Core/Src/main.c:621:6:HAL_TIM_PeriodElapsedCallback	16	static
../Core/Src/main.c:638:6:HAL_SPI_TxRxCpltCallback	16	static
../Core/Src/main.c:652:6:mavlink_send_heartbeat	320	static
../Core/Src/main.c:668:6:SendToPC	336	static
../Core/Src/main.c:704:6:StartDefaultTask	16	static
../Core/Src/main.c:727:6:StartIMUTask	16	static
../Core/Src/main.c:741:6:GetPose	96	static
../Core/Src/main.c:775:6:StartPose	16	static
../Core/Src/main.c:798:6:StartSend	16	static
../Core/Src/main.c:813:6:Error_Handler	4	static,ignoring_inline_asm
