../Core/Src/main.c:127:5:main	8	static
../Core/Src/main.c:229:6:SystemClock_Config	88	static
../Core/Src/main.c:275:13:MX_CRC_Init	8	static
../Core/Src/main.c:301:13:MX_SPI1_Init	8	static
../Core/Src/main.c:339:13:MX_TIM1_Init	32	static
../Core/Src/main.c:385:13:MX_TIM2_Init	32	static
../Core/Src/main.c:430:13:MX_USART1_UART_Init	8	static
../Core/Src/main.c:463:13:MX_USART2_UART_Init	8	static
../Core/Src/main.c:494:13:MX_DMA_Init	16	static
../Core/Src/main.c:519:13:MX_GPIO_Init	48	static
../Core/Src/main.c:576:10:GetTimeUS_TIM	4	static
../Core/Src/main.c:584:6:HAL_TIM_PeriodElapsedCallback	16	static
../Core/Src/main.c:600:6:HAL_SPI_TxRxCpltCallback	16	static
../Core/Src/main.c:620:6:StartDefaultTask	16	static
../Core/Src/main.c:639:6:StartIMUTask	16	static
../Core/Src/main.c:659:6:StartPose	16	static
../Core/Src/main.c:679:6:StartSend	16	static
../Core/Src/main.c:694:6:Error_Handler	4	static,ignoring_inline_asm
